C51 COMPILER V9.60.0.0   DELAY                                                             01/08/2021 19:05:38 PAGE 1   


C51 COMPILER V9.60.0.0, COMPILATION OF MODULE DELAY
OBJECT MODULE PLACED IN .\Out_File\delay.obj
COMPILER INVOKED BY: D:\Keil_v5\C51\BIN\C51.EXE ..\Libraries\delay.c LARGE OPTIMIZE(8,SPEED) BROWSE INCDIR(..\Device;..\
                    -Libraries;..\User) DEBUG OBJECTEXTEND PRINT(.\delay.lst) OBJECT(.\Out_File\delay.obj)

line level    source

   1          /*************  技术支持与购买说明    **************
   2          产品主页：http://tw51.haohaodada.com
   3          淘宝搜索：天问51，可购买。目前基础版99元，带彩屏标准备版149元
   4          技术支持QQ群一：1138055784
   5          ******************************************/
   6          
   7          
   8          #include "delay.h"
   9          #include "intrins.h"
  10          //========================================================================
  11          // 描述: 延迟1微秒.
  12          // 参数: none.
  13          // 返回: none.
  14          //========================================================================
  15          void delay1us()         //@24.000MHz
  16          {
  17   1              uint8 i;
  18   1      
  19   1              i = 3;
  20   1              while (--i);
  21   1      }
  22          //========================================================================
  23          // 描述: 延迟5微秒.
  24          // 参数: none.
  25          // 返回: none.
  26          //========================================================================
  27          void delay5us()         //@24.000MHz
  28          {
  29   1              uint8 i;
  30   1      
  31   1              i = 18;
  32   1              while (--i);
  33   1      }
  34          
  35          //========================================================================
  36          // 描述: 延迟10微秒.
  37          // 参数: none.
  38          // 返回: none.
  39          //========================================================================
  40          void delay10us()                //@24.000MHz
  41          {
  42   1              uint8 i;
  43   1      
  44   1              i = 38;
  45   1              while (--i);
  46   1      }
  47          
  48          //========================================================================
  49          // 描述: 延迟50微秒.
  50          // 参数: none.
  51          // 返回: none.
  52          //========================================================================
  53          void delay50us()                //@24.000MHz
  54          {
C51 COMPILER V9.60.0.0   DELAY                                                             01/08/2021 19:05:38 PAGE 2   

  55   1              uint8 i;
  56   1      
  57   1              i = 198;
  58   1              while (--i);
  59   1      }
  60          
  61          //========================================================================
  62          // 描述: 延迟100微秒.
  63          // 参数: none.
  64          // 返回: none.
  65          //========================================================================
  66          void delay100us()               //@24.000MHz
  67          {
  68   1              uint8 i, j;
  69   1      
  70   1              _nop_();
  71   1              i = 2;
  72   1              j = 90;
  73   1              do
  74   1              {
  75   2                      while (--j);
  76   2              } while (--i);
  77   1      }
  78          
  79          //========================================================================
  80          // 描述: 延迟1毫秒.
  81          // 参数: none.
  82          // 返回: none.
  83          //========================================================================
  84          void delay1ms() //1毫秒@24.000MHz
  85          {
  86   1        uint8 i, j;
  87   1        _nop_();
  88   1        i = 32;
  89   1        j = 40;
  90   1        do { while (--j);} while (--i);
  91   1      }
  92          
  93          //========================================================================
  94          // 描述: 延迟指定毫秒.
  95          // 参数: 延迟时间（0-65535）.
  96          // 返回: none.
  97          //========================================================================
  98          void delay(uint16 time)
  99          {
 100   1        do { delay1ms();} while (--time);
 101   1      }
 102          


MODULE INFORMATION:   STATIC OVERLAYABLE
   CODE SIZE        =     57    ----
   CONSTANT SIZE    =   ----    ----
   XDATA SIZE       =   ----    ----
   PDATA SIZE       =   ----    ----
   DATA SIZE        =   ----    ----
   IDATA SIZE       =   ----    ----
   BIT SIZE         =   ----    ----
END OF MODULE INFORMATION.


C51 COMPILATION COMPLETE.  0 WARNING(S),  0 ERROR(S)
