BL51 BANKED LINKER/LOCATER V6.22.2.0                                                    01/08/2021  22:17:33  PAGE 1


BL51 BANKED LINKER/LOCATER V6.22.2.0, INVOKED BY:
D:\KEIL_V5\C51\BIN\BL51.EXE .\Out_File\main.obj, .\Out_File\game_2048.obj, .\Out_File\delay.obj, .\Out_File\sys.obj, .\O
>> ut_File\timer.obj, .\Out_File\hc595.obj, .\Out_File\led8.obj, .\Out_File\matrix.obj, .\Out_File\nixietube.obj, .\Out_
>> File\keyboard.obj, .\Out_File\lcd1602.obj, .\Out_File\hardiic.obj, .\Out_File\oled.obj, .\Out_File\dht11.obj, .\Out_F
>> ile\tftlcd.obj, .\Out_File\gui.obj, .\Out_File\touch.obj, .\Out_File\ADC.obj, .\Out_File\eeprom.obj, .\Out_File\GPIO.
>> obj, .\Out_File\PWM.obj, .\Out_File\ir.obj, .\Out_File\pcf8563.obj TO .\Out_File\stc_demo PRINT (.\stc_demo.m51) RAMS
>> IZE (256) DISABLEWARNING (16)


MEMORY MODEL: LARGE WITH FLOATING POINT ARITHMETIC


INPUT MODULES INCLUDED:
  .\Out_File\main.obj (MAIN)
  .\Out_File\game_2048.obj (GAME_2048)
  .\Out_File\delay.obj (DELAY)
  .\Out_File\sys.obj (SYS)
  .\Out_File\timer.obj (TIMER)
  .\Out_File\hc595.obj (HC595)
  .\Out_File\led8.obj (LED8)
  .\Out_File\matrix.obj (MATRIX)
  .\Out_File\nixietube.obj (NIXIETUBE)
  .\Out_File\keyboard.obj (KEYBOARD)
  .\Out_File\lcd1602.obj (LCD1602)
  .\Out_File\hardiic.obj (HARDIIC)
  .\Out_File\oled.obj (OLED)
  .\Out_File\dht11.obj (DHT11)
  .\Out_File\tftlcd.obj (TFTLCD)
  .\Out_File\gui.obj (GUI)
  .\Out_File\touch.obj (TOUCH)
  .\Out_File\ADC.obj (ADC)
  .\Out_File\eeprom.obj (EEPROM)
  .\Out_File\GPIO.obj (GPIO)
  .\Out_File\PWM.obj (PWM)
  .\Out_File\ir.obj (IR)
  .\Out_File\pcf8563.obj (PCF8563)
  D:\KEIL_V5\C51\LIB\C51FPL.LIB (?C?FPADD)
  D:\KEIL_V5\C51\LIB\C51FPL.LIB (?C?FPMUL)
  D:\KEIL_V5\C51\LIB\C51FPL.LIB (?C?FPDIV)
  D:\KEIL_V5\C51\LIB\C51FPL.LIB (?C?FPCMP)
  D:\KEIL_V5\C51\LIB\C51FPL.LIB (?C?FCAST)
  D:\KEIL_V5\C51\LIB\C51FPL.LIB (?C?CASTF)
  D:\KEIL_V5\C51\LIB\C51FPL.LIB (PRINTF)
  D:\KEIL_V5\C51\LIB\C51FPL.LIB (FABS)
  D:\KEIL_V5\C51\LIB\C51FPL.LIB (SQRT)
  D:\KEIL_V5\C51\LIB\C51FPL.LIB (SIN)
  D:\KEIL_V5\C51\LIB\C51FPL.LIB (?C?FPGETOPN)
  D:\KEIL_V5\C51\LIB\C51FPL.LIB (?C?FPROUND)
  D:\KEIL_V5\C51\LIB\C51FPL.LIB (?C?FPCONVERT)
  D:\KEIL_V5\C51\LIB\C51FPL.LIB (?C?FPSERIES)
  D:\KEIL_V5\C51\LIB\C51FPL.LIB (?C?FTNPWR)
  D:\KEIL_V5\C51\LIB\C51L.LIB (?C_STARTUP)
  D:\KEIL_V5\C51\LIB\C51L.LIB (?C?COPY)
  D:\KEIL_V5\C51\LIB\C51L.LIB (?C?CLDPTR)
  D:\KEIL_V5\C51\LIB\C51L.LIB (?C?CLDOPTR)
  D:\KEIL_V5\C51\LIB\C51L.LIB (?C?CSTPTR)
  D:\KEIL_V5\C51\LIB\C51L.LIB (?C?CSTOPTR)
  D:\KEIL_V5\C51\LIB\C51L.LIB (?C?IMUL)
BL51 BANKED LINKER/LOCATER V6.22.2.0                                                  01/08/2021  22:17:33  PAGE 2


  D:\KEIL_V5\C51\LIB\C51L.LIB (?C?UIDIV)
  D:\KEIL_V5\C51\LIB\C51L.LIB (?C?SIDIV)
  D:\KEIL_V5\C51\LIB\C51L.LIB (?C?IILDX)
  D:\KEIL_V5\C51\LIB\C51L.LIB (?C?ILDIX)
  D:\KEIL_V5\C51\LIB\C51L.LIB (?C?ILDPTR)
  D:\KEIL_V5\C51\LIB\C51L.LIB (?C?IILDPTR)
  D:\KEIL_V5\C51\LIB\C51L.LIB (?C?ISTPTR)
  D:\KEIL_V5\C51\LIB\C51L.LIB (?C?ISTOPTR)
  D:\KEIL_V5\C51\LIB\C51L.LIB (?C?LMUL)
  D:\KEIL_V5\C51\LIB\C51L.LIB (?C?ULDIV)
  D:\KEIL_V5\C51\LIB\C51L.LIB (?C?SLDIV)
  D:\KEIL_V5\C51\LIB\C51L.LIB (?C?LNEG)
  D:\KEIL_V5\C51\LIB\C51L.LIB (?C?ULCMP)
  D:\KEIL_V5\C51\LIB\C51L.LIB (?C?ULSHR)
  D:\KEIL_V5\C51\LIB\C51L.LIB (?C?LLDXDATA)
  D:\KEIL_V5\C51\LIB\C51L.LIB (?C?LLDCODE)
  D:\KEIL_V5\C51\LIB\C51L.LIB (?C?LLDXDATA0)
  D:\KEIL_V5\C51\LIB\C51L.LIB (?C?LLDCODE0)
  D:\KEIL_V5\C51\LIB\C51L.LIB (?C?LSTXDATA)
  D:\KEIL_V5\C51\LIB\C51L.LIB (?C?LSTKXDATA)
  D:\KEIL_V5\C51\LIB\C51L.LIB (?C?OFFXADD)
  D:\KEIL_V5\C51\LIB\C51L.LIB (?C?PLDIXDATA)
  D:\KEIL_V5\C51\LIB\C51L.LIB (?C?PSTXDATA)
  D:\KEIL_V5\C51\LIB\C51L.LIB (?C?CCASE)
  D:\KEIL_V5\C51\LIB\C51L.LIB (?C?ICASE)
  D:\KEIL_V5\C51\LIB\C51L.LIB (PUTCHAR)
  D:\KEIL_V5\C51\LIB\C51L.LIB (RAND)
  D:\KEIL_V5\C51\LIB\C51L.LIB (STRLEN)
  D:\KEIL_V5\C51\LIB\C51L.LIB (?C_INIT)


LINK MAP OF MODULE:  .\Out_File\stc_demo (MAIN)


            TYPE    BASE      LENGTH    RELOCATION   SEGMENT NAME
            -----------------------------------------------------

            * * * * * * *   D A T A   M E M O R Y   * * * * * * *
            REG     0000H     0008H     ABSOLUTE     "REG BANK 0"
            DATA    0008H     0005H     UNIT         _DATA_GROUP_
                    000DH     0013H                  *** GAP ***
            BIT     0020H.0   0001H.1   UNIT         _BIT_GROUP_
            BIT     0021H.1   0000H.3   UNIT         ?BI?IR
            BIT     0021H.4   0000H.1   UNIT         ?BI?SIN?SIN
                    0021H.5   0000H.3                *** GAP ***
            IDATA   0022H     0001H     UNIT         ?STACK

            * * * * * * *  X D A T A   M E M O R Y  * * * * * * *
            XDATA   0000H     0227H     UNIT         ?XD?GAME_2048
            XDATA   0227H     0206H     UNIT         ?XD?MAIN
            XDATA   042DH     0200H     UNIT         ?XD?OLED
            XDATA   062DH     006EH     UNIT         _XDATA_GROUP_
            XDATA   069BH     002AH     UNIT         ?XD?_TFT_LCD_FILL_TRIANGEL?TFTLCD
            XDATA   06C5H     0023H     UNIT         ?XD?TOUCH_ADJUST?TOUCH
            XDATA   06E8H     0021H     UNIT         ?XD?_TFT_LCD_DRAW_LINE1?TFTLCD
            XDATA   0709H     001EH     UNIT         ?XD?_CALENDAR_CIRCLE_CLOCK_SHOWTIME?GUI
            XDATA   0727H     0018H     UNIT         ?XD?_CALENDAR_CIRCLE_CLOCK_DRAWPANEL?GUI
BL51 BANKED LINKER/LOCATER V6.22.2.0                                                  01/08/2021  22:17:33  PAGE 3


            XDATA   073FH     0016H     UNIT         ?XD?_TFT_LCD_SHOW_NUM?TFTLCD
            XDATA   0755H     0015H     UNIT         ?XD?KEYBOARD
            XDATA   076AH     0014H     UNIT         ?XD?_LCD1602_SHOW_NUM?LCD1602
            XDATA   077EH     0014H     UNIT         ?XD?_OSCILLOSCOPE_AXIS?GUI
            XDATA   0792H     0013H     UNIT         ?XD?TFTLCD
            XDATA   07A5H     0012H     UNIT         ?XD?NIXIETUBE
            XDATA   07B7H     0012H     UNIT         ?XD?TOUCH_READ_RAW_X?TOUCH
            XDATA   07C9H     0012H     UNIT         ?XD?TOUCH_READ_RAW_Y?TOUCH
            XDATA   07DBH     0012H     UNIT         ?XD?TOUCH
            XDATA   07EDH     0011H     UNIT         ?XD?_OLED_SHOW_NUM?OLED
            XDATA   07FEH     0011H     UNIT         ?XD?_TFT_LCD_DRAW_CIRCLE?TFTLCD
            XDATA   080FH     0010H     UNIT         ?XD?_TFT_LCD_SHOW_FONT12?TFTLCD
            XDATA   081FH     0010H     UNIT         ?XD?_TFT_LCD_SHOW_FONT16?TFTLCD
            XDATA   082FH     0010H     UNIT         ?XD?_TFT_LCD_SHOW_FONT24?TFTLCD
            XDATA   083FH     000EH     UNIT         ?XD?_TFT_LCD_DRAW_TRIANGEL?TFTLCD
            XDATA   084DH     000EH     UNIT         ?XD?_TFT_LCD_DRAW_BMP16?TFTLCD
            XDATA   085BH     000EH     UNIT         ?XD?_TP_READ_XY2?TOUCH
            XDATA   0869H     000DH     UNIT         ?XD?_NIX_DISPLAY_NUM?NIXIETUBE
            XDATA   0876H     000BH     UNIT         ?XD?_OLED_SHOW_FONT12?OLED
            XDATA   0881H     000BH     UNIT         ?XD?_OLED_SHOW_FONT16?OLED
            XDATA   088CH     000BH     UNIT         ?XD?_OLED_SHOW_FONT24?OLED
            XDATA   0897H     000BH     UNIT         ?XD?_OLED_SHOW_FONT32?OLED
            XDATA   08A2H     000BH     UNIT         ?XD?_EEPROM_WRITE?EEPROM
            XDATA   08ADH     000BH     UNIT         ?XD?_PWM_INIT?PWM
            XDATA   08B8H     000AH     UNIT         ?XD?_TFT_DRAW_CIRCLE_8?TFTLCD
            XDATA   08C2H     000AH     UNIT         ?XD?_PCF8563_WRITE_RTC?PCF8563
            XDATA   08CCH     0009H     UNIT         ?XD?_OLED_SHOW_BMP?OLED
            XDATA   08D5H     0009H     UNIT         ?XD?_DHT11_READ_DATA?DHT11
            XDATA   08DEH     0009H     UNIT         ?XD?_PWM_FREQ_DUTY?PWM
            XDATA   08E7H     0009H     UNIT         ?XD?IR
            XDATA   08F0H     0008H     UNIT         ?XD?_MATRIX_DISPLAY?MATRIX
            XDATA   08F8H     0008H     UNIT         ?XD?DHT11_READ_TEMP?DHT11
            XDATA   0900H     0008H     UNIT         ?XD?OSCILLOSCOPE_SIN?GUI
            XDATA   0908H     0007H     UNIT         ?XD?_MATRIX_RUN?MATRIX
            XDATA   090FH     0007H     UNIT         ?XD?_LCD1602_SHOW_STRING?LCD1602
            XDATA   0916H     0007H     UNIT         ?XD?_TOUCH_GET_POINT?TOUCH
            XDATA   091DH     0007H     UNIT         ?XD?_GET_WEEKDAY?PCF8563
            XDATA   0924H     0006H     UNIT         ?XD?_NIX_DISPLAY_BUF?NIXIETUBE
            XDATA   092AH     0006H     UNIT         ?XD?_HARDIIC_READ_NBYTE?HARDIIC
            XDATA   0930H     0006H     UNIT         ?XD?_HARDIIC_WRITE_NBYTE?HARDIIC
            XDATA   0936H     0006H     UNIT         ?XD?_OLED_SHOW_STRING?OLED
            XDATA   093CH     0006H     UNIT         ?XD?_TFT_SWAP?TFTLCD
            XDATA   0942H     0006H     UNIT         ?XD?_TP_DROW_TOUCH_POINT?TOUCH
            XDATA   0948H     0006H     UNIT         ?XD?_EEPROM_READ?EEPROM
            XDATA   094EH     0006H     UNIT         ?XD?_EEPROM_WRITE_FLOAT?EEPROM
            XDATA   0954H     0005H     UNIT         ?XD?_PWM_DUTY?PWM
            XDATA   0959H     0005H     UNIT         ?XD?_IR_SEND_NEC?IR
            XDATA   095EH     0004H     UNIT         ?XD?SYS
            XDATA   0962H     0004H     UNIT         ?XD?_OLED_SHOW_CHAR?OLED
            XDATA   0966H     0004H     UNIT         ?XD?DHT11_READ_HUMIDITY?DHT11
            XDATA   096AH     0004H     UNIT         ?XD?TFT_LCD_RD_DATA_16BIT?TFTLCD
            XDATA   096EH     0004H     UNIT         ?XD?TOUCH_READ_PRESSURE?TOUCH
            XDATA   0972H     0004H     UNIT         ?XD?TOUCH_READ_X?TOUCH
            XDATA   0976H     0004H     UNIT         ?XD?TOUCH_READ_Y?TOUCH
            XDATA   097AH     0004H     UNIT         ?XD?_EEPROM_READ_FLOAT?EEPROM
            XDATA   097EH     0004H     UNIT         ?XD?SQRT?SQRT
            XDATA   0982H     0004H     UNIT         ?XD?SIN?SIN
BL51 BANKED LINKER/LOCATER V6.22.2.0                                                  01/08/2021  22:17:33  PAGE 4


            XDATA   0986H     0004H     UNIT         ?XD?RAND?RAND
            XDATA   098AH     0003H     UNIT         ?XD?_HC595_BIT_SELECT?HC595
            XDATA   098DH     0003H     UNIT         ?XD?GUI
            XDATA   0990H     0002H     UNIT         ?XD?HC595_ENABLE_NIX?HC595
            XDATA   0992H     0002H     UNIT         ?XD?HC595_ENABLE_MATRIX?HC595
            XDATA   0994H     0002H     UNIT         ?XD?HC595_BIT_DISABLE?HC595
            XDATA   0996H     0002H     UNIT         ?XD?LED8
            XDATA   0998H     0002H     UNIT         ?XD?OLED_DISPLAY?OLED
            XDATA   099AH     0002H     UNIT         ?XD?DHT11_READ_BYTE?DHT11
            XDATA   099CH     0002H     UNIT         ?XD?_TFT_LCD_READ_POINT?TFTLCD
            XDATA   099EH     0002H     UNIT         ?XD?_TFT_GUI_DRAWPOINT?TFTLCD
            XDATA   09A0H     0002H     UNIT         ?XD?_EEPROM_SECTOR_ERASE?EEPROM
            XDATA   09A2H     0002H     UNIT         ?XD?_EEPROM_READ_INT?EEPROM
            XDATA   09A4H     0002H     UNIT         ?XD?_EEPROM_WRITE_INT?EEPROM
            XDATA   09A6H     0002H     UNIT         ?XD?_IR_TX_MARK?IR
            XDATA   09A8H     0002H     UNIT         ?XD?_IR_TX_SPACE?IR
            XDATA   09AAH     0001H     UNIT         ?XD?_LCD1602_WRITE_DATA?LCD1602
            XDATA   09ABH     0001H     UNIT         ?XD?_LCD1602_WRITE_COMMAND?LCD1602
            XDATA   09ACH     0001H     UNIT         ?XD?_LCD1602_SHOW_CHAR?LCD1602
            XDATA   09ADH     0001H     UNIT         ?XD?_OLED_WRITE_COMMAND?OLED
            XDATA   09AEH     0001H     UNIT         ?XD?_OLED_WRITE_DATA?OLED
            XDATA   09AFH     0001H     UNIT         ?XD?_OLED_WR_BYTE?OLED
            XDATA   09B0H     0001H     UNIT         ?XD?_OLED_SET_POS?OLED
            XDATA   09B1H     0001H     UNIT         ?XD?DHT11_CHECK?DHT11
            XDATA   09B2H     0001H     UNIT         ?XD?DHT11_READ_BIT?DHT11
            XDATA   09B3H     0001H     UNIT         ?XD?ADC

            * * * * * * *   C O D E   M E M O R Y   * * * * * * *
            CODE    0000H     0003H     ABSOLUTE     
            CODE    0003H     0007H     UNIT         ?PR?DISABLE_IR_OUT?IR
                    000AH     0001H                  *** GAP ***
            CODE    000BH     0003H     ABSOLUTE     
            CODE    000EH     0092H     UNIT         ?PR?IO_KEYSCAN?KEYBOARD
            CODE    00A0H     0003H     UNIT         ?PR?MATRIX_INIT?MATRIX
            CODE    00A3H     0003H     ABSOLUTE     
            CODE    00A6H     0E95H     UNIT         ?PR?_CALENDAR_CIRCLE_CLOCK_SHOWTIME?GUI
            CODE    0F3BH     0B29H     UNIT         ?PR?TOUCH_ADJUST?TOUCH
            CODE    1A64H     0B00H     UNIT         ?C?LIB_CODE
            CODE    2564H     0A6BH     UNIT         ?CO?TFTLCD
            CODE    2FCFH     0771H     UNIT         ?PR?_CALENDAR_CIRCLE_CLOCK_DRAWPANEL?GUI
            CODE    3740H     0573H     UNIT         ?PR?_OSCILLOSCOPE_AXIS?GUI
            CODE    3CB3H     0569H     UNIT         ?PR?GAME2048_RUN?GAME_2048
            CODE    421CH     04FEH     UNIT         ?CO?OLED
            CODE    471AH     04FAH     UNIT         ?PR?_TFT_LCD_FILL_TRIANGEL?TFTLCD
            CODE    4C14H     04C6H     UNIT         ?PR?_TFT_LCD_SHOW_FONT32?TFTLCD
            CODE    50DAH     0485H     UNIT         ?PR?_TFT_LCD_SHOW_FONT24?TFTLCD
            CODE    555FH     0483H     UNIT         ?PR?PRINTF?PRINTF
            CODE    59E2H     0480H     UNIT         ?PR?_TFT_LCD_SHOW_FONT16?TFTLCD
            CODE    5E62H     039FH     UNIT         ?PR?_TFT_LCD_SHOW_FONT12?TFTLCD
            CODE    6201H     039BH     UNIT         ?PR?TOUCH_READ_RAW_X?TOUCH
            CODE    659CH     039BH     UNIT         ?PR?TOUCH_READ_RAW_Y?TOUCH
            CODE    6937H     0371H     UNIT         ?PR?MOVELEFT?GAME_2048
            CODE    6CA8H     0370H     UNIT         ?PR?MOVERIGHT?GAME_2048
            CODE    7018H     0346H     UNIT         ?PR?MOVEUP?GAME_2048
            CODE    735EH     0345H     UNIT         ?PR?MOVEDOWN?GAME_2048
            CODE    76A3H     0327H     UNIT         ?PR?_TFT_LCD_DRAW_LINE1?TFTLCD
            CODE    79CAH     02D3H     UNIT         ?PR?_PWM_INIT?PWM
BL51 BANKED LINKER/LOCATER V6.22.2.0                                                  01/08/2021  22:17:33  PAGE 5


            CODE    7C9DH     02B1H     UNIT         ?PR?_PINMODE?GPIO
            CODE    7F4EH     02A6H     UNIT         ?PR?_OLED_SHOW_FONT32?OLED
            CODE    81F4H     029DH     UNIT         ?PR?_OLED_SHOW_FONT24?OLED
            CODE    8491H     029AH     UNIT         ?PR?_OLED_SHOW_FONT16?OLED
            CODE    872BH     0283H     UNIT         ?C_INITSEG
            CODE    89AEH     0266H     UNIT         ?PR?_OLED_SHOW_FONT12?OLED
            CODE    8C14H     0246H     UNIT         ?PR?_TFT_LCD_SHOW_CHAR?TFTLCD
            CODE    8E5AH     021EH     UNIT         ?PR?_TFT_LCD_DRAW_LINE?TFTLCD
            CODE    9078H     01EEH     UNIT         ?PR?TFT_LCD_INIT?TFTLCD
            CODE    9266H     01E4H     UNIT         ?PR?_TOUCH_GET_POINT?TOUCH
            CODE    944AH     01E2H     UNIT         ?PR?_TFT_LCD_DRAW_CIRCLE?TFTLCD
            CODE    962CH     01CAH     UNIT         ?PR?_NIX_DISPLAY_NUM?NIXIETUBE
            CODE    97F6H     01C7H     UNIT         ?PR?GAME2048_INIT?GAME_2048
            CODE    99BDH     0191H     UNIT         ?PR?_PWM_SET_GPIO?PWM
            CODE    9B4EH     0188H     UNIT         ?PR?ISOVER?GAME_2048
            CODE    9CD6H     0188H     UNIT         ?PR?SIN?SIN
            CODE    9E5EH     016FH     UNIT         ?PR?_PWM_FREQ_DUTY?PWM
            CODE    9FCDH     015DH     UNIT         ?PR?_TP_DROW_TOUCH_POINT?TOUCH
            CODE    A12AH     0150H     UNIT         ?PR?_PWM_DUTY?PWM
            CODE    A27AH     0141H     UNIT         ?PR?OSCILLOSCOPE_SIN?GUI
            CODE    A3BBH     013DH     UNIT         ?PR?_TFT_DRAW_CIRCLE_8?TFTLCD
            CODE    A4F8H     012EH     UNIT         ?PR?_IR_SEND_NEC?IR
            CODE    A626H     012DH     UNIT         ?PR?_TFT_LCD_DIRECTION?TFTLCD
            CODE    A753H     0125H     UNIT         ?PR?_TP_READ_XY2?TOUCH
            CODE    A878H     011AH     UNIT         ?PR?_EEPROM_WRITE?EEPROM
            CODE    A992H     0113H     UNIT         ?PR?_TFT_LCD_FILL?TFTLCD
            CODE    AAA5H     00F8H     UNIT         ?PR?_PCF8563_WRITE_RTC?PCF8563
            CODE    AB9DH     00F4H     UNIT         ?PR?IR_REC_CALLBACK?IR
            CODE    AC91H     00ECH     UNIT         ?PR?_OLED_SHOW_CHAR?OLED
            CODE    AD7DH     00EBH     UNIT         ?PR?_GET_WEEKDAY?PCF8563
            CODE    AE68H     00E6H     UNIT         ?PR?_TFT_LCD_DRAW_RECTANGLE?TFTLCD
            CODE    AF4EH     00E2H     UNIT         ?PR?TOUCH_READ_PRESSURE?TOUCH
            CODE    B030H     00D8H     UNIT         ?PR?_TFT_LCD_DRAW_BMP16?TFTLCD
            CODE    B108H     00C8H     UNIT         ?PR?_PCF8563_READ_RTC?PCF8563
            CODE    B1D0H     00BDH     UNIT         ?PR?DHT11_READ_TEMP?DHT11
            CODE    B28DH     00BCH     UNIT         ?PR?GENERATE_RANDNUM?GAME_2048
            CODE    B349H     00B1H     UNIT         ?PR?_DHT11_READ_DATA?DHT11
            CODE    B3FAH     00ADH     UNIT         ?PR?OLED_INIT?OLED
            CODE    B4A7H     00ACH     UNIT         ?PR?SQRT?SQRT
            CODE    B553H     00ABH     UNIT         ?PR?_OLED_SET_PIXEL?OLED
            CODE    B5FEH     00A3H     UNIT         ?PR?_TFT_LCD_DRAW_TRIANGEL?TFTLCD
            CODE    B6A1H     009BH     UNIT         ?PR?_MATRIX_DISPLAY?MATRIX
            CODE    B73CH     009AH     UNIT         ?PR?TOUCH_READ_X?TOUCH
            CODE    B7D6H     009AH     UNIT         ?PR?TOUCH_READ_Y?TOUCH
            CODE    B870H     0097H     UNIT         ?PR?_TFT_LCD_SHOW_STRING?TFTLCD
            CODE    B907H     008CH     UNIT         ?C_C51STARTUP
            CODE    B993H     0082H     UNIT         ?PR?TFT_LCD_RD_DATA_16BIT?TFTLCD
            CODE    BA15H     0080H     UNIT         ?PR?_TFT_LCD_SET_WINDOWS?TFTLCD
            CODE    BA95H     007CH     UNIT         ?PR?_OLED_SHOW_BMP?OLED
            CODE    BB11H     0077H     UNIT         ?PR?_GAME2048_UPDATESTATUS?GAME_2048
            CODE    BB88H     0077H     UNIT         ?CO?GAME_2048
            CODE    BBFFH     0076H     UNIT         ?PR?_TFT_LCD_SHOW_NUM?TFTLCD
            CODE    BC75H     0073H     UNIT         ?PR?MAIN?MAIN
            CODE    BCE8H     0073H     UNIT         ?PR?TIMER0_INTERRUPT?MAIN
            CODE    BD5BH     0073H     UNIT         ?PR?SETDATA?GAME_2048
            CODE    BDCEH     0073H     UNIT         ?PR?_MATRIX_RUN?MATRIX
            CODE    BE41H     0072H     UNIT         ?PR?_ADC_INIT?ADC
BL51 BANKED LINKER/LOCATER V6.22.2.0                                                  01/08/2021  22:17:33  PAGE 6


            CODE    BEB3H     006FH     UNIT         ?PR?_EEPROM_READ?EEPROM
            CODE    BF22H     006DH     UNIT         ?PR?_NIX_DISPLAY_BUF?NIXIETUBE
            CODE    BF8FH     006BH     UNIT         ?PR?OLED_DISPLAY?OLED
            CODE    BFFAH     0064H     UNIT         ?PR?_LCD1602_SHOW_STRING?LCD1602
            CODE    C05EH     0064H     UNIT         ?PR?_PCF8563_READ_NBYTE?PCF8563
            CODE    C0C2H     005FH     UNIT         ?PR?_OLED_SHOW_STRING?OLED
            CODE    C121H     005DH     UNIT         ?PR?DHT11_CHECK?DHT11
            CODE    C17EH     005CH     UNIT         ?PR?LCD1602_INIT?LCD1602
            CODE    C1DAH     005BH     UNIT         ?PR?_PULLMODE?GPIO
            CODE    C235H     0057H     UNIT         ?PR?LED8_RUN?LED8
            CODE    C28CH     0057H     UNIT         ?PR?_TFT_SWAP?TFTLCD
            CODE    C2E3H     0055H     UNIT         ?PR?_TFT_LCD_CLEAR?TFTLCD
            CODE    C338H     0053H     UNIT         ?PR?_HC595_SEND_MULTI_BYTE?HC595
            CODE    C38BH     004EH     UNIT         ?PR?_TFT_LCD_SET_CURSOR?TFTLCD
            CODE    C3D9H     004DH     UNIT         ?PR?RAND?RAND
            CODE    C426H     004AH     UNIT         ?PR?_HC595_BIT_SELECT?HC595
            CODE    C470H     004AH     UNIT         ?PR?_LCD1602_SHOW_NUM?LCD1602
            CODE    C4BAH     004AH     UNIT         ?PR?_TFT_LCD_READREG?TFTLCD
            CODE    C504H     004AH     UNIT         ?PR?_TFT_LCD_READ_POINT?TFTLCD
            CODE    C54EH     0049H     UNIT         ?PR?_PCF8563_WRITE_NBYTE?PCF8563
            CODE    C597H     0046H     UNIT         ?PR?DHT11_READ_BIT?DHT11
            CODE    C5DDH     0046H     UNIT         ?PR?_TFT_LCD_DRAW_POINT?TFTLCD
            CODE    C623H     0044H     UNIT         ?PR?RESTART?GAME_2048
            CODE    C667H     0044H     UNIT         ?C?LDIV
            CODE    C6ABH     0041H     UNIT         ?PR?TIMER4_INTERRUPT?MAIN
            CODE    C6ECH     0040H     UNIT         ?PR?_HC595_SEND_BYTE?HC595
            CODE    C72CH     0040H     UNIT         ?PR?_TOUCH_INIT?TOUCH
            CODE    C76CH     0040H     UNIT         ?PR?_ADC_READ?ADC
            CODE    C7ACH     003BH     UNIT         ?PR?_LCD1602_WRITE_DATA?LCD1602
            CODE    C7E7H     003BH     UNIT         ?PR?_LCD1602_WRITE_COMMAND?LCD1602
            CODE    C822H     003AH     UNIT         ?PR?OLED_CLEAR?OLED
            CODE    C85CH     003AH     UNIT         ?PR?_OLED_FILL?OLED
            CODE    C896H     003AH     UNIT         ?PR?_OLED_SHOW_NUM?OLED
            CODE    C8D0H     0039H     UNIT         ?PR?_HARDIIC_READ_NBYTE?HARDIIC
            CODE    C909H     0038H     UNIT         ?PR?DHT11_READ_BYTE?DHT11
            CODE    C941H     0037H     UNIT         ?CO?TOUCH
            CODE    C978H     0033H     UNIT         ?PR?_HARDIIC_WRITE_NBYTE?HARDIIC
            CODE    C9ABH     0033H     UNIT         ?PR?_TFT_GUI_DRAWPOINT?TFTLCD
            CODE    C9DEH     0032H     UNIT         ?PR?TFT_LCD_READ_ID?TFTLCD
            CODE    CA10H     0032H     UNIT         ?PR?_EEPROM_SECTOR_ERASE?EEPROM
            CODE    CA42H     002DH     UNIT         ?PR?INITMCU?SYS
            CODE    CA6FH     0027H     UNIT         ?PR?PUTCHAR?PUTCHAR
            CODE    CA96H     0026H     UNIT         ?PR?_OLED_WRITE_COMMAND?OLED
            CODE    CABCH     0026H     UNIT         ?PR?_OLED_WRITE_DATA?OLED
            CODE    CAE2H     0026H     UNIT         ?PR?_OLED_SET_POS?OLED
            CODE    CB08H     0025H     UNIT         ?PR?TFT_LCD_SET_GPIO?TFTLCD
            CODE    CB2DH     0025H     UNIT         ?PR?_TFT_LCD_FILL_RECTANGLE?TFTLCD
            CODE    CB52H     0025H     UNIT         ?PR?_ENABLE_IR_OUT?IR
            CODE    CB77H     0024H     UNIT         ?PR?HARDIIC_WAIT_ACK?HARDIIC
            CODE    CB9BH     0023H     UNIT         ?PR?_LCD1602_SHOW_CHAR?LCD1602
            CODE    CBBEH     0020H     UNIT         ?PR?HC595_DISABLE?HC595
            CODE    CBDEH     0020H     UNIT         ?PR?HC595_ENABLE_NIX?HC595
            CODE    CBFEH     0020H     UNIT         ?PR?HC595_ENABLE_MATRIX?HC595
            CODE    CC1EH     0020H     UNIT         ?PR?HC595_BIT_DISABLE?HC595
            CODE    CC3EH     001FH     UNIT         ?PR?_TFT_COLOR_TO_565?TFTLCD
            CODE    CC5DH     001FH     UNIT         ?PR?EEPROM_TRIG?EEPROM
            CODE    CC7CH     001DH     UNIT         ?PR?NIX_INIT?NIXIETUBE
BL51 BANKED LINKER/LOCATER V6.22.2.0                                                  01/08/2021  22:17:33  PAGE 7


            CODE    CC99H     001CH     UNIT         ?PR?_IR_TX_MARK?IR
            CODE    CCB5H     001CH     UNIT         ?PR?_IR_TX_SPACE?IR
            CODE    CCD1H     001BH     UNIT         ?PR?HARDIIC_INIT?HARDIIC
            CODE    CCECH     001BH     UNIT         ?PR?_OLED_WR_BYTE?OLED
            CODE    CD07H     0019H     UNIT         ?PR?TIMER0_INIT?TIMER
            CODE    CD20H     0019H     UNIT         ?PR?TIMER1_INIT?TIMER
            CODE    CD39H     0019H     UNIT         ?PR?HC595_INIT?HC595
            CODE    CD52H     0019H     UNIT         ?PR?TFT_LCD_RESET?TFTLCD
            CODE    CD6BH     0019H     UNIT         ?PR?PCF8563_INIT?PCF8563
            CODE    CD84H     0018H     UNIT         ?PR?_EEPROM_READ_FLOAT?EEPROM
            CODE    CD9CH     0017H     UNIT         ?PR?_EEPROM_WRITE_INT?EEPROM
            CODE    CDB3H     0016H     UNIT         ?PR?TIMER2_INIT?TIMER
            CODE    CDC9H     0015H     UNIT         ?PR?LCD1602_READ_STATUS?LCD1602
            CODE    CDDEH     0015H     UNIT         ?PR?OLED_DISPLAY_ON?OLED
            CODE    CDF3H     0015H     UNIT         ?PR?OLED_DISPLAY_OFF?OLED
            CODE    CE08H     0015H     UNIT         ?PR?_TFT_LCD_WR_DATA_16BIT?TFTLCD
            CODE    CE1DH     0015H     UNIT         ?PR?_STRLEN?STRLEN
            CODE    CE32H     0013H     UNIT         ?PR?TIMER3_INIT?TIMER
            CODE    CE45H     0013H     UNIT         ?PR?TIMER4_INIT?TIMER
            CODE    CE58H     0012H     UNIT         ?CO?HC595
            CODE    CE6AH     0012H     UNIT         ?PR?DHT11_READ_HUMIDITY?DHT11
            CODE    CE7CH     0012H     UNIT         ?PR?TFT_LCD_READ?TFTLCD
            CODE    CE8EH     0012H     UNIT         ?PR?_EEPROM_READ_INT?EEPROM
            CODE    CEA0H     0011H     UNIT         ?PR?_DELAY?DELAY
            CODE    CEB1H     0010H     UNIT         ?CO?KEYBOARD
            CODE    CEC1H     000FH     UNIT         ?PR?HARDIIC_NACK?HARDIIC
            CODE    CED0H     000FH     UNIT         ?PR?HARDIIC_READ_BYTE?HARDIIC
            CODE    CEDFH     000FH     UNIT         ?PR?_TFT_LCD_WRITE?TFTLCD
            CODE    CEEEH     000FH     UNIT         ?PR?_EEPROM_WRITE_FLOAT?EEPROM
            CODE    CEFDH     000FH     UNIT         ?PR?_IR_DELAYUS?IR
            CODE    CF0CH     000EH     UNIT         ?PR?HARDIIC_ACK?HARDIIC
            CODE    CF1AH     000EH     UNIT         ?PR?_HARDIIC_SEND_BYTE?HARDIIC
            CODE    CF28H     000EH     UNIT         ?PR?DHT11_RST?DHT11
            CODE    CF36H     000EH     UNIT         ?PR?DHT11_INIT?DHT11
            CODE    CF44H     000EH     UNIT         ?PR?EEPROM_DISABLE?EEPROM
            CODE    CF52H     000DH     UNIT         ?PR?HC595_OUT_ENABLE?HC595
            CODE    CF5FH     000DH     UNIT         ?PR?LCD1602_READ_DATA?LCD1602
            CODE    CF6CH     000DH     UNIT         ?PR?_FABS?FABS
            CODE    CF79H     000CH     UNIT         ?PR?LCD1602_CLEAR?LCD1602
            CODE    CF85H     000CH     UNIT         ?PR?HARDIIC_WAIT?HARDIIC
            CODE    CF91H     000BH     UNIT         ?PR?TFT_LCD_WRITERAM_PREPARE?TFTLCD
            CODE    CF9CH     000BH     UNIT         ?PR?TFT_LCD_READRAM_PREPARE?TFTLCD
            CODE    CFA7H     000BH     UNIT         ?PR?IR_RX_AVAILABLE?IR
            CODE    CFB2H     000AH     UNIT         ?PR?DELAY100US?DELAY
            CODE    CFBCH     000AH     UNIT         ?PR?DELAY1MS?DELAY
            CODE    CFC6H     000AH     UNIT         ?PR?DELAY40US?DHT11
            CODE    CFD0H     000AH     UNIT         ?PR?_TFT_LCD_WR_DATA?TFTLCD
            CODE    CFDAH     000AH     UNIT         ?PR?TFT_LCD_RD_DATA?TFTLCD
            CODE    CFE4H     000AH     UNIT         ?PR?_TFT_LCD_WRITEREG?TFTLCD
            CODE    CFEEH     0009H     UNIT         ?PR?LED8_ENABLE?LED8
            CODE    CFF7H     0009H     UNIT         ?PR?LED8_DISABLE?LED8
            CODE    D000H     0009H     UNIT         ?PR?HARDIIC_START?HARDIIC
            CODE    D009H     0009H     UNIT         ?PR?HARDIIC_STOP?HARDIIC
            CODE    D012H     0007H     UNIT         ?PR?IR_RX_INIT?IR
            CODE    D019H     0007H     UNIT         ?PR?IR_RX_USER_CODE?IR
            CODE    D020H     0006H     UNIT         ?PR?IR_RX_IRCODE?IR
            CODE    D026H     0005H     UNIT         ?PR?DELAY1US?DELAY
BL51 BANKED LINKER/LOCATER V6.22.2.0                                                  01/08/2021  22:17:33  PAGE 8


            CODE    D02BH     0005H     UNIT         ?PR?DELAY5US?DELAY
            CODE    D030H     0005H     UNIT         ?PR?DELAY10US?DELAY
            CODE    D035H     0005H     UNIT         ?PR?DELAY50US?DELAY
            CODE    D03AH     0005H     UNIT         ?PR?_TFT_LCD_WR_REG?TFTLCD
            CODE    D03FH     0003H     UNIT         ?CO?LCD1602



OVERLAY MAP OF MODULE:   .\Out_File\stc_demo (MAIN)


SEGMENT                                             BIT_GROUP          DATA_GROUP          XDATA_GROUP
  +--> CALLED SEGMENT                            START    LENGTH     START    LENGTH     START    LENGTH
--------------------------------------------------------------------------------------------------------
?PR?TIMER0_INTERRUPT?MAIN                        -----    -----      -----    -----      -----    -----
  +--> ?PR?IO_KEYSCAN?KEYBOARD

?PR?IO_KEYSCAN?KEYBOARD                          -----    -----      -----    -----      -----    -----
  +--> ?CO?KEYBOARD

*** NEW ROOT ***************************************************

?PR?TIMER4_INTERRUPT?MAIN                        -----    -----      -----    -----      -----    -----
  +--> ?PR?IR_REC_CALLBACK?IR

?PR?IR_REC_CALLBACK?IR                           -----    -----      -----    -----      062DH    0002H

*** NEW ROOT ***************************************************

?C_C51STARTUP                                    -----    -----      -----    -----      -----    -----
  +--> ?PR?MAIN?MAIN
  +--> ?C_INITSEG

?PR?MAIN?MAIN                                    -----    -----      -----    -----      062FH    0008H
  +--> ?PR?INITMCU?SYS
  +--> ?PR?TIMER0_INIT?TIMER
  +--> ?PR?TIMER4_INIT?TIMER
  +--> ?PR?PCF8563_INIT?PCF8563
  +--> ?PR?IR_RX_INIT?IR
  +--> ?PR?TFT_LCD_INIT?TFTLCD
  +--> ?PR?_PCF8563_READ_RTC?PCF8563
  +--> ?PR?RAND?RAND
  +--> ?PR?GAME2048_INIT?GAME_2048
  +--> ?PR?IR_RX_AVAILABLE?IR
  +--> ?PR?IR_RX_IRCODE?IR
  +--> ?PR?GAME2048_RUN?GAME_2048
  +--> ?PR?_GAME2048_UPDATESTATUS?GAME_2048

?PR?INITMCU?SYS                                  -----    -----      -----    -----      -----    -----
  +--> ?PR?LED8_DISABLE?LED8
  +--> ?PR?HC595_INIT?HC595
  +--> ?PR?HC595_DISABLE?HC595

?PR?HC595_DISABLE?HC595                          -----    -----      -----    -----      0637H    0002H
  +--> ?CO?HC595
  +--> ?PR?_HC595_SEND_MULTI_BYTE?HC595

BL51 BANKED LINKER/LOCATER V6.22.2.0                                                  01/08/2021  22:17:33  PAGE 9


?PR?_HC595_SEND_MULTI_BYTE?HC595                 -----    -----      -----    -----      0639H    0007H
  +--> ?PR?_HC595_SEND_BYTE?HC595
  +--> ?PR?HC595_OUT_ENABLE?HC595

?PR?_HC595_SEND_BYTE?HC595                       -----    -----      -----    -----      0640H    0002H
  +--> ?PR?DELAY10US?DELAY

?PR?HC595_OUT_ENABLE?HC595                       -----    -----      -----    -----      -----    -----
  +--> ?PR?DELAY10US?DELAY

?PR?PCF8563_INIT?PCF8563                         -----    -----      -----    -----      0637H    0001H
  +--> ?PR?HARDIIC_INIT?HARDIIC
  +--> ?PR?_PCF8563_WRITE_NBYTE?PCF8563

?PR?_PCF8563_WRITE_NBYTE?PCF8563                 -----    -----      -----    -----      0638H    0005H
  +--> ?PR?HARDIIC_START?HARDIIC
  +--> ?PR?_HARDIIC_SEND_BYTE?HARDIIC
  +--> ?PR?HARDIIC_WAIT_ACK?HARDIIC
  +--> ?PR?HARDIIC_STOP?HARDIIC

?PR?HARDIIC_START?HARDIIC                        -----    -----      -----    -----      -----    -----
  +--> ?PR?HARDIIC_WAIT?HARDIIC

?PR?_HARDIIC_SEND_BYTE?HARDIIC                   -----    -----      -----    -----      -----    -----
  +--> ?PR?HARDIIC_WAIT?HARDIIC

?PR?HARDIIC_WAIT_ACK?HARDIIC                     -----    -----      -----    -----      -----    -----
  +--> ?PR?HARDIIC_START?HARDIIC
  +--> ?PR?_HARDIIC_SEND_BYTE?HARDIIC
  +--> ?PR?HARDIIC_WAIT?HARDIIC

?PR?HARDIIC_STOP?HARDIIC                         -----    -----      -----    -----      -----    -----
  +--> ?PR?HARDIIC_WAIT?HARDIIC

?PR?TFT_LCD_INIT?TFTLCD                          -----    -----      -----    -----      -----    -----
  +--> ?PR?TFT_LCD_SET_GPIO?TFTLCD
  +--> ?PR?TFT_LCD_RESET?TFTLCD
  +--> ?PR?_TFT_LCD_WR_REG?TFTLCD
  +--> ?PR?_DELAY?DELAY
  +--> ?PR?_TFT_LCD_WR_DATA?TFTLCD
  +--> ?PR?TFT_LCD_READ_ID?TFTLCD
  +--> ?PR?_TFT_LCD_DIRECTION?TFTLCD

?PR?TFT_LCD_RESET?TFTLCD                         -----    -----      -----    -----      -----    -----
  +--> ?PR?_DELAY?DELAY

?PR?_DELAY?DELAY                                 -----    -----      -----    -----      -----    -----
  +--> ?PR?DELAY1MS?DELAY

?PR?_TFT_LCD_WR_REG?TFTLCD                       -----    -----      -----    -----      -----    -----
  +--> ?PR?_TFT_LCD_WRITE?TFTLCD

?PR?_TFT_LCD_WR_DATA?TFTLCD                      -----    -----      -----    -----      -----    -----
  +--> ?PR?_TFT_LCD_WR_REG?TFTLCD
  +--> ?PR?_TFT_LCD_WRITE?TFTLCD

?PR?TFT_LCD_READ_ID?TFTLCD                       -----    -----      -----    -----      0637H    0004H
BL51 BANKED LINKER/LOCATER V6.22.2.0                                                  01/08/2021  22:17:33  PAGE 10


  +--> ?CO?TFTLCD
  +--> ?PR?_TFT_LCD_READREG?TFTLCD

?PR?_TFT_LCD_READREG?TFTLCD                      -----    -----      -----    -----      063BH    0006H
  +--> ?PR?_TFT_LCD_WR_REG?TFTLCD
  +--> ?PR?TFT_LCD_RD_DATA?TFTLCD

?PR?TFT_LCD_RD_DATA?TFTLCD                       -----    -----      -----    -----      -----    -----
  +--> ?PR?TFT_LCD_READ?TFTLCD

?PR?TFT_LCD_READ?TFTLCD                          -----    -----      -----    -----      -----    -----
  +--> ?PR?DELAY1US?DELAY

?PR?_TFT_LCD_DIRECTION?TFTLCD                    -----    -----      -----    -----      -----    -----
  +--> ?PR?_TFT_LCD_WRITEREG?TFTLCD

?PR?_TFT_LCD_WRITEREG?TFTLCD                     -----    -----      -----    -----      -----    -----
  +--> ?PR?_TFT_LCD_WR_REG?TFTLCD
  +--> ?PR?_TFT_LCD_WR_DATA?TFTLCD

?PR?_PCF8563_READ_RTC?PCF8563                    -----    -----      -----    -----      0637H    000AH
  +--> ?PR?_PCF8563_READ_NBYTE?PCF8563

?PR?_PCF8563_READ_NBYTE?PCF8563                  -----    -----      -----    -----      0641H    0005H
  +--> ?PR?HARDIIC_START?HARDIIC
  +--> ?PR?_HARDIIC_SEND_BYTE?HARDIIC
  +--> ?PR?HARDIIC_WAIT_ACK?HARDIIC
  +--> ?PR?HARDIIC_READ_BYTE?HARDIIC
  +--> ?PR?HARDIIC_ACK?HARDIIC
  +--> ?PR?HARDIIC_NACK?HARDIIC
  +--> ?PR?HARDIIC_STOP?HARDIIC

?PR?HARDIIC_READ_BYTE?HARDIIC                    -----    -----      -----    -----      -----    -----
  +--> ?PR?HARDIIC_WAIT?HARDIIC

?PR?HARDIIC_ACK?HARDIIC                          -----    -----      -----    -----      -----    -----
  +--> ?PR?HARDIIC_WAIT?HARDIIC

?PR?HARDIIC_NACK?HARDIIC                         -----    -----      -----    -----      -----    -----
  +--> ?PR?HARDIIC_WAIT?HARDIIC

?PR?GAME2048_INIT?GAME_2048                      -----    -----      -----    -----      0637H    0002H
  +--> ?PR?_TFT_LCD_CLEAR?TFTLCD
  +--> ?PR?SETDATA?GAME_2048
  +--> ?PR?_TFT_LCD_SHOW_FONT32?TFTLCD
  +--> ?PR?_TFT_LCD_DRAW_RECTANGLE?TFTLCD
  +--> ?PR?_TFT_LCD_FILL_RECTANGLE?TFTLCD
  +--> ?CO?GAME_2048
  +--> ?PR?_TFT_LCD_SHOW_STRING?TFTLCD
  +--> ?PR?_TFT_LCD_DRAW_LINE?TFTLCD

?PR?_TFT_LCD_CLEAR?TFTLCD                        -----    -----      -----    -----      0639H    0004H
  +--> ?PR?_TFT_LCD_SET_WINDOWS?TFTLCD
  +--> ?PR?_TFT_LCD_WR_DATA_16BIT?TFTLCD

?PR?_TFT_LCD_SET_WINDOWS?TFTLCD                  -----    -----      -----    -----      0685H    0008H
  +--> ?PR?_TFT_LCD_WR_REG?TFTLCD
BL51 BANKED LINKER/LOCATER V6.22.2.0                                                  01/08/2021  22:17:33  PAGE 11


  +--> ?PR?_TFT_LCD_WR_DATA?TFTLCD
  +--> ?PR?TFT_LCD_WRITERAM_PREPARE?TFTLCD

?PR?TFT_LCD_WRITERAM_PREPARE?TFTLCD              -----    -----      -----    -----      -----    -----
  +--> ?PR?_TFT_LCD_WR_REG?TFTLCD

?PR?_TFT_LCD_WR_DATA_16BIT?TFTLCD                -----    -----      -----    -----      -----    -----
  +--> ?PR?_TFT_LCD_WRITE?TFTLCD

?PR?SETDATA?GAME_2048                            -----    -----      -----    -----      0639H    0001H

?PR?_TFT_LCD_SHOW_FONT32?TFTLCD                  -----    -----      -----    -----      0639H    0010H
  +--> ?PR?_TFT_LCD_SET_CURSOR?TFTLCD
  +--> ?PR?_TFT_LCD_WR_DATA_16BIT?TFTLCD
  +--> ?PR?_TFT_LCD_SET_WINDOWS?TFTLCD

?PR?_TFT_LCD_SET_CURSOR?TFTLCD                   -----    -----      -----    -----      -----    -----
  +--> ?PR?_TFT_LCD_SET_WINDOWS?TFTLCD

?PR?_TFT_LCD_DRAW_RECTANGLE?TFTLCD               -----    -----      -----    -----      0639H    000AH
  +--> ?PR?_TFT_LCD_DRAW_LINE?TFTLCD

?PR?_TFT_LCD_DRAW_LINE?TFTLCD                    -----    -----      -----    -----      0643H    0020H
  +--> ?PR?_TFT_LCD_DRAW_POINT?TFTLCD

?PR?_TFT_LCD_DRAW_POINT?TFTLCD                   -----    -----      -----    -----      -----    -----
  +--> ?PR?_TFT_LCD_SET_WINDOWS?TFTLCD
  +--> ?PR?_TFT_LCD_WR_DATA_16BIT?TFTLCD

?PR?_TFT_LCD_FILL_RECTANGLE?TFTLCD               -----    -----      -----    -----      066BH    000AH
  +--> ?PR?_TFT_LCD_FILL?TFTLCD

?PR?_TFT_LCD_FILL?TFTLCD                         -----    -----      -----    -----      0675H    0010H
  +--> ?PR?_TFT_LCD_SET_WINDOWS?TFTLCD
  +--> ?PR?_TFT_LCD_WR_DATA_16BIT?TFTLCD

?PR?_TFT_LCD_SHOW_STRING?TFTLCD                  -----    -----      -----    -----      066BH    000DH
  +--> ?PR?_TFT_LCD_SHOW_CHAR?TFTLCD

?PR?_TFT_LCD_SHOW_CHAR?TFTLCD                    -----    -----      -----    -----      0678H    000DH
  +--> ?CO?TFTLCD
  +--> ?PR?_TFT_LCD_SET_CURSOR?TFTLCD
  +--> ?PR?_TFT_LCD_WR_DATA_16BIT?TFTLCD
  +--> ?PR?_TFT_LCD_SET_WINDOWS?TFTLCD

?PR?GAME2048_RUN?GAME_2048                       -----    -----      -----    -----      0637H    0034H
  +--> ?CO?GAME_2048
  +--> ?PR?PRINTF?PRINTF
  +--> ?PR?_TFT_LCD_SHOW_STRING?TFTLCD
  +--> ?PR?_TFT_LCD_FILL_RECTANGLE?TFTLCD
  +--> ?PR?_STRLEN?STRLEN

?PR?PRINTF?PRINTF                                0020H.0  0001H.1    0008H    0005H      066BH    0030H
  +--> ?PR?PUTCHAR?PUTCHAR

?PR?_GAME2048_UPDATESTATUS?GAME_2048             -----    -----      -----    -----      0637H    0001H
  +--> ?PR?RESTART?GAME_2048
BL51 BANKED LINKER/LOCATER V6.22.2.0                                                  01/08/2021  22:17:33  PAGE 12


  +--> ?PR?MOVELEFT?GAME_2048
  +--> ?PR?MOVERIGHT?GAME_2048
  +--> ?PR?MOVEUP?GAME_2048
  +--> ?PR?MOVEDOWN?GAME_2048
  +--> ?PR?GENERATE_RANDNUM?GAME_2048
  +--> ?PR?ISOVER?GAME_2048

?PR?RESTART?GAME_2048                            -----    -----      -----    -----      -----    -----
  +--> ?PR?GENERATE_RANDNUM?GAME_2048

?PR?GENERATE_RANDNUM?GAME_2048                   -----    -----      -----    -----      0638H    0012H
  +--> ?PR?RAND?RAND

?PR?MOVELEFT?GAME_2048                           -----    -----      -----    -----      0638H    0024H

?PR?MOVERIGHT?GAME_2048                          -----    -----      -----    -----      0638H    0024H

?PR?MOVEUP?GAME_2048                             -----    -----      -----    -----      0638H    0024H

?PR?MOVEDOWN?GAME_2048                           -----    -----      -----    -----      0638H    0024H

?PR?ISOVER?GAME_2048                             -----    -----      -----    -----      0638H    0002H



SYMBOL TABLE OF MODULE:  .\Out_File\stc_demo (MAIN)

  VALUE           TYPE          NAME
  ----------------------------------

  -------         MODULE        MAIN
  C:0000H         SYMBOL        _ICE_DUMMY_
  D:0080H         PUBLIC        P0
  D:0090H         PUBLIC        P1
  D:00A0H         PUBLIC        P2
  D:00B0H         PUBLIC        P3
  D:00C0H         PUBLIC        P4
  D:00C8H         PUBLIC        P5
  B:00A8H.7       PUBLIC        EA
  D:00E8H         PUBLIC        P6
  D:00F8H         PUBLIC        P7
  C:BCE8H         PUBLIC        Timer0_interrupt
  C:C6ABH         PUBLIC        Timer4_interrupt
  D:00A8H         PUBLIC        IE
  D:00B8H         PUBLIC        IP
  X:0229H         PUBLIC        B_100us
  D:00D8H         PUBLIC        CCON
  C:BC75H         PUBLIC        main
  X:022AH         SYMBOL        _oled_disbuffer
  D:0098H         PUBLIC        SCON
  D:0088H         PUBLIC        TCON
  X:042AH         PUBLIC        tim0_ms
  X:042CH         PUBLIC        sign_ir
  D:00D0H         PUBLIC        PSW
  -------         PROC          MAIN
  -------         DO            
  X:062FH         SYMBOL        localtime
BL51 BANKED LINKER/LOCATER V6.22.2.0                                                  01/08/2021  22:17:33  PAGE 13


  -------         ENDDO         
  C:BC75H         LINE#         8
  C:BC75H         LINE#         12
  C:BC78H         LINE#         13
  C:BC7BH         LINE#         14
  C:BC7EH         LINE#         15
  C:BC80H         LINE#         18
  C:BC83H         LINE#         19
  C:BC86H         LINE#         20
  C:BC89H         LINE#         23
  C:BC92H         LINE#         24
  C:BCAFH         LINE#         27
  C:BCB2H         LINE#         29
  C:BCB2H         LINE#         31
  C:BCB8H         LINE#         34
  C:BCBEH         LINE#         35
  C:BCBEH         LINE#         37
  C:BCC4H         LINE#         38
  C:BCC6H         LINE#         39
  C:BCCCH         LINE#         41
  C:BCD4H         LINE#         42
  C:BCD4H         LINE#         43
  C:BCD4H         LINE#         45
  C:BCD7H         LINE#         46
  C:BCDEH         LINE#         47
  C:BCE1H         LINE#         48
  C:BCE6H         LINE#         49
  C:BCE6H         LINE#         50
  -------         ENDPROC       MAIN
  -------         PROC          TIMER0_INTERRUPT
  -------         DO            
  X:0227H         SYMBOL        cnt
  -------         ENDDO         
  C:BCE8H         LINE#         54
  C:BD05H         LINE#         56
  C:BD29H         LINE#         57
  C:BD3DH         LINE#         58
  C:BD40H         LINE#         59
  C:BD40H         LINE#         60
  -------         ENDPROC       TIMER0_INTERRUPT
  -------         PROC          TIMER4_INTERRUPT
  C:C6ABH         LINE#         63
  C:C6C8H         LINE#         64
  C:C6CBH         LINE#         65
  C:C6D1H         LINE#         66
  -------         ENDPROC       TIMER4_INTERRUPT
  -------         ENDMOD        MAIN

  -------         MODULE        GAME_2048
  C:0000H         SYMBOL        _ICE_DUMMY_
  C:7018H         PUBLIC        moveUp
  D:0080H         PUBLIC        P0
  D:0090H         PUBLIC        P1
  D:00A0H         PUBLIC        P2
  C:97F6H         PUBLIC        game2048_init
  D:00B0H         PUBLIC        P3
  D:00C0H         PUBLIC        P4
BL51 BANKED LINKER/LOCATER V6.22.2.0                                                  01/08/2021  22:17:33  PAGE 14


  D:00C8H         PUBLIC        P5
  D:00E8H         PUBLIC        P6
  D:00F8H         PUBLIC        P7
  C:C623H         PUBLIC        restart
  X:0000H         PUBLIC        str_2048
  C:B28DH         PUBLIC        generate_randNum
  D:00A8H         PUBLIC        IE
  D:00B8H         PUBLIC        IP
  X:0200H         PUBLIC        score
  C:3CB3H         PUBLIC        game2048_run
  D:00D8H         PUBLIC        CCON
  X:0202H         PUBLIC        gameStatus
  X:0203H         PUBLIC        best
  D:0098H         PUBLIC        SCON
  D:0088H         PUBLIC        TCON
  C:6CA8H         PUBLIC        moveRight
  C:6937H         PUBLIC        moveLeft
  C:735EH         PUBLIC        moveDown
  C:BB11H         PUBLIC        _game2048_updateStatus
  C:BD5BH         PUBLIC        setdata
  X:0205H         PUBLIC        Target
  X:0207H         PUBLIC        data2048
  D:00D0H         PUBLIC        PSW
  C:9B4EH         PUBLIC        isOver
  -------         PROC          GENERATE_RANDNUM
  -------         DO            
  D:0007H         SYMBOL        i
  D:0006H         SYMBOL        j
  X:0638H         SYMBOL        value
  X:0639H         SYMBOL        t
  X:0649H         SYMBOL        cnt
  -------         ENDDO         
  C:B28DH         LINE#         51
  C:B28DH         LINE#         53
  C:B292H         LINE#         54
  C:B29DH         LINE#         55
  C:B2A9H         LINE#         56
  C:B2C5H         LINE#         57
  C:B2E5H         LINE#         58
  C:B2EDH         LINE#         59
  C:B309H         LINE#         60
  C:B346H         LINE#         61
  C:B348H         LINE#         62
  -------         ENDPROC       GENERATE_RANDNUM
  -------         PROC          MOVELEFT
  -------         DO            
  D:0001H         SYMBOL        i
  X:0638H         SYMBOL        j
  X:0639H         SYMBOL        currentWritePos
  X:063AH         SYMBOL        lastValue
  X:063CH         SYMBOL        tmp
  -------         ENDDO         
  C:6937H         LINE#         65
  C:6937H         LINE#         68
  C:694DH         LINE#         69
  C:6952H         LINE#         70
  C:6956H         LINE#         71
BL51 BANKED LINKER/LOCATER V6.22.2.0                                                  01/08/2021  22:17:33  PAGE 15


  C:6972H         LINE#         72
  C:69D5H         LINE#         73
  C:6A03H         LINE#         74
  C:6A0EH         LINE#         75
  C:6A16H         LINE#         76
  C:6A19H         LINE#         77
  C:6A5AH         LINE#         78
  C:6A9FH         LINE#         79
  C:6AA6H         LINE#         80
  C:6AE6H         LINE#         81
  C:6AE9H         LINE#         82
  C:6B29H         LINE#         83
  C:6B68H         LINE#         84
  C:6B68H         LINE#         85
  C:6B6EH         LINE#         86
  C:6B6EH         LINE#         87
  C:6BA5H         LINE#         88
  C:6BEFH         LINE#         89
  C:6BF8H         LINE#         90
  C:6BFCH         LINE#         91
  C:6C12H         LINE#         92
  C:6C2CH         LINE#         93
  C:6CA5H         LINE#         94
  C:6CA7H         LINE#         95
  -------         ENDPROC       MOVELEFT
  -------         PROC          MOVERIGHT
  -------         DO            
  D:0001H         SYMBOL        i
  X:0638H         SYMBOL        j
  X:0639H         SYMBOL        currentWritePos
  X:063AH         SYMBOL        lastValue
  X:063CH         SYMBOL        tmp
  -------         ENDDO         
  C:6CA8H         LINE#         98
  C:6CA8H         LINE#         101
  C:6CBEH         LINE#         102
  C:6CC4H         LINE#         103
  C:6CC9H         LINE#         104
  C:6CE1H         LINE#         105
  C:6D45H         LINE#         106
  C:6D73H         LINE#         107
  C:6D7EH         LINE#         108
  C:6D86H         LINE#         109
  C:6D89H         LINE#         110
  C:6DCAH         LINE#         111
  C:6E0FH         LINE#         112
  C:6E16H         LINE#         113
  C:6E56H         LINE#         114
  C:6E59H         LINE#         115
  C:6E99H         LINE#         116
  C:6ED8H         LINE#         117
  C:6ED8H         LINE#         118
  C:6EDEH         LINE#         119
  C:6EDEH         LINE#         120
  C:6F15H         LINE#         121
  C:6F5FH         LINE#         122
  C:6F68H         LINE#         123
BL51 BANKED LINKER/LOCATER V6.22.2.0                                                  01/08/2021  22:17:33  PAGE 16


  C:6F6CH         LINE#         124
  C:6F82H         LINE#         125
  C:6F9CH         LINE#         126
  C:7015H         LINE#         127
  C:7017H         LINE#         128
  -------         ENDPROC       MOVERIGHT
  -------         PROC          MOVEUP
  -------         DO            
  X:0638H         SYMBOL        i
  D:0001H         SYMBOL        j
  X:0639H         SYMBOL        currentWritePos
  X:063AH         SYMBOL        lastValue
  X:063CH         SYMBOL        tmp
  -------         ENDDO         
  C:7018H         LINE#         131
  C:7018H         LINE#         134
  C:702EH         LINE#         135
  C:7033H         LINE#         136
  C:7037H         LINE#         137
  C:7052H         LINE#         138
  C:70B9H         LINE#         139
  C:70D8H         LINE#         140
  C:70E3H         LINE#         141
  C:70EBH         LINE#         142
  C:70EEH         LINE#         143
  C:712FH         LINE#         144
  C:7175H         LINE#         145
  C:717CH         LINE#         146
  C:71AAH         LINE#         147
  C:71ACH         LINE#         148
  C:71ECH         LINE#         149
  C:721EH         LINE#         150
  C:721EH         LINE#         151
  C:7224H         LINE#         152
  C:7224H         LINE#         153
  C:725BH         LINE#         154
  C:729FH         LINE#         155
  C:72A8H         LINE#         156
  C:72ACH         LINE#         157
  C:72C8H         LINE#         158
  C:72DBH         LINE#         159
  C:735BH         LINE#         160
  C:735DH         LINE#         161
  -------         ENDPROC       MOVEUP
  -------         PROC          MOVEDOWN
  -------         DO            
  X:0638H         SYMBOL        i
  D:0001H         SYMBOL        j
  X:0639H         SYMBOL        currentWritePos
  X:063AH         SYMBOL        lastValue
  X:063CH         SYMBOL        tmp
  -------         ENDDO         
  C:735EH         LINE#         164
  C:735EH         LINE#         167
  C:7374H         LINE#         168
  C:737AH         LINE#         169
  C:737FH         LINE#         170
BL51 BANKED LINKER/LOCATER V6.22.2.0                                                  01/08/2021  22:17:33  PAGE 17


  C:7396H         LINE#         171
  C:73FEH         LINE#         172
  C:741DH         LINE#         173
  C:7428H         LINE#         174
  C:7430H         LINE#         175
  C:7433H         LINE#         176
  C:7474H         LINE#         177
  C:74BAH         LINE#         178
  C:74C1H         LINE#         179
  C:74EFH         LINE#         180
  C:74F1H         LINE#         181
  C:7531H         LINE#         182
  C:7563H         LINE#         183
  C:7563H         LINE#         184
  C:7569H         LINE#         185
  C:7569H         LINE#         186
  C:75A0H         LINE#         187
  C:75E4H         LINE#         188
  C:75EDH         LINE#         189
  C:75F1H         LINE#         190
  C:760DH         LINE#         191
  C:7620H         LINE#         192
  C:76A0H         LINE#         193
  C:76A2H         LINE#         194
  -------         ENDPROC       MOVEDOWN
  -------         PROC          RESTART
  -------         DO            
  D:0007H         SYMBOL        i
  D:0006H         SYMBOL        j
  -------         ENDDO         
  C:C623H         LINE#         197
  C:C623H         LINE#         199
  C:C62FH         LINE#         200
  C:C63BH         LINE#         201
  C:C65AH         LINE#         202
  C:C65DH         LINE#         203
  C:C660H         LINE#         204
  C:C666H         LINE#         205
  -------         ENDPROC       RESTART
  -------         PROC          ISOVER
  -------         DO            
  X:0638H         SYMBOL        i
  X:0639H         SYMBOL        j
  -------         ENDDO         
  C:9B4EH         LINE#         208
  C:9B4EH         LINE#         210
  C:9B63H         LINE#         211
  C:9B77H         LINE#         213
  C:9C19H         LINE#         214
  C:9C1CH         LINE#         215
  C:9CBEH         LINE#         216
  C:9CC1H         LINE#         217
  C:9CCAH         LINE#         218
  C:9CD3H         LINE#         219
  C:9CD5H         LINE#         220
  -------         ENDPROC       ISOVER
  -------         PROC          SETDATA
BL51 BANKED LINKER/LOCATER V6.22.2.0                                                  01/08/2021  22:17:33  PAGE 18


  -------         DO            
  X:0639H         SYMBOL        i
  D:0005H         SYMBOL        j
  -------         ENDDO         
  C:BD5BH         LINE#         223
  C:BD5BH         LINE#         225
  C:BD6DH         LINE#         226
  C:BD79H         LINE#         227
  C:BDC0H         LINE#         228
  C:BDCDH         LINE#         229
  -------         ENDPROC       SETDATA
  -------         PROC          GAME2048_INIT
  -------         DO            
  X:0637H         SYMBOL        i
  X:0638H         SYMBOL        j
  -------         ENDDO         
  C:97F6H         LINE#         232
  C:97F6H         LINE#         234
  C:97FDH         LINE#         235
  C:9800H         LINE#         236
  C:982DH         LINE#         237
  C:9848H         LINE#         238
  C:9869H         LINE#         239
  C:9889H         LINE#         240
  C:98A8H         LINE#         241
  C:98D0H         LINE#         242
  C:98E3H         LINE#         243
  C:9909H         LINE#         244
  C:9934H         LINE#         245
  C:993CH         LINE#         246
  C:994EH         LINE#         247
  C:995FH         LINE#         248
  C:99B4H         LINE#         250
  C:99BAH         LINE#         251
  -------         ENDPROC       GAME2048_INIT
  -------         PROC          _GAME2048_UPDATESTATUS
  D:0007H         SYMBOL        key
  -------         DO            
  X:0637H         SYMBOL        updated
  -------         ENDDO         
  C:BB11H         LINE#         258
  C:BB11H         LINE#         259
  C:BB16H         LINE#         260
  C:BB2FH         LINE#         261
  C:BB2FH         LINE#         262
  C:BB35H         LINE#         263
  C:BB37H         LINE#         264
  C:BB37H         LINE#         265
  C:BB3AH         LINE#         266
  C:BB3CH         LINE#         267
  C:BB3CH         LINE#         268
  C:BB47H         LINE#         269
  C:BB49H         LINE#         270
  C:BB49H         LINE#         271
  C:BB54H         LINE#         272
  C:BB56H         LINE#         273
  C:BB56H         LINE#         274
BL51 BANKED LINKER/LOCATER V6.22.2.0                                                  01/08/2021  22:17:33  PAGE 19


  C:BB61H         LINE#         275
  C:BB63H         LINE#         276
  C:BB63H         LINE#         277
  C:BB73H         LINE#         278
  C:BB73H         LINE#         279
  C:BB73H         LINE#         280
  C:BB79H         LINE#         281
  C:BB7CH         LINE#         282
  C:BB87H         LINE#         283
  C:BB87H         LINE#         284
  -------         ENDPROC       _GAME2048_UPDATESTATUS
  -------         PROC          GAME2048_RUN
  -------         DO            
  X:0637H         SYMBOL        buf
  D:0005H         SYMBOL        slen
  X:0669H         SYMBOL        i
  X:066AH         SYMBOL        j
  -------         ENDDO         
  C:3CB3H         LINE#         287
  C:3CB3H         LINE#         291
  C:3CBEH         LINE#         293
  C:3CE4H         LINE#         294
  C:3D0CH         LINE#         295
  C:3D32H         LINE#         296
  C:3D5AH         LINE#         299
  C:3D6FH         LINE#         300
  C:3D83H         LINE#         301
  C:3DA6H         LINE#         302
  C:3DDCH         LINE#         303
  C:3DDCH         LINE#         304
  C:3E19H         LINE#         305
  C:3E1CH         LINE#         306
  C:3E1CH         LINE#         307
  C:3E5DH         LINE#         308
  C:3E60H         LINE#         309
  C:3E60H         LINE#         310
  C:3EA1H         LINE#         311
  C:3EA4H         LINE#         312
  C:3EA4H         LINE#         313
  C:3EE5H         LINE#         314
  C:3EE8H         LINE#         315
  C:3EE8H         LINE#         316
  C:3F28H         LINE#         317
  C:3F2BH         LINE#         318
  C:3F2BH         LINE#         319
  C:3F6BH         LINE#         320
  C:3F6EH         LINE#         321
  C:3F6EH         LINE#         322
  C:3FAFH         LINE#         323
  C:3FB2H         LINE#         324
  C:3FB2H         LINE#         325
  C:3FF3H         LINE#         326
  C:3FF6H         LINE#         327
  C:3FF6H         LINE#         328
  C:4037H         LINE#         329
  C:403AH         LINE#         330
  C:403AH         LINE#         331
BL51 BANKED LINKER/LOCATER V6.22.2.0                                                  01/08/2021  22:17:33  PAGE 20


  C:407BH         LINE#         332
  C:407DH         LINE#         333
  C:407DH         LINE#         334
  C:40C3H         LINE#         335
  C:40C3H         LINE#         336
  C:40C3H         LINE#         337
  C:4109H         LINE#         338
  C:4114H         LINE#         339
  C:4169H         LINE#         340
  C:416BH         LINE#         341
  C:41B4H         LINE#         342
  C:41B4H         LINE#         343
  C:41BDH         LINE#         344
  C:41C6H         LINE#         346
  C:41CEH         LINE#         347
  C:41DEH         LINE#         348
  C:41E6H         LINE#         349
  C:41F4H         LINE#         351
  C:421BH         LINE#         352
  C:421BH         LINE#         353
  -------         ENDPROC       GAME2048_RUN
  -------         ENDMOD        GAME_2048

  -------         MODULE        DELAY
  C:0000H         SYMBOL        _ICE_DUMMY_
  D:0080H         PUBLIC        P0
  D:0090H         PUBLIC        P1
  D:00A0H         PUBLIC        P2
  D:00B0H         PUBLIC        P3
  D:00C0H         PUBLIC        P4
  D:00C8H         PUBLIC        P5
  D:00E8H         PUBLIC        P6
  D:00F8H         PUBLIC        P7
  C:CFB2H         PUBLIC        delay100us
  D:00A8H         PUBLIC        IE
  C:CEA0H         PUBLIC        _delay
  D:00B8H         PUBLIC        IP
  D:00D8H         PUBLIC        CCON
  C:CFBCH         PUBLIC        delay1ms
  C:D026H         PUBLIC        delay1us
  C:D02BH         PUBLIC        delay5us
  D:0098H         PUBLIC        SCON
  D:0088H         PUBLIC        TCON
  C:D030H         PUBLIC        delay10us
  C:D035H         PUBLIC        delay50us
  D:00D0H         PUBLIC        PSW
  -------         PROC          DELAY1US
  -------         DO            
  D:0007H         SYMBOL        i
  -------         ENDDO         
  C:D026H         LINE#         15
  C:D026H         LINE#         16
  C:D026H         LINE#         19
  C:D028H         LINE#         20
  C:D02AH         LINE#         21
  -------         ENDPROC       DELAY1US
  -------         PROC          DELAY5US
BL51 BANKED LINKER/LOCATER V6.22.2.0                                                  01/08/2021  22:17:33  PAGE 21


  -------         DO            
  D:0007H         SYMBOL        i
  -------         ENDDO         
  C:D02BH         LINE#         27
  C:D02BH         LINE#         28
  C:D02BH         LINE#         31
  C:D02DH         LINE#         32
  C:D02FH         LINE#         33
  -------         ENDPROC       DELAY5US
  -------         PROC          DELAY10US
  -------         DO            
  D:0007H         SYMBOL        i
  -------         ENDDO         
  C:D030H         LINE#         40
  C:D030H         LINE#         41
  C:D030H         LINE#         44
  C:D032H         LINE#         45
  C:D034H         LINE#         46
  -------         ENDPROC       DELAY10US
  -------         PROC          DELAY50US
  -------         DO            
  D:0007H         SYMBOL        i
  -------         ENDDO         
  C:D035H         LINE#         53
  C:D035H         LINE#         54
  C:D035H         LINE#         57
  C:D037H         LINE#         58
  C:D039H         LINE#         59
  -------         ENDPROC       DELAY50US
  -------         PROC          DELAY100US
  -------         DO            
  D:0007H         SYMBOL        i
  D:0006H         SYMBOL        j
  -------         ENDDO         
  C:CFB2H         LINE#         66
  C:CFB2H         LINE#         67
  C:CFB2H         LINE#         70
  C:CFB3H         LINE#         71
  C:CFB5H         LINE#         72
  C:CFB7H         LINE#         74
  C:CFB7H         LINE#         75
  C:CFB9H         LINE#         76
  C:CFBBH         LINE#         77
  -------         ENDPROC       DELAY100US
  -------         PROC          DELAY1MS
  -------         DO            
  D:0007H         SYMBOL        i
  D:0006H         SYMBOL        j
  -------         ENDDO         
  C:CFBCH         LINE#         84
  C:CFBCH         LINE#         85
  C:CFBCH         LINE#         87
  C:CFBDH         LINE#         88
  C:CFBFH         LINE#         89
  C:CFC1H         LINE#         90
  C:CFC5H         LINE#         91
  -------         ENDPROC       DELAY1MS
BL51 BANKED LINKER/LOCATER V6.22.2.0                                                  01/08/2021  22:17:33  PAGE 22


  -------         PROC          _DELAY
  D:0004H         SYMBOL        time
  C:CEA0H         LINE#         98
  C:CEA4H         LINE#         99
  C:CEA4H         LINE#         100
  C:CEB0H         LINE#         101
  -------         ENDPROC       _DELAY
  -------         ENDMOD        DELAY

  -------         MODULE        SYS
  C:0000H         SYMBOL        _ICE_DUMMY_
  D:0092H         PUBLIC        P1M0
  D:0093H         PUBLIC        P0M1
  D:0096H         PUBLIC        P2M0
  D:0091H         PUBLIC        P1M1
  D:0080H         PUBLIC        P0
  D:00B2H         PUBLIC        P3M0
  D:0095H         PUBLIC        P2M1
  D:0090H         PUBLIC        P1
  D:00B4H         PUBLIC        P4M0
  D:00B1H         PUBLIC        P3M1
  D:00A0H         PUBLIC        P2
  D:00CAH         PUBLIC        P5M0
  D:00B3H         PUBLIC        P4M1
  D:00B0H         PUBLIC        P3
  D:00CCH         PUBLIC        P6M0
  D:00C9H         PUBLIC        P5M1
  D:00C0H         PUBLIC        P4
  D:00E2H         PUBLIC        P7M0
  D:00CBH         PUBLIC        P6M1
  D:00C8H         PUBLIC        P5
  D:00E1H         PUBLIC        P7M1
  D:00E8H         PUBLIC        P6
  D:00F8H         PUBLIC        P7
  D:00A8H         PUBLIC        IE
  D:00B8H         PUBLIC        IP
  D:00D8H         PUBLIC        CCON
  D:0098H         PUBLIC        SCON
  D:0088H         PUBLIC        TCON
  B:00C0H.1       PUBLIC        P41
  D:00D0H         PUBLIC        PSW
  C:CA42H         PUBLIC        InitMCU
  X:095EH         PUBLIC        sys_clk
  D:0094H         PUBLIC        P0M0
  -------         PROC          INITMCU
  C:CA42H         LINE#         7
  C:CA42H         LINE#         8
  C:CA47H         LINE#         9
  C:CA4BH         LINE#         10
  C:CA4FH         LINE#         11
  C:CA53H         LINE#         12
  C:CA57H         LINE#         13
  C:CA5BH         LINE#         14
  C:CA5FH         LINE#         15
  C:CA63H         LINE#         17
  C:CA66H         LINE#         18
  C:CA69H         LINE#         19
BL51 BANKED LINKER/LOCATER V6.22.2.0                                                  01/08/2021  22:17:33  PAGE 23


  C:CA6CH         LINE#         21
  C:CA6EH         LINE#         22
  -------         ENDPROC       INITMCU
  -------         ENDMOD        SYS

  -------         MODULE        TIMER
  C:0000H         SYMBOL        _ICE_DUMMY_
  D:0080H         PUBLIC        P0
  D:0090H         PUBLIC        P1
  D:00A0H         PUBLIC        P2
  D:00B0H         PUBLIC        P3
  D:00C0H         PUBLIC        P4
  D:00C8H         PUBLIC        P5
  D:00E8H         PUBLIC        P6
  D:00F8H         PUBLIC        P7
  D:00A8H         PUBLIC        IE
  D:008FH         PUBLIC        INTCLKO
  D:00B8H         PUBLIC        IP
  D:00D8H         PUBLIC        CCON
  D:0098H         PUBLIC        SCON
  D:0089H         PUBLIC        TMOD
  D:0088H         PUBLIC        TCON
  D:00AFH         PUBLIC        IE2
  D:008EH         PUBLIC        AUXR
  B:00A8H.1       PUBLIC        ET0
  B:00A8H.3       PUBLIC        ET1
  C:CD07H         PUBLIC        Timer0_init
  C:CD20H         PUBLIC        Timer1_init
  D:008CH         PUBLIC        TH0
  C:CDB3H         PUBLIC        Timer2_init
  D:008DH         PUBLIC        TH1
  C:CE32H         PUBLIC        Timer3_init
  D:00D6H         PUBLIC        T2H
  C:CE45H         PUBLIC        Timer4_init
  D:00D4H         PUBLIC        T3H
  D:00D2H         PUBLIC        T4H
  D:008AH         PUBLIC        TL0
  D:008BH         PUBLIC        TL1
  D:00D7H         PUBLIC        T2L
  D:00D5H         PUBLIC        T3L
  D:00D3H         PUBLIC        T4L
  B:0088H.4       PUBLIC        TR0
  B:0088H.6       PUBLIC        TR1
  D:00D1H         PUBLIC        T4T3M
  D:00D0H         PUBLIC        PSW
  -------         PROC          TIMER0_INIT
  C:CD07H         LINE#         10
  C:CD07H         LINE#         11
  C:CD07H         LINE#         12
  C:CD09H         LINE#         18
  C:CD0BH         LINE#         20
  C:CD0EH         LINE#         21
  C:CD0EH         LINE#         23
  C:CD11H         LINE#         25
  C:CD14H         LINE#         28
  C:CD17H         LINE#         29
  C:CD1AH         LINE#         30
BL51 BANKED LINKER/LOCATER V6.22.2.0                                                  01/08/2021  22:17:33  PAGE 24


  C:CD1DH         LINE#         37
  C:CD1FH         LINE#         42
  -------         ENDPROC       TIMER0_INIT
  -------         PROC          TIMER1_INIT
  C:CD20H         LINE#         51
  C:CD20H         LINE#         52
  C:CD20H         LINE#         53
  C:CD22H         LINE#         59
  C:CD24H         LINE#         61
  C:CD27H         LINE#         62
  C:CD27H         LINE#         64
  C:CD2AH         LINE#         66
  C:CD2DH         LINE#         69
  C:CD30H         LINE#         70
  C:CD33H         LINE#         71
  C:CD36H         LINE#         78
  C:CD38H         LINE#         83
  -------         ENDPROC       TIMER1_INIT
  -------         PROC          TIMER2_INIT
  C:CDB3H         LINE#         92
  C:CDB3H         LINE#         93
  C:CDB3H         LINE#         94
  C:CDB6H         LINE#         101
  C:CDB9H         LINE#         103
  C:CDBCH         LINE#         106
  C:CDBFH         LINE#         107
  C:CDC2H         LINE#         108
  C:CDC5H         LINE#         114
  C:CDC8H         LINE#         119
  -------         ENDPROC       TIMER2_INIT
  -------         PROC          TIMER3_INIT
  C:CE32H         LINE#         128
  C:CE32H         LINE#         129
  C:CE32H         LINE#         130
  C:CE35H         LINE#         137
  C:CE38H         LINE#         142
  C:CE3BH         LINE#         143
  C:CE3EH         LINE#         144
  C:CE41H         LINE#         150
  C:CE44H         LINE#         155
  -------         ENDPROC       TIMER3_INIT
  -------         PROC          TIMER4_INIT
  C:CE45H         LINE#         164
  C:CE45H         LINE#         165
  C:CE45H         LINE#         166
  C:CE48H         LINE#         173
  C:CE4BH         LINE#         178
  C:CE4EH         LINE#         179
  C:CE51H         LINE#         180
  C:CE54H         LINE#         186
  C:CE57H         LINE#         191
  -------         ENDPROC       TIMER4_INIT
  -------         ENDMOD        TIMER

  -------         MODULE        HC595
  C:0000H         SYMBOL        _ICE_DUMMY_
  D:0080H         PUBLIC        P0
BL51 BANKED LINKER/LOCATER V6.22.2.0                                                  01/08/2021  22:17:33  PAGE 25


  D:0090H         PUBLIC        P1
  D:00B4H         PUBLIC        P4M0
  D:00A0H         PUBLIC        P2
  D:00B3H         PUBLIC        P4M1
  D:00B0H         PUBLIC        P3
  D:00C0H         PUBLIC        P4
  D:00C8H         PUBLIC        P5
  D:00E8H         PUBLIC        P6
  C:CD39H         PUBLIC        hc595_init
  D:00F8H         PUBLIC        P7
  D:00A8H         PUBLIC        IE
  C:C6ECH         PUBLIC        _hc595_send_byte
  D:00B8H         PUBLIC        IP
  C:C338H         PUBLIC        _hc595_send_multi_byte
  D:00D8H         PUBLIC        CCON
  C:CBBEH         PUBLIC        hc595_disable
  D:0098H         PUBLIC        SCON
  C:CBFEH         PUBLIC        hc595_enable_matrix
  D:0088H         PUBLIC        TCON
  B:00C0H.2       PUBLIC        P42
  B:00C0H.3       PUBLIC        P43
  B:00C0H.4       PUBLIC        P44
  C:CE60H         SYMBOL        _?ix1000
  C:CE62H         SYMBOL        _?ix1001
  C:CE64H         SYMBOL        _?ix1002
  C:CE66H         SYMBOL        _?ix1003
  C:CE68H         SYMBOL        _?ix1004
  C:CC1EH         PUBLIC        hc595_bit_disable
  C:CE58H         PUBLIC        _595_bdata
  C:CBDEH         PUBLIC        hc595_enable_nix
  C:CF52H         PUBLIC        hc595_out_enable
  C:C426H         PUBLIC        _hc595_bit_select
  D:00D0H         PUBLIC        PSW
  -------         PROC          HC595_INIT
  C:CD39H         LINE#         12
  C:CD39H         LINE#         13
  C:CD39H         LINE#         14
  C:CD3FH         LINE#         15
  C:CD45H         LINE#         16
  C:CD4BH         LINE#         18
  C:CD4DH         LINE#         19
  C:CD4FH         LINE#         20
  C:CD51H         LINE#         21
  -------         ENDPROC       HC595_INIT
  -------         PROC          HC595_OUT_ENABLE
  C:CF52H         LINE#         28
  C:CF52H         LINE#         29
  C:CF52H         LINE#         30
  C:CF54H         LINE#         31
  C:CF57H         LINE#         32
  C:CF59H         LINE#         33
  C:CF5CH         LINE#         34
  C:CF5EH         LINE#         35
  -------         ENDPROC       HC595_OUT_ENABLE
  -------         PROC          _HC595_SEND_BYTE
  X:0640H         SYMBOL        outdata
  -------         DO            
BL51 BANKED LINKER/LOCATER V6.22.2.0                                                  01/08/2021  22:17:33  PAGE 26


  X:0641H         SYMBOL        i
  -------         ENDDO         
  C:C6ECH         LINE#         42
  C:C6F1H         LINE#         43
  C:C6F1H         LINE#         45
  C:C701H         LINE#         46
  C:C701H         LINE#         47
  C:C70BH         LINE#         48
  C:C70BH         LINE#         49
  C:C70DH         LINE#         50
  C:C70FH         LINE#         52
  C:C70FH         LINE#         53
  C:C711H         LINE#         54
  C:C711H         LINE#         55
  C:C714H         LINE#         56
  C:C716H         LINE#         57
  C:C719H         LINE#         58
  C:C71BH         LINE#         59
  C:C71EH         LINE#         60
  C:C725H         LINE#         61
  C:C72BH         LINE#         62
  -------         ENDPROC       _HC595_SEND_BYTE
  -------         PROC          _HC595_SEND_MULTI_BYTE
  X:0639H         SYMBOL        ddata
  X:063CH         SYMBOL        len
  -------         DO            
  X:063EH         SYMBOL        i
  -------         ENDDO         
  C:C338H         LINE#         69
  C:C349H         LINE#         70
  C:C349H         LINE#         72
  C:C362H         LINE#         73
  C:C362H         LINE#         74
  C:C378H         LINE#         75
  C:C388H         LINE#         76
  -------         ENDPROC       _HC595_SEND_MULTI_BYTE
  -------         PROC          HC595_DISABLE
  -------         DO            
  X:0637H         SYMBOL        buf
  -------         ENDDO         
  C:CBBEH         LINE#         84
  C:CBBEH         LINE#         85
  C:CBBEH         LINE#         86
  C:CBD1H         LINE#         87
  -------         ENDPROC       HC595_DISABLE
  -------         PROC          HC595_ENABLE_NIX
  -------         DO            
  X:0990H         SYMBOL        buf
  -------         ENDDO         
  C:CBDEH         LINE#         95
  C:CBDEH         LINE#         96
  C:CBDEH         LINE#         97
  C:CBF1H         LINE#         98
  -------         ENDPROC       HC595_ENABLE_NIX
  -------         PROC          HC595_ENABLE_MATRIX
  -------         DO            
  X:0992H         SYMBOL        buf
BL51 BANKED LINKER/LOCATER V6.22.2.0                                                  01/08/2021  22:17:33  PAGE 27


  -------         ENDDO         
  C:CBFEH         LINE#         106
  C:CBFEH         LINE#         107
  C:CBFEH         LINE#         108
  C:CC11H         LINE#         109
  -------         ENDPROC       HC595_ENABLE_MATRIX
  -------         PROC          _HC595_BIT_SELECT
  X:098AH         SYMBOL        index
  -------         DO            
  X:098BH         SYMBOL        buf
  -------         ENDDO         
  C:C426H         LINE#         117
  C:C42BH         LINE#         118
  C:C42BH         LINE#         120
  C:C43EH         LINE#         121
  C:C44CH         LINE#         122
  C:C44CH         LINE#         123
  C:C455H         LINE#         124
  C:C457H         LINE#         126
  C:C457H         LINE#         127
  C:C463H         LINE#         128
  C:C463H         LINE#         130
  -------         ENDPROC       _HC595_BIT_SELECT
  -------         PROC          HC595_BIT_DISABLE
  -------         DO            
  X:0994H         SYMBOL        buf
  -------         ENDDO         
  C:CC1EH         LINE#         138
  C:CC1EH         LINE#         139
  C:CC1EH         LINE#         141
  C:CC31H         LINE#         142
  -------         ENDPROC       HC595_BIT_DISABLE
  -------         ENDMOD        HC595

  -------         MODULE        LED8
  C:0000H         SYMBOL        _ICE_DUMMY_
  D:0080H         PUBLIC        P0
  D:0090H         PUBLIC        P1
  D:00B4H         PUBLIC        P4M0
  D:00A0H         PUBLIC        P2
  D:00B3H         PUBLIC        P4M1
  D:00B0H         PUBLIC        P3
  D:00C0H         PUBLIC        P4
  D:00C8H         PUBLIC        P5
  D:00E8H         PUBLIC        P6
  D:00F8H         PUBLIC        P7
  D:00A8H         PUBLIC        IE
  D:00B8H         PUBLIC        IP
  D:00D8H         PUBLIC        CCON
  C:C235H         PUBLIC        led8_run
  C:CFF7H         PUBLIC        led8_disable
  D:0098H         PUBLIC        SCON
  B:00C0H.0       PUBLIC        P40
  D:0088H         PUBLIC        TCON
  C:CFEEH         PUBLIC        led8_enable
  D:00D0H         PUBLIC        PSW
  -------         PROC          LED8_ENABLE
BL51 BANKED LINKER/LOCATER V6.22.2.0                                                  01/08/2021  22:17:33  PAGE 28


  C:CFEEH         LINE#         9
  C:CFEEH         LINE#         10
  C:CFEEH         LINE#         11
  C:CFF4H         LINE#         12
  C:CFF6H         LINE#         13
  -------         ENDPROC       LED8_ENABLE
  -------         PROC          LED8_DISABLE
  C:CFF7H         LINE#         20
  C:CFF7H         LINE#         21
  C:CFF7H         LINE#         22
  C:CFFDH         LINE#         23
  C:CFFFH         LINE#         24
  -------         ENDPROC       LED8_DISABLE
  -------         PROC          LED8_RUN
  -------         DO            
  X:0996H         SYMBOL        led_b
  X:0997H         SYMBOL        flag
  -------         ENDDO         
  C:C235H         LINE#         26
  C:C235H         LINE#         29
  C:C240H         LINE#         30
  C:C24FH         LINE#         31
  C:C25DH         LINE#         32
  C:C26AH         LINE#         33
  C:C26AH         LINE#         34
  C:C271H         LINE#         35
  C:C28BH         LINE#         36
  -------         ENDPROC       LED8_RUN
  -------         ENDMOD        LED8

  -------         MODULE        MATRIX
  C:0000H         SYMBOL        _ICE_DUMMY_
  D:0080H         PUBLIC        P0
  D:0090H         PUBLIC        P1
  D:00A0H         PUBLIC        P2
  D:00B0H         PUBLIC        P3
  D:00C0H         PUBLIC        P4
  D:00C8H         PUBLIC        P5
  D:00E8H         PUBLIC        P6
  D:00F8H         PUBLIC        P7
  D:00A8H         PUBLIC        IE
  D:00B8H         PUBLIC        IP
  D:00D8H         PUBLIC        CCON
  C:00A0H         PUBLIC        matrix_init
  D:0098H         PUBLIC        SCON
  D:0088H         PUBLIC        TCON
  C:BDCEH         PUBLIC        _matrix_run
  C:B6A1H         PUBLIC        _matrix_display
  D:00D0H         PUBLIC        PSW
  -------         PROC          MATRIX_INIT
  C:00A0H         LINE#         5
  C:00A0H         LINE#         6
  -------         ENDPROC       MATRIX_INIT
  -------         PROC          _MATRIX_DISPLAY
  X:08F0H         SYMBOL        index
  X:08F1H         SYMBOL        Str_begin
  X:08F4H         SYMBOL        Str_end
BL51 BANKED LINKER/LOCATER V6.22.2.0                                                  01/08/2021  22:17:33  PAGE 29


  -------         DO            
  X:08F7H         SYMBOL        n
  -------         ENDDO         
  C:B6A1H         LINE#         10
  C:B6AFH         LINE#         11
  C:B6B7H         LINE#         12
  C:B6E2H         LINE#         13
  C:B70BH         LINE#         14
  C:B713H         LINE#         15
  C:B723H         LINE#         16
  C:B726H         LINE#         17
  C:B729H         LINE#         18
  C:B72FH         LINE#         19
  C:B739H         LINE#         20
  C:B73BH         LINE#         21
  C:B73BH         LINE#         22
  -------         ENDPROC       _MATRIX_DISPLAY
  -------         PROC          _MATRIX_RUN
  X:0908H         SYMBOL        Str
  X:090BH         SYMBOL        size_n
  X:090CH         SYMBOL        begin
  -------         DO            
  X:090DH         SYMBOL        n
  X:090EH         SYMBOL        t
  -------         ENDDO         
  C:BDCEH         LINE#         25
  C:BDDCH         LINE#         27
  C:BDF0H         LINE#         28
  C:BDF3H         LINE#         29
  C:BE19H         LINE#         30
  C:BE32H         LINE#         31
  C:BE35H         LINE#         32
  C:BE38H         LINE#         33
  C:BE40H         LINE#         34
  -------         ENDPROC       _MATRIX_RUN
  -------         ENDMOD        MATRIX

  -------         MODULE        NIXIETUBE
  C:0000H         SYMBOL        _ICE_DUMMY_
  D:0093H         PUBLIC        P0M1
  D:0096H         PUBLIC        P2M0
  D:0080H         PUBLIC        P0
  D:0095H         PUBLIC        P2M1
  D:0090H         PUBLIC        P1
  D:00A0H         PUBLIC        P2
  D:00B0H         PUBLIC        P3
  D:00CCH         PUBLIC        P6M0
  D:00C0H         PUBLIC        P4
  D:00CBH         PUBLIC        P6M1
  D:00C8H         PUBLIC        P5
  D:00E8H         PUBLIC        P6
  D:00F8H         PUBLIC        P7
  D:00A8H         PUBLIC        IE
  D:00B8H         PUBLIC        IP
  D:00D8H         PUBLIC        CCON
  B:00A0H.1       PUBLIC        P21
  D:0098H         PUBLIC        SCON
BL51 BANKED LINKER/LOCATER V6.22.2.0                                                  01/08/2021  22:17:33  PAGE 30


  D:0088H         PUBLIC        TCON
  B:0080H.7       PUBLIC        P07
  C:BF22H         PUBLIC        _nix_display_buf
  C:962CH         PUBLIC        _nix_display_num
  C:CC7CH         PUBLIC        nix_init
  X:07A5H         PUBLIC        nix_seg
  D:00D0H         PUBLIC        PSW
  D:0094H         PUBLIC        P0M0
  -------         PROC          NIX_INIT
  C:CC7CH         LINE#         15
  C:CC7CH         LINE#         16
  C:CC7FH         LINE#         17
  C:CC85H         LINE#         18
  C:CC88H         LINE#         21
  C:CC8EH         LINE#         22
  C:CC90H         LINE#         25
  C:CC96H         LINE#         26
  C:CC98H         LINE#         27
  -------         ENDPROC       NIX_INIT
  -------         PROC          _NIX_DISPLAY_NUM
  X:0869H         SYMBOL        num
  -------         DO            
  X:086DH         SYMBOL        n
  X:086EH         SYMBOL        buf
  -------         ENDDO         
  C:962CH         LINE#         29
  C:9632H         LINE#         30
  C:9638H         LINE#         32
  C:9644H         LINE#         33
  C:9647H         LINE#         34
  C:9649H         LINE#         35
  C:964CH         LINE#         36
  C:9663H         LINE#         37
  C:9663H         LINE#         38
  C:967FH         LINE#         39
  C:96A4H         LINE#         40
  C:96C9H         LINE#         41
  C:96EFH         LINE#         42
  C:9715H         LINE#         43
  C:973CH         LINE#         44
  C:9763H         LINE#         45
  C:9779H         LINE#         46
  C:9793H         LINE#         47
  C:97ABH         LINE#         48
  C:97C0H         LINE#         49
  C:97C3H         LINE#         50
  C:97E3H         LINE#         51
  C:97EAH         LINE#         52
  C:97EDH         LINE#         53
  C:97F5H         LINE#         54
  -------         ENDPROC       _NIX_DISPLAY_NUM
[...]
  D:0005H         SYMBOL        i
  -------         ENDDO         
  C:CEFDH         LINE#         12
  C:CEFDH         LINE#         13
  C:CEFDH         LINE#         15
  C:CEFDH         LINE#         16
  C:CEFFH         LINE#         17
  C:CF01H         LINE#         18
  C:CF0BH         LINE#         19
  -------         ENDPROC       _IR_DELAYUS
  -------         PROC          _ENABLE_IR_OUT
  D:0007H         SYMBOL        fre
  C:CB52H         LINE#         26
  C:CB52H         LINE#         27
  C:CB52H         LINE#         28
  C:CB58H         LINE#         29
  -------         ENDPROC       _ENABLE_IR_OUT
  -------         PROC          DISABLE_IR_OUT
  C:0003H         LINE#         37
  C:0003H         LINE#         38
  C:0003H         LINE#         39
  C:0009H         LINE#         40
  -------         ENDPROC       DISABLE_IR_OUT
  -------         PROC          _IR_TX_MARK
  X:09A6H         SYMBOL        time
  C:CC99H         LINE#         47
  C:CCA1H         LINE#         48
  C:CCA1H         LINE#         50
  C:CCAAH         LINE#         51
  -------         ENDPROC       _IR_TX_MARK
  -------         PROC          _IR_TX_SPACE
  X:09A8H         SYMBOL        time
  C:CCB5H         LINE#         59
  C:CCBDH         LINE#         60
  C:CCBDH         LINE#         61
  C:CCC6H         LINE#         62
  -------         ENDPROC       _IR_TX_SPACE
  -------         PROC          _IR_SEND_NEC
  X:0959H         SYMBOL        address
  X:095AH         SYMBOL        command
  -------         DO            
  X:095BH         SYMBOL        i
  X:095CH         SYMBOL        inverse_address
  X:095DH         SYMBOL        inverse_command
  -------         ENDDO         
  C:A4F8H         LINE#         70
  C:A500H         LINE#         71
  C:A500H         LINE#         73
  C:A506H         LINE#         74
BL51 BANKED LINKER/LOCATER V6.22.2.0                                                  01/08/2021  22:17:33  PAGE 103


  C:A50AH         LINE#         77
  C:A50FH         LINE#         79
  C:A516H         LINE#         80
  C:A51DH         LINE#         82
  C:A52FH         LINE#         83
  C:A52FH         LINE#         84
  C:A53AH         LINE#         85
  C:A53AH         LINE#         86
  C:A53DH         LINE#         87
  C:A541H         LINE#         88
  C:A543H         LINE#         90
  C:A543H         LINE#         91
  C:A546H         LINE#         92
  C:A54DH         LINE#         93
  C:A54DH         LINE#         94
  C:A554H         LINE#         95
  C:A55CH         LINE#         98
  C:A56EH         LINE#         99
  C:A56EH         LINE#         100
  C:A577H         LINE#         101
  C:A577H         LINE#         102
  C:A57AH         LINE#         103
  C:A57EH         LINE#         104
  C:A580H         LINE#         106
  C:A580H         LINE#         107
  C:A583H         LINE#         108
  C:A58AH         LINE#         109
  C:A58AH         LINE#         110
  C:A591H         LINE#         111
  C:A599H         LINE#         114
  C:A5ABH         LINE#         115
  C:A5ABH         LINE#         116
  C:A5B6H         LINE#         117
  C:A5B6H         LINE#         118
  C:A5B9H         LINE#         119
  C:A5BDH         LINE#         120
  C:A5BFH         LINE#         122
  C:A5BFH         LINE#         123
  C:A5C2H         LINE#         124
  C:A5C9H         LINE#         125
  C:A5C9H         LINE#         126
  C:A5D0H         LINE#         127
  C:A5D6H         LINE#         130
  C:A5E8H         LINE#         131
  C:A5E8H         LINE#         132
  C:A5F3H         LINE#         133
  C:A5F3H         LINE#         134
  C:A5F6H         LINE#         135
  C:A5FAH         LINE#         136
  C:A5FCH         LINE#         138
  C:A5FCH         LINE#         139
  C:A5FFH         LINE#         140
  C:A606H         LINE#         141
  C:A606H         LINE#         142
  C:A60DH         LINE#         143
  C:A615H         LINE#         144
  C:A61CH         LINE#         145
BL51 BANKED LINKER/LOCATER V6.22.2.0                                                  01/08/2021  22:17:33  PAGE 104


  C:A623H         LINE#         146
  -------         ENDPROC       _IR_SEND_NEC
  -------         PROC          IR_REC_CALLBACK
  -------         DO            
  X:08E7H         SYMBOL        IR_SampleCnt
  X:08E8H         SYMBOL        IR_BitCnt
  X:08E9H         SYMBOL        IR_UserH
  X:08EAH         SYMBOL        IR_UserL
  X:08EBH         SYMBOL        IR_data
  X:08ECH         SYMBOL        IR_DataShift
  B:0021H.1       SYMBOL        P_IR_RX_temp
  B:0021H.2       SYMBOL        B_IR_Sync
  X:062DH         SYMBOL        SampleTime
  X:062EH         SYMBOL        IR_TemShit
  -------         ENDDO         
  C:AB9DH         LINE#         154
  C:AB9DH         LINE#         155
  C:AB9DH         LINE#         169
  C:ABA3H         LINE#         171
  C:ABA7H         LINE#         172
  C:ABABH         LINE#         173
  C:ABB7H         LINE#         174
  C:ABB7H         LINE#         175
  C:ABBDH         LINE#         176
  C:ABC2H         LINE#         178
  C:ABD3H         LINE#         179
  C:ABE7H         LINE#         180
  C:ABE7H         LINE#         181
  C:ABFBH         LINE#         182
  C:ABFBH         LINE#         183
  C:ABFDH         LINE#         184
  C:AC03H         LINE#         185
  C:AC03H         LINE#         186
  C:AC04H         LINE#         187
  C:AC0AH         LINE#         188
  C:AC0AH         LINE#         189
  C:AC21H         LINE#         191
  C:AC21H         LINE#         192
  C:AC28H         LINE#         193
  C:AC43H         LINE#         194
  C:AC4BH         LINE#         195
  C:AC4BH         LINE#         196
  C:AC4DH         LINE#         199
  C:AC56H         LINE#         200
  C:AC56H         LINE#         201
  C:AC56H         LINE#         202
  C:AC6BH         LINE#         203
  C:AC73H         LINE#         204
  C:AC75H         LINE#         205
  C:AC75H         LINE#         206
  C:AC76H         LINE#         207
  C:AC7EH         LINE#         208
  C:AC7EH         LINE#         209
  C:AC82H         LINE#         210
  C:AC88H         LINE#         211
  C:AC90H         LINE#         212
  C:AC90H         LINE#         213
BL51 BANKED LINKER/LOCATER V6.22.2.0                                                  01/08/2021  22:17:33  PAGE 105


  C:AC90H         LINE#         214
  C:AC90H         LINE#         215
  C:AC90H         LINE#         216
  -------         ENDPROC       IR_REC_CALLBACK
  -------         PROC          IR_RX_INIT
  C:D012H         LINE#         223
  C:D012H         LINE#         224
  C:D012H         LINE#         225
  C:D018H         LINE#         226
  -------         ENDPROC       IR_RX_INIT
  -------         PROC          IR_RX_AVAILABLE
  C:CFA7H         LINE#         233
  C:CFA7H         LINE#         234
  C:CFA7H         LINE#         235
  C:CFAAH         LINE#         236
  C:CFAAH         LINE#         237
  C:CFACH         LINE#         238
  C:CFAFH         LINE#         239
  C:CFAFH         LINE#         240
  C:CFB1H         LINE#         241
  -------         ENDPROC       IR_RX_AVAILABLE
  -------         PROC          IR_RX_USER_CODE
  C:D019H         LINE#         248
  C:D019H         LINE#         249
  C:D019H         LINE#         250
  C:D01FH         LINE#         251
  -------         ENDPROC       IR_RX_USER_CODE
  -------         PROC          IR_RX_IRCODE
  C:D020H         LINE#         258
  C:D020H         LINE#         259
  C:D020H         LINE#         260
  C:D025H         LINE#         261
  -------         ENDPROC       IR_RX_IRCODE
  -------         ENDMOD        IR

  -------         MODULE        PCF8563
  C:0000H         SYMBOL        _ICE_DUMMY_
  D:0080H         PUBLIC        P0
  D:0090H         PUBLIC        P1
  D:00A0H         PUBLIC        P2
  D:00B0H         PUBLIC        P3
  D:00C0H         PUBLIC        P4
  D:00C8H         PUBLIC        P5
  D:00E8H         PUBLIC        P6
  D:00F8H         PUBLIC        P7
  D:00A8H         PUBLIC        IE
  C:AD7DH         PUBLIC        _get_weekday
  C:C05EH         PUBLIC        _pcf8563_read_nbyte
  D:00B8H         PUBLIC        IP
  D:00D8H         PUBLIC        CCON
  C:C54EH         PUBLIC        _pcf8563_write_nbyte
  C:CD6BH         PUBLIC        pcf8563_init
  D:0098H         PUBLIC        SCON
  D:0088H         PUBLIC        TCON
  C:B108H         PUBLIC        _pcf8563_read_rtc
  C:AAA5H         PUBLIC        _pcf8563_write_rtc
  D:00D0H         PUBLIC        PSW
BL51 BANKED LINKER/LOCATER V6.22.2.0                                                  01/08/2021  22:17:33  PAGE 106


  -------         PROC          _PCF8563_WRITE_NBYTE
  X:0638H         SYMBOL        addr
  X:0639H         SYMBOL        p
  X:063CH         SYMBOL        number
  C:C54EH         LINE#         8
  C:C55CH         LINE#         9
  C:C55CH         LINE#         10
  C:C55FH         LINE#         11
  C:C564H         LINE#         12
  C:C567H         LINE#         13
  C:C56FH         LINE#         14
  C:C572H         LINE#         16
  C:C572H         LINE#         17
  C:C589H         LINE#         18
  C:C58CH         LINE#         19
  C:C594H         LINE#         20
  -------         ENDPROC       _PCF8563_WRITE_NBYTE
  -------         PROC          _PCF8563_READ_NBYTE
  X:0641H         SYMBOL        addr
  X:0642H         SYMBOL        p
  X:0645H         SYMBOL        number
  C:C05EH         LINE#         28
  C:C06CH         LINE#         29
  C:C06CH         LINE#         30
  C:C06FH         LINE#         31
  C:C074H         LINE#         32
  C:C077H         LINE#         33
  C:C07FH         LINE#         34
  C:C082H         LINE#         36
  C:C085H         LINE#         37
  C:C08AH         LINE#         38
  C:C08DH         LINE#         40
  C:C08DH         LINE#         41
  C:C09FH         LINE#         42
  C:C0A9H         LINE#         43
  C:C0B4H         LINE#         45
  C:C0BCH         LINE#         46
  C:C0BFH         LINE#         47
  -------         ENDPROC       _PCF8563_READ_NBYTE
  -------         PROC          PCF8563_INIT
  -------         DO            
  X:0637H         SYMBOL        vlaue
  -------         ENDDO         
  C:CD6BH         LINE#         55
  C:CD6BH         LINE#         56
  C:CD6BH         LINE#         57
  C:CD70H         LINE#         58
  C:CD73H         LINE#         59
  -------         ENDPROC       PCF8563_INIT
  -------         PROC          _GET_WEEKDAY
  X:091DH         SYMBOL        year
  D:0005H         SYMBOL        month
  D:0003H         SYMBOL        day
  -------         DO            
  D:0002H         SYMBOL        c
  D:0082H         SYMBOL        y
  D:0002H         SYMBOL        w
BL51 BANKED LINKER/LOCATER V6.22.2.0                                                  01/08/2021  22:17:33  PAGE 107


  X:091FH         SYMBOL        dow
  X:0920H         SYMBOL        m
  X:0922H         SYMBOL        d
  -------         ENDDO         
  C:AD7DH         LINE#         67
  C:AD85H         LINE#         68
  C:AD85H         LINE#         71
  C:AD91H         LINE#         72
  C:AD99H         LINE#         73
  C:ADA3H         LINE#         74
  C:ADA3H         LINE#         75
  C:ADB1H         LINE#         76
  C:ADBFH         LINE#         77
  C:ADBFH         LINE#         78
  C:ADD2H         LINE#         79
  C:ADE5H         LINE#         80
  C:AE4CH         LINE#         81
  C:AE5BH         LINE#         82
  C:AE5EH         LINE#         83
  C:AE60H         LINE#         84
  C:AE62H         LINE#         85
  C:AE62H         LINE#         86
  C:AE67H         LINE#         87
  -------         ENDPROC       _GET_WEEKDAY
  -------         PROC          _PCF8563_READ_RTC
  X:0637H         SYMBOL        tim
  -------         DO            
  X:063AH         SYMBOL        tmp
  -------         ENDDO         
  C:B108H         LINE#         94
  C:B113H         LINE#         95
  C:B113H         LINE#         98
  C:B124H         LINE#         100
  C:B148H         LINE#         101
  C:B15FH         LINE#         102
  C:B176H         LINE#         104
  C:B18DH         LINE#         105
  C:B198H         LINE#         106
  C:B1AFH         LINE#         107
  -------         ENDPROC       _PCF8563_READ_RTC
  -------         PROC          _PCF8563_WRITE_RTC
  X:08C2H         SYMBOL        tim
  -------         DO            
  X:08C5H         SYMBOL        tmp
  -------         ENDDO         
  C:AAA5H         LINE#         115
  C:AAB0H         LINE#         116
  C:AAB0H         LINE#         118
  C:AAC3H         LINE#         120
  C:AAE9H         LINE#         121
  C:AB04H         LINE#         122
  C:AB1FH         LINE#         124
  C:AB3AH         LINE#         125
  C:AB45H         LINE#         126
  C:AB60H         LINE#         127
  C:AB8CH         LINE#         129
  -------         ENDPROC       _PCF8563_WRITE_RTC
BL51 BANKED LINKER/LOCATER V6.22.2.0                                                  01/08/2021  22:17:33  PAGE 108


  -------         ENDMOD        PCF8563

  -------         MODULE        ?C?FPADD
  C:1A6BH         PUBLIC        ?C?FPADD
  C:1A67H         PUBLIC        ?C?FPSUB
  -------         ENDMOD        ?C?FPADD

  -------         MODULE        ?C?FPMUL
  C:1B5CH         PUBLIC        ?C?FPMUL
  -------         ENDMOD        ?C?FPMUL

  -------         MODULE        ?C?FPDIV
  C:1C65H         PUBLIC        ?C?FPDIV
  -------         ENDMOD        ?C?FPDIV

  -------         MODULE        ?C?FPCMP
  C:1D04H         PUBLIC        ?C?FPCMP
  C:1D02H         PUBLIC        ?C?FPCMP3
  -------         ENDMOD        ?C?FPCMP

  -------         MODULE        ?C?FCAST
  C:1D85H         PUBLIC        ?C?FCASTC
  C:1D80H         PUBLIC        ?C?FCASTI
  C:1D7BH         PUBLIC        ?C?FCASTL
  -------         ENDMOD        ?C?FCAST

  -------         MODULE        ?C?CASTF
  C:1DB9H         PUBLIC        ?C?CASTF
  -------         ENDMOD        ?C?CASTF

  -------         MODULE        PRINTF
  X:066BH         PUBLIC        ?_PRINTF?BYTE
  X:066BH         PUBLIC        ?_SPRINTF?BYTE
  C:55CAH         PUBLIC        _PRINTF
  C:55C4H         PUBLIC        _SPRINTF
  -------         ENDMOD        PRINTF

  -------         MODULE        FABS
  C:CF6CH         PUBLIC        _FABS
  -------         ENDMOD        FABS

  -------         MODULE        SQRT
  C:B4ABH         PUBLIC        _SQRT
  -------         ENDMOD        SQRT

  -------         MODULE        SIN
  C:9D1EH         PUBLIC        _COS
  C:9D34H         PUBLIC        _SIN
  C:9D70H         PUBLIC        _TAN
  -------         ENDMOD        SIN

  -------         MODULE        ?C?FPROUND
  C:1E3AH         PUBLIC        ?C?FPROUND
  -------         ENDMOD        ?C?FPROUND

  -------         MODULE        ?C?FPCONVERT
  C:1E77H         PUBLIC        ?C?FPCONVERT
BL51 BANKED LINKER/LOCATER V6.22.2.0                                                  01/08/2021  22:17:33  PAGE 109


  -------         ENDMOD        ?C?FPCONVERT

  -------         MODULE        ?C?FTNPWR
  C:1FF9H         PUBLIC        ?C?FTNPWR
  -------         ENDMOD        ?C?FTNPWR

  -------         MODULE        ?C?COPY
  C:2109H         PUBLIC        ?C?COPY
  -------         ENDMOD        ?C?COPY

  -------         MODULE        ?C?CLDPTR
  C:212FH         PUBLIC        ?C?CLDPTR
  -------         ENDMOD        ?C?CLDPTR

  -------         MODULE        ?C?CLDOPTR
  C:2148H         PUBLIC        ?C?CLDOPTR
  -------         ENDMOD        ?C?CLDOPTR

  -------         MODULE        ?C?CSTPTR
  C:2175H         PUBLIC        ?C?CSTPTR
  -------         ENDMOD        ?C?CSTPTR

  -------         MODULE        ?C?CSTOPTR
  C:2187H         PUBLIC        ?C?CSTOPTR
  -------         ENDMOD        ?C?CSTOPTR

  -------         MODULE        ?C?IMUL
  C:21A9H         PUBLIC        ?C?IMUL
  -------         ENDMOD        ?C?IMUL

  -------         MODULE        ?C?UIDIV
  C:21BBH         PUBLIC        ?C?UIDIV
  -------         ENDMOD        ?C?UIDIV

  -------         MODULE        ?C?SIDIV
  C:2210H         PUBLIC        ?C?SIDIV
  -------         ENDMOD        ?C?SIDIV

  -------         MODULE        ?C?IILDX
  C:2246H         PUBLIC        ?C?IILDX
  -------         ENDMOD        ?C?IILDX

  -------         MODULE        ?C?ILDIX
  C:225CH         PUBLIC        ?C?ILDIX
  -------         ENDMOD        ?C?ILDIX

  -------         MODULE        ?C?ILDPTR
  C:2272H         PUBLIC        ?C?ILDPTR
  -------         ENDMOD        ?C?ILDPTR

  -------         MODULE        ?C?IILDPTR
  C:229DH         PUBLIC        ?C?IILDPTR
  -------         ENDMOD        ?C?IILDPTR

  -------         MODULE        ?C?ISTPTR
  C:22D5H         PUBLIC        ?C?ISTPTR
  -------         ENDMOD        ?C?ISTPTR
BL51 BANKED LINKER/LOCATER V6.22.2.0                                                  01/08/2021  22:17:33  PAGE 110



  -------         MODULE        ?C?ISTOPTR
  C:22F4H         PUBLIC        ?C?ISTOPTR
  -------         ENDMOD        ?C?ISTOPTR

  -------         MODULE        ?C?LMUL
  C:2321H         PUBLIC        ?C?LMUL
  -------         ENDMOD        ?C?LMUL

  -------         MODULE        ?C?ULDIV
  C:23ACH         PUBLIC        ?C?ULDIV
  -------         ENDMOD        ?C?ULDIV

  -------         MODULE        ?C?SLDIV
  C:C667H         PUBLIC        ?C?SLDIV
  -------         ENDMOD        ?C?SLDIV

  -------         MODULE        ?C?LNEG
  C:243EH         PUBLIC        ?C?LNEG
  -------         ENDMOD        ?C?LNEG

  -------         MODULE        ?C?ULCMP
  C:244CH         PUBLIC        ?C?ULCMP
  -------         ENDMOD        ?C?ULCMP

  -------         MODULE        ?C?ULSHR
  C:245DH         PUBLIC        ?C?ULSHR
  -------         ENDMOD        ?C?ULSHR

  -------         MODULE        ?C?LLDXDATA
  C:2470H         PUBLIC        ?C?LLDXDATA
  -------         ENDMOD        ?C?LLDXDATA

  -------         MODULE        ?C?LLDCODE
  C:247CH         PUBLIC        ?C?LLDCODE
  -------         ENDMOD        ?C?LLDCODE

  -------         MODULE        ?C?LLDXDATA0
  C:248CH         PUBLIC        ?C?LLDXDATA0
  -------         ENDMOD        ?C?LLDXDATA0

  -------         MODULE        ?C?LLDCODE0
  C:2498H         PUBLIC        ?C?LLDCODE0
  -------         ENDMOD        ?C?LLDCODE0

  -------         MODULE        ?C?LSTXDATA
  C:24A8H         PUBLIC        ?C?LSTXDATA
  -------         ENDMOD        ?C?LSTXDATA

  -------         MODULE        ?C?LSTKXDATA
  C:24B4H         PUBLIC        ?C?LSTKXDATA
  -------         ENDMOD        ?C?LSTKXDATA

  -------         MODULE        ?C?OFFXADD
  C:24E5H         PUBLIC        ?C?OFFXADD
  -------         ENDMOD        ?C?OFFXADD

BL51 BANKED LINKER/LOCATER V6.22.2.0                                                  01/08/2021  22:17:33  PAGE 111


  -------         MODULE        ?C?PLDIXDATA
  C:24F1H         PUBLIC        ?C?PLDIXDATA
  -------         ENDMOD        ?C?PLDIXDATA

  -------         MODULE        ?C?PSTXDATA
  C:2508H         PUBLIC        ?C?PSTXDATA
  -------         ENDMOD        ?C?PSTXDATA

  -------         MODULE        ?C?CCASE
  C:2511H         PUBLIC        ?C?CCASE
  -------         ENDMOD        ?C?CCASE

  -------         MODULE        ?C?ICASE
  C:2537H         PUBLIC        ?C?ICASE
  -------         ENDMOD        ?C?ICASE

  -------         MODULE        PUTCHAR
  C:CA6FH         PUBLIC        _PUTCHAR
  -------         ENDMOD        PUTCHAR

  -------         MODULE        RAND
  X:0986H         PUBLIC        ?SRAND?BYTE
  C:C3D9H         PUBLIC        RAND
  C:C417H         PUBLIC        _SRAND
  -------         ENDMOD        RAND

  -------         MODULE        STRLEN
  C:CE1DH         PUBLIC        _STRLEN
  -------         ENDMOD        STRLEN

Program Size: data=15.5 xdata=2484 code=53313
LINK/LOCATE RUN COMPLETE.  0 WARNING(S),  0 ERROR(S)
