BL51 BANKED LINKER/LOCATER V6.22.2.0                                                    01/08/2021  13:03:49  PAGE 1


BL51 BANKED LINKER/LOCATER V6.22.2.0, INVOKED BY:
D:\KEIL_V5\C51\BIN\BL51.EXE .\Out_File\main.obj, .\Out_File\game_2048.obj, .\Out_File\delay.obj, .\Out_File\sys.obj, .\O
>> ut_File\timer.obj, .\Out_File\hc595.obj, .\Out_File\led8.obj, .\Out_File\matrix.obj, .\Out_File\nixietube.obj, .\Out_
>> File\keyboard.obj, .\Out_File\lcd1602.obj, .\Out_File\hardiic.obj, .\Out_File\oled.obj, .\Out_File\dht11.obj, .\Out_F
>> ile\tftlcd.obj, .\Out_File\gui.obj, .\Out_File\touch.obj, .\Out_File\ADC.obj, .\Out_File\eeprom.obj, .\Out_File\GPIO.
>> obj, .\Out_File\PWM.obj, .\Out_File\ir.obj, .\Out_File\pcf8563.obj TO .\Out_File\stc_demo PRINT (.\stc_demo.m51) RAMS
>> IZE (256) DISABLEWARNING (16)


MEMORY MODEL: LARGE WITH FLOATING POINT ARITHMETIC


INPUT MODULES INCLUDED:
  .\Out_File\main.obj (MAIN)
  .\Out_File\game_2048.obj (GAME_2048)
  .\Out_File\delay.obj (DELAY)
  .\Out_File\sys.obj (SYS)
  .\Out_File\timer.obj (TIMER)
  .\Out_File\hc595.obj (HC595)
  .\Out_File\led8.obj (LED8)
  .\Out_File\matrix.obj (MATRIX)
  .\Out_File\nixietube.obj (NIXIETUBE)
  .\Out_File\keyboard.obj (KEYBOARD)
  .\Out_File\lcd1602.obj (LCD1602)
  .\Out_File\hardiic.obj (HARDIIC)
  .\Out_File\oled.obj (OLED)
  .\Out_File\dht11.obj (DHT11)
  .\Out_File\tftlcd.obj (TFTLCD)
  .\Out_File\gui.obj (GUI)
  .\Out_File\touch.obj (TOUCH)
  .\Out_File\ADC.obj (ADC)
  .\Out_File\eeprom.obj (EEPROM)
  .\Out_File\GPIO.obj (GPIO)
  .\Out_File\PWM.obj (PWM)
  .\Out_File\ir.obj (IR)
  .\Out_File\pcf8563.obj (PCF8563)
  D:\KEIL_V5\C51\LIB\C51FPL.LIB (?C?FPADD)
  D:\KEIL_V5\C51\LIB\C51FPL.LIB (?C?FPMUL)
  D:\KEIL_V5\C51\LIB\C51FPL.LIB (?C?FPDIV)
  D:\KEIL_V5\C51\LIB\C51FPL.LIB (?C?FPCMP)
  D:\KEIL_V5\C51\LIB\C51FPL.LIB (?C?FCAST)
  D:\KEIL_V5\C51\LIB\C51FPL.LIB (?C?CASTF)
  D:\KEIL_V5\C51\LIB\C51FPL.LIB (PRINTF)
  D:\KEIL_V5\C51\LIB\C51FPL.LIB (FABS)
  D:\KEIL_V5\C51\LIB\C51FPL.LIB (SQRT)
  D:\KEIL_V5\C51\LIB\C51FPL.LIB (SIN)
  D:\KEIL_V5\C51\LIB\C51FPL.LIB (?C?FPGETOPN)
  D:\KEIL_V5\C51\LIB\C51FPL.LIB (?C?FPROUND)
  D:\KEIL_V5\C51\LIB\C51FPL.LIB (?C?FPCONVERT)
  D:\KEIL_V5\C51\LIB\C51FPL.LIB (?C?FPSERIES)
  D:\KEIL_V5\C51\LIB\C51FPL.LIB (?C?FTNPWR)
  D:\KEIL_V5\C51\LIB\C51L.LIB (?C_STARTUP)
  D:\KEIL_V5\C51\LIB\C51L.LIB (?C?COPY)
  D:\KEIL_V5\C51\LIB\C51L.LIB (?C?CLDPTR)
  D:\KEIL_V5\C51\LIB\C51L.LIB (?C?CLDOPTR)
  D:\KEIL_V5\C51\LIB\C51L.LIB (?C?CSTPTR)
  D:\KEIL_V5\C51\LIB\C51L.LIB (?C?CSTOPTR)
  D:\KEIL_V5\C51\LIB\C51L.LIB (?C?IMUL)
BL51 BANKED LINKER/LOCATER V6.22.2.0                                                  01/08/2021  13:03:49  PAGE 2


  D:\KEIL_V5\C51\LIB\C51L.LIB (?C?UIDIV)
  D:\KEIL_V5\C51\LIB\C51L.LIB (?C?SIDIV)
  D:\KEIL_V5\C51\LIB\C51L.LIB (?C?IILDX)
  D:\KEIL_V5\C51\LIB\C51L.LIB (?C?ILDIX)
  D:\KEIL_V5\C51\LIB\C51L.LIB (?C?ILDPTR)
  D:\KEIL_V5\C51\LIB\C51L.LIB (?C?IILDPTR)
  D:\KEIL_V5\C51\LIB\C51L.LIB (?C?ISTPTR)
  D:\KEIL_V5\C51\LIB\C51L.LIB (?C?ISTOPTR)
  D:\KEIL_V5\C51\LIB\C51L.LIB (?C?LMUL)
  D:\KEIL_V5\C51\LIB\C51L.LIB (?C?ULDIV)
  D:\KEIL_V5\C51\LIB\C51L.LIB (?C?SLDIV)
  D:\KEIL_V5\C51\LIB\C51L.LIB (?C?LNEG)
  D:\KEIL_V5\C51\LIB\C51L.LIB (?C?ULCMP)
  D:\KEIL_V5\C51\LIB\C51L.LIB (?C?ULSHR)
  D:\KEIL_V5\C51\LIB\C51L.LIB (?C?LLDXDATA)
  D:\KEIL_V5\C51\LIB\C51L.LIB (?C?LLDCODE)
  D:\KEIL_V5\C51\LIB\C51L.LIB (?C?LLDXDATA0)
  D:\KEIL_V5\C51\LIB\C51L.LIB (?C?LLDCODE0)
  D:\KEIL_V5\C51\LIB\C51L.LIB (?C?LSTXDATA)
  D:\KEIL_V5\C51\LIB\C51L.LIB (?C?LSTKXDATA)
  D:\KEIL_V5\C51\LIB\C51L.LIB (?C?OFFXADD)
  D:\KEIL_V5\C51\LIB\C51L.LIB (?C?PLDIXDATA)
  D:\KEIL_V5\C51\LIB\C51L.LIB (?C?PSTXDATA)
  D:\KEIL_V5\C51\LIB\C51L.LIB (?C?CCASE)
  D:\KEIL_V5\C51\LIB\C51L.LIB (PUTCHAR)
  D:\KEIL_V5\C51\LIB\C51L.LIB (RAND)
  D:\KEIL_V5\C51\LIB\C51L.LIB (STRLEN)
  D:\KEIL_V5\C51\LIB\C51L.LIB (?C_INIT)


LINK MAP OF MODULE:  .\Out_File\stc_demo (MAIN)


            TYPE    BASE      LENGTH    RELOCATION   SEGMENT NAME
            -----------------------------------------------------

            * * * * * * *   D A T A   M E M O R Y   * * * * * * *
            REG     0000H     0008H     ABSOLUTE     "REG BANK 0"
            DATA    0008H     0005H     UNIT         _DATA_GROUP_
                    000DH     0013H                  *** GAP ***
            BIT     0020H.0   0001H.1   UNIT         _BIT_GROUP_
            BIT     0021H.1   0000H.3   UNIT         ?BI?IR
            BIT     0021H.4   0000H.1   UNIT         ?BI?SIN?SIN
                    0021H.5   0000H.3                *** GAP ***
            IDATA   0022H     0001H     UNIT         ?STACK

            * * * * * * *  X D A T A   M E M O R Y  * * * * * * *
            XDATA   0000H     0429H     UNIT         ?XD?MAIN
            XDATA   0429H     0200H     UNIT         ?XD?OLED
            XDATA   0629H     0071H     UNIT         _XDATA_GROUP_
            XDATA   069AH     002AH     UNIT         ?XD?_TFT_LCD_FILL_TRIANGEL?TFTLCD
            XDATA   06C4H     0023H     UNIT         ?XD?TOUCH_ADJUST?TOUCH
            XDATA   06E7H     0021H     UNIT         ?XD?_TFT_LCD_DRAW_LINE1?TFTLCD
            XDATA   0708H     001EH     UNIT         ?XD?_CALENDAR_CIRCLE_CLOCK_SHOWTIME?GUI
            XDATA   0726H     0018H     UNIT         ?XD?_CALENDAR_CIRCLE_CLOCK_DRAWPANEL?GUI
            XDATA   073EH     0016H     UNIT         ?XD?_TFT_LCD_SHOW_NUM?TFTLCD
            XDATA   0754H     0015H     UNIT         ?XD?KEYBOARD
BL51 BANKED LINKER/LOCATER V6.22.2.0                                                  01/08/2021  13:03:49  PAGE 3


            XDATA   0769H     0014H     UNIT         ?XD?_LCD1602_SHOW_NUM?LCD1602
            XDATA   077DH     0014H     UNIT         ?XD?_OSCILLOSCOPE_AXIS?GUI
            XDATA   0791H     0013H     UNIT         ?XD?TFTLCD
            XDATA   07A4H     0012H     UNIT         ?XD?NIXIETUBE
            XDATA   07B6H     0012H     UNIT         ?XD?TOUCH_READ_RAW_X?TOUCH
            XDATA   07C8H     0012H     UNIT         ?XD?TOUCH_READ_RAW_Y?TOUCH
            XDATA   07DAH     0012H     UNIT         ?XD?TOUCH
            XDATA   07ECH     0011H     UNIT         ?XD?_OLED_SHOW_NUM?OLED
            XDATA   07FDH     0011H     UNIT         ?XD?_TFT_LCD_DRAW_CIRCLE?TFTLCD
            XDATA   080EH     0010H     UNIT         ?XD?_TFT_LCD_SHOW_FONT12?TFTLCD
            XDATA   081EH     0010H     UNIT         ?XD?_TFT_LCD_SHOW_FONT16?TFTLCD
            XDATA   082EH     0010H     UNIT         ?XD?_TFT_LCD_SHOW_FONT24?TFTLCD
            XDATA   083EH     000EH     UNIT         ?XD?_TFT_LCD_DRAW_TRIANGEL?TFTLCD
            XDATA   084CH     000EH     UNIT         ?XD?_TFT_LCD_DRAW_BMP16?TFTLCD
            XDATA   085AH     000EH     UNIT         ?XD?_TP_READ_XY2?TOUCH
            XDATA   0868H     000DH     UNIT         ?XD?_NIX_DISPLAY_NUM?NIXIETUBE
            XDATA   0875H     000BH     UNIT         ?XD?_OLED_SHOW_FONT12?OLED
            XDATA   0880H     000BH     UNIT         ?XD?_OLED_SHOW_FONT16?OLED
            XDATA   088BH     000BH     UNIT         ?XD?_OLED_SHOW_FONT24?OLED
            XDATA   0896H     000BH     UNIT         ?XD?_OLED_SHOW_FONT32?OLED
            XDATA   08A1H     000BH     UNIT         ?XD?_EEPROM_WRITE?EEPROM
            XDATA   08ACH     000AH     UNIT         ?XD?_TFT_DRAW_CIRCLE_8?TFTLCD
            XDATA   08B6H     000AH     UNIT         ?XD?_PCF8563_WRITE_RTC?PCF8563
            XDATA   08C0H     0009H     UNIT         ?XD?_OLED_SHOW_BMP?OLED
            XDATA   08C9H     0009H     UNIT         ?XD?_DHT11_READ_DATA?DHT11
            XDATA   08D2H     0009H     UNIT         ?XD?_PWM_FREQ_DUTY?PWM
            XDATA   08DBH     0009H     UNIT         ?XD?IR
            XDATA   08E4H     0008H     UNIT         ?XD?_MATRIX_DISPLAY?MATRIX
            XDATA   08ECH     0008H     UNIT         ?XD?DHT11_READ_TEMP?DHT11
            XDATA   08F4H     0008H     UNIT         ?XD?OSCILLOSCOPE_SIN?GUI
            XDATA   08FCH     0007H     UNIT         ?XD?_MATRIX_RUN?MATRIX
            XDATA   0903H     0007H     UNIT         ?XD?_LCD1602_SHOW_STRING?LCD1602
            XDATA   090AH     0007H     UNIT         ?XD?_TOUCH_GET_POINT?TOUCH
            XDATA   0911H     0007H     UNIT         ?XD?_GET_WEEKDAY?PCF8563
            XDATA   0918H     0006H     UNIT         ?XD?_NIX_DISPLAY_BUF?NIXIETUBE
            XDATA   091EH     0006H     UNIT         ?XD?_HARDIIC_READ_NBYTE?HARDIIC
            XDATA   0924H     0006H     UNIT         ?XD?_HARDIIC_WRITE_NBYTE?HARDIIC
            XDATA   092AH     0006H     UNIT         ?XD?_OLED_SHOW_STRING?OLED
            XDATA   0930H     0006H     UNIT         ?XD?_TFT_SWAP?TFTLCD
            XDATA   0936H     0006H     UNIT         ?XD?_TP_DROW_TOUCH_POINT?TOUCH
            XDATA   093CH     0006H     UNIT         ?XD?_EEPROM_READ?EEPROM
            XDATA   0942H     0006H     UNIT         ?XD?_EEPROM_WRITE_FLOAT?EEPROM
            XDATA   0948H     0004H     UNIT         ?XD?SYS
            XDATA   094CH     0004H     UNIT         ?XD?_OLED_SHOW_CHAR?OLED
            XDATA   0950H     0004H     UNIT         ?XD?DHT11_READ_HUMIDITY?DHT11
            XDATA   0954H     0004H     UNIT         ?XD?TFT_LCD_RD_DATA_16BIT?TFTLCD
            XDATA   0958H     0004H     UNIT         ?XD?TOUCH_READ_PRESSURE?TOUCH
            XDATA   095CH     0004H     UNIT         ?XD?TOUCH_READ_X?TOUCH
            XDATA   0960H     0004H     UNIT         ?XD?TOUCH_READ_Y?TOUCH
            XDATA   0964H     0004H     UNIT         ?XD?_EEPROM_READ_FLOAT?EEPROM
            XDATA   0968H     0004H     UNIT         ?XD?SQRT?SQRT
            XDATA   096CH     0004H     UNIT         ?XD?SIN?SIN
            XDATA   0970H     0004H     UNIT         ?XD?RAND?RAND
            XDATA   0974H     0003H     UNIT         ?XD?_HC595_BIT_SELECT?HC595
            XDATA   0977H     0003H     UNIT         ?XD?GUI
            XDATA   097AH     0002H     UNIT         ?XD?HC595_ENABLE_NIX?HC595
            XDATA   097CH     0002H     UNIT         ?XD?HC595_ENABLE_MATRIX?HC595
BL51 BANKED LINKER/LOCATER V6.22.2.0                                                  01/08/2021  13:03:49  PAGE 4


            XDATA   097EH     0002H     UNIT         ?XD?HC595_BIT_DISABLE?HC595
            XDATA   0980H     0002H     UNIT         ?XD?LED8
            XDATA   0982H     0002H     UNIT         ?XD?OLED_DISPLAY?OLED
            XDATA   0984H     0002H     UNIT         ?XD?DHT11_READ_BYTE?DHT11
            XDATA   0986H     0002H     UNIT         ?XD?_TFT_LCD_READ_POINT?TFTLCD
            XDATA   0988H     0002H     UNIT         ?XD?_TFT_GUI_DRAWPOINT?TFTLCD
            XDATA   098AH     0002H     UNIT         ?XD?_EEPROM_SECTOR_ERASE?EEPROM
            XDATA   098CH     0002H     UNIT         ?XD?_EEPROM_READ_INT?EEPROM
            XDATA   098EH     0002H     UNIT         ?XD?_EEPROM_WRITE_INT?EEPROM
            XDATA   0990H     0001H     UNIT         ?XD?_LCD1602_WRITE_DATA?LCD1602
            XDATA   0991H     0001H     UNIT         ?XD?_LCD1602_WRITE_COMMAND?LCD1602
            XDATA   0992H     0001H     UNIT         ?XD?_LCD1602_SHOW_CHAR?LCD1602
            XDATA   0993H     0001H     UNIT         ?XD?_OLED_WRITE_COMMAND?OLED
            XDATA   0994H     0001H     UNIT         ?XD?_OLED_WRITE_DATA?OLED
            XDATA   0995H     0001H     UNIT         ?XD?_OLED_WR_BYTE?OLED
            XDATA   0996H     0001H     UNIT         ?XD?_OLED_SET_POS?OLED
            XDATA   0997H     0001H     UNIT         ?XD?DHT11_CHECK?DHT11
            XDATA   0998H     0001H     UNIT         ?XD?DHT11_READ_BIT?DHT11
            XDATA   0999H     0001H     UNIT         ?XD?ADC

            * * * * * * *   C O D E   M E M O R Y   * * * * * * *
            CODE    0000H     0003H     ABSOLUTE     
            CODE    0003H     0007H     UNIT         ?PR?DISABLE_IR_OUT?IR
                    000AH     0001H                  *** GAP ***
            CODE    000BH     0003H     ABSOLUTE     
            CODE    000EH     0092H     UNIT         ?PR?IO_KEYSCAN?KEYBOARD
            CODE    00A0H     0003H     UNIT         ?PR?MATRIX_INIT?MATRIX
            CODE    00A3H     0003H     ABSOLUTE     
            CODE    00A6H     0E95H     UNIT         ?PR?_CALENDAR_CIRCLE_CLOCK_SHOWTIME?GUI
            CODE    0F3BH     0B29H     UNIT         ?PR?TOUCH_ADJUST?TOUCH
            CODE    1A64H     0AD3H     UNIT         ?C?LIB_CODE
            CODE    2537H     0A6BH     UNIT         ?CO?TFTLCD
            CODE    2FA2H     0771H     UNIT         ?PR?_CALENDAR_CIRCLE_CLOCK_DRAWPANEL?GUI
            CODE    3713H     0573H     UNIT         ?PR?_OSCILLOSCOPE_AXIS?GUI
            CODE    3C86H     04FEH     UNIT         ?CO?OLED
            CODE    4184H     04FAH     UNIT         ?PR?_TFT_LCD_FILL_TRIANGEL?TFTLCD
            CODE    467EH     04C6H     UNIT         ?PR?_TFT_LCD_SHOW_FONT32?TFTLCD
            CODE    4B44H     0485H     UNIT         ?PR?_TFT_LCD_SHOW_FONT24?TFTLCD
            CODE    4FC9H     0483H     UNIT         ?PR?PRINTF?PRINTF
            CODE    544CH     0480H     UNIT         ?PR?_TFT_LCD_SHOW_FONT16?TFTLCD
            CODE    58CCH     039FH     UNIT         ?PR?_TFT_LCD_SHOW_FONT12?TFTLCD
            CODE    5C6BH     039BH     UNIT         ?PR?TOUCH_READ_RAW_X?TOUCH
            CODE    6006H     039BH     UNIT         ?PR?TOUCH_READ_RAW_Y?TOUCH
            CODE    63A1H     038BH     UNIT         ?PR?MAIN?MAIN
            CODE    672CH     0327H     UNIT         ?PR?_TFT_LCD_DRAW_LINE1?TFTLCD
            CODE    6A53H     02D3H     UNIT         ?PR?_PWM_INIT?PWM
            CODE    6D26H     02B1H     UNIT         ?PR?_PINMODE?GPIO
            CODE    6FD7H     02A6H     UNIT         ?PR?_OLED_SHOW_FONT32?OLED
            CODE    727DH     029DH     UNIT         ?PR?_OLED_SHOW_FONT24?OLED
            CODE    751AH     029AH     UNIT         ?PR?_OLED_SHOW_FONT16?OLED
            CODE    77B4H     027AH     UNIT         ?C_INITSEG
            CODE    7A2EH     0266H     UNIT         ?PR?_OLED_SHOW_FONT12?OLED
            CODE    7C94H     0246H     UNIT         ?PR?_TFT_LCD_SHOW_CHAR?TFTLCD
            CODE    7EDAH     021EH     UNIT         ?PR?_TFT_LCD_DRAW_LINE?TFTLCD
            CODE    80F8H     01EEH     UNIT         ?PR?TFT_LCD_INIT?TFTLCD
            CODE    82E6H     01E4H     UNIT         ?PR?_TOUCH_GET_POINT?TOUCH
            CODE    84CAH     01E2H     UNIT         ?PR?_TFT_LCD_DRAW_CIRCLE?TFTLCD
BL51 BANKED LINKER/LOCATER V6.22.2.0                                                  01/08/2021  13:03:49  PAGE 5


            CODE    86ACH     01CAH     UNIT         ?PR?_NIX_DISPLAY_NUM?NIXIETUBE
            CODE    8876H     0191H     UNIT         ?PR?_PWM_SET_GPIO?PWM
            CODE    8A07H     0188H     UNIT         ?PR?SIN?SIN
            CODE    8B8FH     016FH     UNIT         ?PR?_PWM_FREQ_DUTY?PWM
            CODE    8CFEH     015DH     UNIT         ?PR?_TP_DROW_TOUCH_POINT?TOUCH
            CODE    8E5BH     0150H     UNIT         ?PR?_PWM_DUTY?PWM
            CODE    8FABH     0141H     UNIT         ?PR?OSCILLOSCOPE_SIN?GUI
            CODE    90ECH     013DH     UNIT         ?PR?_TFT_DRAW_CIRCLE_8?TFTLCD
            CODE    9229H     012EH     UNIT         ?PR?_IR_SEND_NEC?IR
            CODE    9357H     012DH     UNIT         ?PR?_TFT_LCD_DIRECTION?TFTLCD
            CODE    9484H     0125H     UNIT         ?PR?_TP_READ_XY2?TOUCH
            CODE    95A9H     011AH     UNIT         ?PR?_EEPROM_WRITE?EEPROM
            CODE    96C3H     0113H     UNIT         ?PR?_TFT_LCD_FILL?TFTLCD
            CODE    97D6H     00F8H     UNIT         ?PR?_PCF8563_WRITE_RTC?PCF8563
            CODE    98CEH     00F4H     UNIT         ?PR?IR_REC_CALLBACK?IR
            CODE    99C2H     00ECH     UNIT         ?PR?_OLED_SHOW_CHAR?OLED
            CODE    9AAEH     00EBH     UNIT         ?PR?_GET_WEEKDAY?PCF8563
            CODE    9B99H     00E6H     UNIT         ?PR?_TFT_LCD_DRAW_RECTANGLE?TFTLCD
            CODE    9C7FH     00E2H     UNIT         ?PR?TOUCH_READ_PRESSURE?TOUCH
            CODE    9D61H     00D8H     UNIT         ?PR?_TFT_LCD_DRAW_BMP16?TFTLCD
            CODE    9E39H     00C8H     UNIT         ?PR?_PCF8563_READ_RTC?PCF8563
            CODE    9F01H     00BDH     UNIT         ?PR?DHT11_READ_TEMP?DHT11
            CODE    9FBEH     00B1H     UNIT         ?PR?_DHT11_READ_DATA?DHT11
            CODE    A06FH     00ADH     UNIT         ?PR?OLED_INIT?OLED
            CODE    A11CH     00ACH     UNIT         ?PR?SQRT?SQRT
            CODE    A1C8H     00ABH     UNIT         ?PR?_OLED_SET_PIXEL?OLED
            CODE    A273H     00A3H     UNIT         ?PR?_TFT_LCD_DRAW_TRIANGEL?TFTLCD
            CODE    A316H     009BH     UNIT         ?PR?_MATRIX_DISPLAY?MATRIX
            CODE    A3B1H     009AH     UNIT         ?PR?TOUCH_READ_X?TOUCH
            CODE    A44BH     009AH     UNIT         ?PR?TOUCH_READ_Y?TOUCH
            CODE    A4E5H     0097H     UNIT         ?PR?_TFT_LCD_SHOW_STRING?TFTLCD
            CODE    A57CH     008CH     UNIT         ?C_C51STARTUP
            CODE    A608H     0082H     UNIT         ?PR?TFT_LCD_RD_DATA_16BIT?TFTLCD
            CODE    A68AH     0080H     UNIT         ?PR?_TFT_LCD_SET_WINDOWS?TFTLCD
            CODE    A70AH     007CH     UNIT         ?PR?_OLED_SHOW_BMP?OLED
            CODE    A786H     0076H     UNIT         ?PR?_TFT_LCD_SHOW_NUM?TFTLCD
            CODE    A7FCH     0073H     UNIT         ?PR?SETDATA?MAIN
            CODE    A86FH     0073H     UNIT         ?PR?TIMER0_INTERRUPT?MAIN
            CODE    A8E2H     0073H     UNIT         ?PR?_MATRIX_RUN?MATRIX
            CODE    A955H     0072H     UNIT         ?PR?_ADC_INIT?ADC
            CODE    A9C7H     006FH     UNIT         ?PR?_EEPROM_READ?EEPROM
            CODE    AA36H     006DH     UNIT         ?PR?_NIX_DISPLAY_BUF?NIXIETUBE
            CODE    AAA3H     006BH     UNIT         ?PR?OLED_DISPLAY?OLED
            CODE    AB0EH     0064H     UNIT         ?PR?_LCD1602_SHOW_STRING?LCD1602
            CODE    AB72H     0064H     UNIT         ?PR?_PCF8563_READ_NBYTE?PCF8563
            CODE    ABD6H     005FH     UNIT         ?PR?_OLED_SHOW_STRING?OLED
            CODE    AC35H     005DH     UNIT         ?PR?DHT11_CHECK?DHT11
            CODE    AC92H     005CH     UNIT         ?PR?LCD1602_INIT?LCD1602
            CODE    ACEEH     005BH     UNIT         ?PR?_PULLMODE?GPIO
            CODE    AD49H     0057H     UNIT         ?PR?LED8_RUN?LED8
            CODE    ADA0H     0057H     UNIT         ?PR?_TFT_SWAP?TFTLCD
            CODE    ADF7H     0055H     UNIT         ?PR?_TFT_LCD_CLEAR?TFTLCD
            CODE    AE4CH     0053H     UNIT         ?PR?_HC595_SEND_MULTI_BYTE?HC595
            CODE    AE9FH     004EH     UNIT         ?PR?_TFT_LCD_SET_CURSOR?TFTLCD
            CODE    AEEDH     004DH     UNIT         ?PR?RAND?RAND
            CODE    AF3AH     004AH     UNIT         ?PR?_HC595_BIT_SELECT?HC595
            CODE    AF84H     004AH     UNIT         ?PR?_LCD1602_SHOW_NUM?LCD1602
BL51 BANKED LINKER/LOCATER V6.22.2.0                                                  01/08/2021  13:03:49  PAGE 6


            CODE    AFCEH     004AH     UNIT         ?PR?_TFT_LCD_READREG?TFTLCD
            CODE    B018H     004AH     UNIT         ?PR?_TFT_LCD_READ_POINT?TFTLCD
            CODE    B062H     0049H     UNIT         ?PR?_PCF8563_WRITE_NBYTE?PCF8563
            CODE    B0ABH     0046H     UNIT         ?PR?DHT11_READ_BIT?DHT11
            CODE    B0F1H     0046H     UNIT         ?PR?_TFT_LCD_DRAW_POINT?TFTLCD
            CODE    B137H     0044H     UNIT         ?C?LDIV
            CODE    B17BH     0041H     UNIT         ?PR?TIMER4_INTERRUPT?MAIN
            CODE    B1BCH     0040H     UNIT         ?PR?_HC595_SEND_BYTE?HC595
            CODE    B1FCH     0040H     UNIT         ?PR?_TOUCH_INIT?TOUCH
            CODE    B23CH     0040H     UNIT         ?PR?_ADC_READ?ADC
            CODE    B27CH     003DH     UNIT         ?CO?MAIN
            CODE    B2B9H     003BH     UNIT         ?PR?_LCD1602_WRITE_DATA?LCD1602
            CODE    B2F4H     003BH     UNIT         ?PR?_LCD1602_WRITE_COMMAND?LCD1602
            CODE    B32FH     003AH     UNIT         ?PR?OLED_CLEAR?OLED
            CODE    B369H     003AH     UNIT         ?PR?_OLED_FILL?OLED
            CODE    B3A3H     003AH     UNIT         ?PR?_OLED_SHOW_NUM?OLED
            CODE    B3DDH     0039H     UNIT         ?PR?_HARDIIC_READ_NBYTE?HARDIIC
            CODE    B416H     0038H     UNIT         ?PR?DHT11_READ_BYTE?DHT11
            CODE    B44EH     0037H     UNIT         ?CO?TOUCH
            CODE    B485H     0033H     UNIT         ?PR?_HARDIIC_WRITE_NBYTE?HARDIIC
            CODE    B4B8H     0033H     UNIT         ?PR?_TFT_GUI_DRAWPOINT?TFTLCD
            CODE    B4EBH     0032H     UNIT         ?PR?TFT_LCD_READ_ID?TFTLCD
            CODE    B51DH     0032H     UNIT         ?PR?_EEPROM_SECTOR_ERASE?EEPROM
            CODE    B54FH     002DH     UNIT         ?PR?INITMCU?SYS
            CODE    B57CH     0027H     UNIT         ?PR?PUTCHAR?PUTCHAR
            CODE    B5A3H     0026H     UNIT         ?PR?_OLED_WRITE_COMMAND?OLED
            CODE    B5C9H     0026H     UNIT         ?PR?_OLED_WRITE_DATA?OLED
            CODE    B5EFH     0026H     UNIT         ?PR?_OLED_SET_POS?OLED
            CODE    B615H     0025H     UNIT         ?PR?TFT_LCD_SET_GPIO?TFTLCD
            CODE    B63AH     0025H     UNIT         ?PR?_TFT_LCD_FILL_RECTANGLE?TFTLCD
            CODE    B65FH     0025H     UNIT         ?PR?_ENABLE_IR_OUT?IR
            CODE    B684H     0024H     UNIT         ?PR?HARDIIC_WAIT_ACK?HARDIIC
            CODE    B6A8H     0023H     UNIT         ?PR?_LCD1602_SHOW_CHAR?LCD1602
            CODE    B6CBH     0020H     UNIT         ?PR?HC595_DISABLE?HC595
            CODE    B6EBH     0020H     UNIT         ?PR?HC595_ENABLE_NIX?HC595
            CODE    B70BH     0020H     UNIT         ?PR?HC595_ENABLE_MATRIX?HC595
            CODE    B72BH     0020H     UNIT         ?PR?HC595_BIT_DISABLE?HC595
            CODE    B74BH     001FH     UNIT         ?PR?_TFT_COLOR_TO_565?TFTLCD
            CODE    B76AH     001FH     UNIT         ?PR?EEPROM_TRIG?EEPROM
            CODE    B789H     001DH     UNIT         ?PR?NIX_INIT?NIXIETUBE
            CODE    B7A6H     001CH     UNIT         ?PR?_IR_TX_MARK?IR
            CODE    B7C2H     001CH     UNIT         ?PR?_IR_TX_SPACE?IR
            CODE    B7DEH     001BH     UNIT         ?PR?HARDIIC_INIT?HARDIIC
            CODE    B7F9H     001BH     UNIT         ?PR?_OLED_WR_BYTE?OLED
            CODE    B814H     0019H     UNIT         ?PR?TIMER0_INIT?TIMER
            CODE    B82DH     0019H     UNIT         ?PR?TIMER1_INIT?TIMER
            CODE    B846H     0019H     UNIT         ?PR?HC595_INIT?HC595
            CODE    B85FH     0019H     UNIT         ?PR?TFT_LCD_RESET?TFTLCD
            CODE    B878H     0019H     UNIT         ?PR?PCF8563_INIT?PCF8563
            CODE    B891H     0018H     UNIT         ?PR?_EEPROM_READ_FLOAT?EEPROM
            CODE    B8A9H     0017H     UNIT         ?PR?_EEPROM_WRITE_INT?EEPROM
            CODE    B8C0H     0016H     UNIT         ?PR?TIMER2_INIT?TIMER
            CODE    B8D6H     0015H     UNIT         ?PR?LCD1602_READ_STATUS?LCD1602
            CODE    B8EBH     0015H     UNIT         ?PR?OLED_DISPLAY_ON?OLED
            CODE    B900H     0015H     UNIT         ?PR?OLED_DISPLAY_OFF?OLED
            CODE    B915H     0015H     UNIT         ?PR?_TFT_LCD_WR_DATA_16BIT?TFTLCD
            CODE    B92AH     0015H     UNIT         ?PR?_STRLEN?STRLEN
BL51 BANKED LINKER/LOCATER V6.22.2.0                                                  01/08/2021  13:03:49  PAGE 7


            CODE    B93FH     0013H     UNIT         ?PR?TIMER3_INIT?TIMER
            CODE    B952H     0013H     UNIT         ?PR?TIMER4_INIT?TIMER
            CODE    B965H     0012H     UNIT         ?CO?HC595
            CODE    B977H     0012H     UNIT         ?PR?DHT11_READ_HUMIDITY?DHT11
            CODE    B989H     0012H     UNIT         ?PR?TFT_LCD_READ?TFTLCD
            CODE    B99BH     0012H     UNIT         ?PR?_EEPROM_READ_INT?EEPROM
            CODE    B9ADH     0011H     UNIT         ?PR?_DELAY?DELAY
            CODE    B9BEH     0010H     UNIT         ?CO?KEYBOARD
            CODE    B9CEH     000FH     UNIT         ?PR?HARDIIC_NACK?HARDIIC
            CODE    B9DDH     000FH     UNIT         ?PR?HARDIIC_READ_BYTE?HARDIIC
            CODE    B9ECH     000FH     UNIT         ?PR?_TFT_LCD_WRITE?TFTLCD
            CODE    B9FBH     000FH     UNIT         ?PR?_EEPROM_WRITE_FLOAT?EEPROM
            CODE    BA0AH     000FH     UNIT         ?PR?_IR_DELAYUS?IR
            CODE    BA19H     000EH     UNIT         ?PR?HARDIIC_ACK?HARDIIC
            CODE    BA27H     000EH     UNIT         ?PR?_HARDIIC_SEND_BYTE?HARDIIC
            CODE    BA35H     000EH     UNIT         ?PR?DHT11_RST?DHT11
            CODE    BA43H     000EH     UNIT         ?PR?DHT11_INIT?DHT11
            CODE    BA51H     000EH     UNIT         ?PR?EEPROM_DISABLE?EEPROM
            CODE    BA5FH     000DH     UNIT         ?PR?HC595_OUT_ENABLE?HC595
            CODE    BA6CH     000DH     UNIT         ?PR?LCD1602_READ_DATA?LCD1602
            CODE    BA79H     000DH     UNIT         ?PR?_FABS?FABS
            CODE    BA86H     000CH     UNIT         ?PR?LCD1602_CLEAR?LCD1602
            CODE    BA92H     000CH     UNIT         ?PR?HARDIIC_WAIT?HARDIIC
            CODE    BA9EH     000BH     UNIT         ?PR?TFT_LCD_WRITERAM_PREPARE?TFTLCD
            CODE    BAA9H     000BH     UNIT         ?PR?TFT_LCD_READRAM_PREPARE?TFTLCD
            CODE    BAB4H     000BH     UNIT         ?PR?IR_RX_AVAILABLE?IR
            CODE    BABFH     000AH     UNIT         ?PR?DELAY100US?DELAY
            CODE    BAC9H     000AH     UNIT         ?PR?DELAY1MS?DELAY
            CODE    BAD3H     000AH     UNIT         ?PR?DELAY40US?DHT11
            CODE    BADDH     000AH     UNIT         ?PR?_TFT_LCD_WR_DATA?TFTLCD
            CODE    BAE7H     000AH     UNIT         ?PR?TFT_LCD_RD_DATA?TFTLCD
            CODE    BAF1H     000AH     UNIT         ?PR?_TFT_LCD_WRITEREG?TFTLCD
            CODE    BAFBH     0009H     UNIT         ?PR?LED8_ENABLE?LED8
            CODE    BB04H     0009H     UNIT         ?PR?LED8_DISABLE?LED8
            CODE    BB0DH     0009H     UNIT         ?PR?HARDIIC_START?HARDIIC
            CODE    BB16H     0009H     UNIT         ?PR?HARDIIC_STOP?HARDIIC
            CODE    BB1FH     0007H     UNIT         ?PR?IR_RX_INIT?IR
            CODE    BB26H     0007H     UNIT         ?PR?IR_RX_USER_CODE?IR
            CODE    BB2DH     0006H     UNIT         ?PR?IR_RX_IRCODE?IR
            CODE    BB33H     0005H     UNIT         ?PR?DELAY1US?DELAY
            CODE    BB38H     0005H     UNIT         ?PR?DELAY5US?DELAY
            CODE    BB3DH     0005H     UNIT         ?PR?DELAY10US?DELAY
            CODE    BB42H     0005H     UNIT         ?PR?DELAY50US?DELAY
            CODE    BB47H     0005H     UNIT         ?PR?_TFT_LCD_WR_REG?TFTLCD
            CODE    BB4CH     0003H     UNIT         ?CO?LCD1602



OVERLAY MAP OF MODULE:   .\Out_File\stc_demo (MAIN)


SEGMENT                                             BIT_GROUP          DATA_GROUP          XDATA_GROUP
  +--> CALLED SEGMENT                            START    LENGTH     START    LENGTH     START    LENGTH
--------------------------------------------------------------------------------------------------------
?PR?TIMER0_INTERRUPT?MAIN                        -----    -----      -----    -----      -----    -----
  +--> ?PR?IO_KEYSCAN?KEYBOARD

BL51 BANKED LINKER/LOCATER V6.22.2.0                                                  01/08/2021  13:03:49  PAGE 8


?PR?IO_KEYSCAN?KEYBOARD                          -----    -----      -----    -----      -----    -----
  +--> ?CO?KEYBOARD

*** NEW ROOT ***************************************************

?PR?TIMER4_INTERRUPT?MAIN                        -----    -----      -----    -----      -----    -----
  +--> ?PR?IR_REC_CALLBACK?IR

?PR?IR_REC_CALLBACK?IR                           -----    -----      -----    -----      0629H    0002H

*** NEW ROOT ***************************************************

?C_C51STARTUP                                    -----    -----      -----    -----      -----    -----
  +--> ?PR?MAIN?MAIN
  +--> ?C_INITSEG

?PR?MAIN?MAIN                                    -----    -----      -----    -----      062BH    003DH
  +--> ?PR?INITMCU?SYS
  +--> ?PR?TIMER0_INIT?TIMER
  +--> ?PR?TIMER4_INIT?TIMER
  +--> ?PR?PCF8563_INIT?PCF8563
  +--> ?PR?IR_RX_INIT?IR
  +--> ?PR?TFT_LCD_INIT?TFTLCD
  +--> ?PR?_TFT_LCD_CLEAR?TFTLCD
  +--> ?PR?_PCF8563_READ_RTC?PCF8563
  +--> ?PR?RAND?RAND
  +--> ?PR?SETDATA?MAIN
  +--> ?PR?_TFT_LCD_SHOW_FONT32?TFTLCD
  +--> ?CO?MAIN
  +--> ?PR?_TFT_LCD_SHOW_STRING?TFTLCD
  +--> ?PR?_TFT_LCD_DRAW_RECTANGLE?TFTLCD
  +--> ?PR?_TFT_LCD_FILL_RECTANGLE?TFTLCD
  +--> ?PR?_TFT_LCD_DRAW_LINE?TFTLCD
  +--> ?PR?_IR_SEND_NEC?IR
  +--> ?PR?IR_RX_AVAILABLE?IR
  +--> ?PR?PRINTF?PRINTF
  +--> ?PR?_STRLEN?STRLEN

?PR?INITMCU?SYS                                  -----    -----      -----    -----      -----    -----
  +--> ?PR?LED8_DISABLE?LED8
  +--> ?PR?HC595_INIT?HC595
  +--> ?PR?HC595_DISABLE?HC595

?PR?HC595_DISABLE?HC595                          -----    -----      -----    -----      0668H    0002H
  +--> ?CO?HC595
  +--> ?PR?_HC595_SEND_MULTI_BYTE?HC595

?PR?_HC595_SEND_MULTI_BYTE?HC595                 -----    -----      -----    -----      066AH    0007H
  +--> ?PR?_HC595_SEND_BYTE?HC595
  +--> ?PR?HC595_OUT_ENABLE?HC595

?PR?_HC595_SEND_BYTE?HC595                       -----    -----      -----    -----      0671H    0002H
  +--> ?PR?DELAY10US?DELAY

?PR?HC595_OUT_ENABLE?HC595                       -----    -----      -----    -----      -----    -----
  +--> ?PR?DELAY10US?DELAY

BL51 BANKED LINKER/LOCATER V6.22.2.0                                                  01/08/2021  13:03:49  PAGE 9


?PR?PCF8563_INIT?PCF8563                         -----    -----      -----    -----      0668H    0001H
  +--> ?PR?HARDIIC_INIT?HARDIIC
  +--> ?PR?_PCF8563_WRITE_NBYTE?PCF8563

?PR?_PCF8563_WRITE_NBYTE?PCF8563                 -----    -----      -----    -----      0669H    0005H
  +--> ?PR?HARDIIC_START?HARDIIC
  +--> ?PR?_HARDIIC_SEND_BYTE?HARDIIC
  +--> ?PR?HARDIIC_WAIT_ACK?HARDIIC
  +--> ?PR?HARDIIC_STOP?HARDIIC

?PR?HARDIIC_START?HARDIIC                        -----    -----      -----    -----      -----    -----
  +--> ?PR?HARDIIC_WAIT?HARDIIC

?PR?_HARDIIC_SEND_BYTE?HARDIIC                   -----    -----      -----    -----      -----    -----
  +--> ?PR?HARDIIC_WAIT?HARDIIC

?PR?HARDIIC_WAIT_ACK?HARDIIC                     -----    -----      -----    -----      -----    -----
  +--> ?PR?HARDIIC_START?HARDIIC
  +--> ?PR?_HARDIIC_SEND_BYTE?HARDIIC
  +--> ?PR?HARDIIC_WAIT?HARDIIC

?PR?HARDIIC_STOP?HARDIIC                         -----    -----      -----    -----      -----    -----
  +--> ?PR?HARDIIC_WAIT?HARDIIC

?PR?TFT_LCD_INIT?TFTLCD                          -----    -----      -----    -----      -----    -----
  +--> ?PR?TFT_LCD_SET_GPIO?TFTLCD
  +--> ?PR?TFT_LCD_RESET?TFTLCD
  +--> ?PR?_TFT_LCD_WR_REG?TFTLCD
  +--> ?PR?_DELAY?DELAY
  +--> ?PR?_TFT_LCD_WR_DATA?TFTLCD
  +--> ?PR?TFT_LCD_READ_ID?TFTLCD
  +--> ?PR?_TFT_LCD_DIRECTION?TFTLCD

?PR?TFT_LCD_RESET?TFTLCD                         -----    -----      -----    -----      -----    -----
  +--> ?PR?_DELAY?DELAY

?PR?_DELAY?DELAY                                 -----    -----      -----    -----      -----    -----
  +--> ?PR?DELAY1MS?DELAY

?PR?_TFT_LCD_WR_REG?TFTLCD                       -----    -----      -----    -----      -----    -----
  +--> ?PR?_TFT_LCD_WRITE?TFTLCD

?PR?_TFT_LCD_WR_DATA?TFTLCD                      -----    -----      -----    -----      -----    -----
  +--> ?PR?_TFT_LCD_WR_REG?TFTLCD
  +--> ?PR?_TFT_LCD_WRITE?TFTLCD

?PR?TFT_LCD_READ_ID?TFTLCD                       -----    -----      -----    -----      0668H    0004H
  +--> ?CO?TFTLCD
  +--> ?PR?_TFT_LCD_READREG?TFTLCD

?PR?_TFT_LCD_READREG?TFTLCD                      -----    -----      -----    -----      066CH    0006H
  +--> ?PR?_TFT_LCD_WR_REG?TFTLCD
  +--> ?PR?TFT_LCD_RD_DATA?TFTLCD

?PR?TFT_LCD_RD_DATA?TFTLCD                       -----    -----      -----    -----      -----    -----
  +--> ?PR?TFT_LCD_READ?TFTLCD

BL51 BANKED LINKER/LOCATER V6.22.2.0                                                  01/08/2021  13:03:49  PAGE 10


?PR?TFT_LCD_READ?TFTLCD                          -----    -----      -----    -----      -----    -----
  +--> ?PR?DELAY1US?DELAY

?PR?_TFT_LCD_DIRECTION?TFTLCD                    -----    -----      -----    -----      -----    -----
  +--> ?PR?_TFT_LCD_WRITEREG?TFTLCD

?PR?_TFT_LCD_WRITEREG?TFTLCD                     -----    -----      -----    -----      -----    -----
  +--> ?PR?_TFT_LCD_WR_REG?TFTLCD
  +--> ?PR?_TFT_LCD_WR_DATA?TFTLCD

?PR?_TFT_LCD_CLEAR?TFTLCD                        -----    -----      -----    -----      0668H    0004H
  +--> ?PR?_TFT_LCD_SET_WINDOWS?TFTLCD
  +--> ?PR?_TFT_LCD_WR_DATA_16BIT?TFTLCD

?PR?_TFT_LCD_SET_WINDOWS?TFTLCD                  -----    -----      -----    -----      0692H    0008H
  +--> ?PR?_TFT_LCD_WR_REG?TFTLCD
  +--> ?PR?_TFT_LCD_WR_DATA?TFTLCD
  +--> ?PR?TFT_LCD_WRITERAM_PREPARE?TFTLCD

?PR?TFT_LCD_WRITERAM_PREPARE?TFTLCD              -----    -----      -----    -----      -----    -----
  +--> ?PR?_TFT_LCD_WR_REG?TFTLCD

?PR?_TFT_LCD_WR_DATA_16BIT?TFTLCD                -----    -----      -----    -----      -----    -----
  +--> ?PR?_TFT_LCD_WRITE?TFTLCD

?PR?_PCF8563_READ_RTC?PCF8563                    -----    -----      -----    -----      0668H    000AH
  +--> ?PR?_PCF8563_READ_NBYTE?PCF8563

?PR?_PCF8563_READ_NBYTE?PCF8563                  -----    -----      -----    -----      0672H    0005H
  +--> ?PR?HARDIIC_START?HARDIIC
  +--> ?PR?_HARDIIC_SEND_BYTE?HARDIIC
  +--> ?PR?HARDIIC_WAIT_ACK?HARDIIC
  +--> ?PR?HARDIIC_READ_BYTE?HARDIIC
  +--> ?PR?HARDIIC_ACK?HARDIIC
  +--> ?PR?HARDIIC_NACK?HARDIIC
  +--> ?PR?HARDIIC_STOP?HARDIIC

?PR?HARDIIC_READ_BYTE?HARDIIC                    -----    -----      -----    -----      -----    -----
  +--> ?PR?HARDIIC_WAIT?HARDIIC

?PR?HARDIIC_ACK?HARDIIC                          -----    -----      -----    -----      -----    -----
  +--> ?PR?HARDIIC_WAIT?HARDIIC

?PR?HARDIIC_NACK?HARDIIC                         -----    -----      -----    -----      -----    -----
  +--> ?PR?HARDIIC_WAIT?HARDIIC

?PR?SETDATA?MAIN                                 -----    -----      -----    -----      0668H    0001H

?PR?_TFT_LCD_SHOW_FONT32?TFTLCD                  -----    -----      -----    -----      0668H    0010H
  +--> ?PR?_TFT_LCD_SET_CURSOR?TFTLCD
  +--> ?PR?_TFT_LCD_WR_DATA_16BIT?TFTLCD
  +--> ?PR?_TFT_LCD_SET_WINDOWS?TFTLCD

?PR?_TFT_LCD_SET_CURSOR?TFTLCD                   -----    -----      -----    -----      -----    -----
  +--> ?PR?_TFT_LCD_SET_WINDOWS?TFTLCD

?PR?_TFT_LCD_SHOW_STRING?TFTLCD                  -----    -----      -----    -----      0668H    000DH
BL51 BANKED LINKER/LOCATER V6.22.2.0                                                  01/08/2021  13:03:49  PAGE 11


  +--> ?PR?_TFT_LCD_SHOW_CHAR?TFTLCD

?PR?_TFT_LCD_SHOW_CHAR?TFTLCD                    -----    -----      -----    -----      0675H    000DH
  +--> ?CO?TFTLCD
  +--> ?PR?_TFT_LCD_SET_CURSOR?TFTLCD
  +--> ?PR?_TFT_LCD_WR_DATA_16BIT?TFTLCD
  +--> ?PR?_TFT_LCD_SET_WINDOWS?TFTLCD

?PR?_TFT_LCD_DRAW_RECTANGLE?TFTLCD               -----    -----      -----    -----      0668H    000AH
  +--> ?PR?_TFT_LCD_DRAW_LINE?TFTLCD

?PR?_TFT_LCD_DRAW_LINE?TFTLCD                    -----    -----      -----    -----      0672H    0020H
  +--> ?PR?_TFT_LCD_DRAW_POINT?TFTLCD

?PR?_TFT_LCD_DRAW_POINT?TFTLCD                   -----    -----      -----    -----      -----    -----
  +--> ?PR?_TFT_LCD_SET_WINDOWS?TFTLCD
  +--> ?PR?_TFT_LCD_WR_DATA_16BIT?TFTLCD

?PR?_TFT_LCD_FILL_RECTANGLE?TFTLCD               -----    -----      -----    -----      0668H    000AH
  +--> ?PR?_TFT_LCD_FILL?TFTLCD

?PR?_TFT_LCD_FILL?TFTLCD                         -----    -----      -----    -----      0672H    0010H
  +--> ?PR?_TFT_LCD_SET_WINDOWS?TFTLCD
  +--> ?PR?_TFT_LCD_WR_DATA_16BIT?TFTLCD

?PR?_IR_SEND_NEC?IR                              -----    -----      -----    -----      0668H    0005H
  +--> ?PR?_ENABLE_IR_OUT?IR
  +--> ?PR?_IR_TX_MARK?IR
  +--> ?PR?_IR_TX_SPACE?IR
  +--> ?PR?DISABLE_IR_OUT?IR

?PR?_ENABLE_IR_OUT?IR                            -----    -----      -----    -----      -----    -----
  +--> ?PR?_PWM_INIT?PWM

?PR?_PWM_INIT?PWM                                -----    -----      -----    -----      066DH    000BH
  +--> ?PR?_PWM_SET_GPIO?PWM

?PR?_PWM_SET_GPIO?PWM                            -----    -----      -----    -----      -----    -----
  +--> ?PR?_PINMODE?GPIO

?PR?_IR_TX_MARK?IR                               -----    -----      -----    -----      066DH    0002H
  +--> ?PR?_PWM_DUTY?PWM
  +--> ?PR?_IR_DELAYUS?IR

?PR?_PWM_DUTY?PWM                                -----    -----      -----    -----      066FH    0005H

?PR?_IR_TX_SPACE?IR                              -----    -----      -----    -----      066DH    0002H
  +--> ?PR?_PWM_DUTY?PWM
  +--> ?PR?_IR_DELAYUS?IR

?PR?PRINTF?PRINTF                                0020H.0  0001H.1    0008H    0005H      0668H    0030H
  +--> ?PR?PUTCHAR?PUTCHAR



SYMBOL TABLE OF MODULE:  .\Out_File\stc_demo (MAIN)

BL51 BANKED LINKER/LOCATER V6.22.2.0                                                  01/08/2021  13:03:49  PAGE 12


  VALUE           TYPE          NAME
  ----------------------------------

  -------         MODULE        MAIN
  C:0000H         SYMBOL        _ICE_DUMMY_
  D:0080H         PUBLIC        P0
  D:0090H         PUBLIC        P1
  D:00A0H         PUBLIC        P2
  D:00B0H         PUBLIC        P3
  D:00C0H         PUBLIC        P4
  D:00C8H         PUBLIC        P5
  B:00A8H.7       PUBLIC        EA
  D:00E8H         PUBLIC        P6
  D:00F8H         PUBLIC        P7
  C:A86FH         PUBLIC        Timer0_interrupt
  X:0002H         PUBLIC        str_2048
  C:B17BH         PUBLIC        Timer4_interrupt
  D:00A8H         PUBLIC        IE
  D:00B8H         PUBLIC        IP
  X:0202H         PUBLIC        B_100us
  X:0203H         PUBLIC        score
  D:00D8H         PUBLIC        CCON
  C:63A1H         PUBLIC        main
  X:0205H         SYMBOL        _oled_disbuffer
  X:0405H         PUBLIC        best
  D:0098H         PUBLIC        SCON
  D:0088H         PUBLIC        TCON
  X:0407H         PUBLIC        tim0_ms
  C:A7FCH         PUBLIC        setdata
  X:0409H         PUBLIC        data2048
  D:00D0H         PUBLIC        PSW
  -------         PROC          SETDATA
  -------         DO            
  X:0668H         SYMBOL        i
  D:0005H         SYMBOL        j
  -------         ENDDO         
  C:A7FCH         LINE#         61
  C:A7FCH         LINE#         63
  C:A80EH         LINE#         64
  C:A81AH         LINE#         65
  C:A856H         LINE#         66
  C:A859H         LINE#         67
  C:A861H         LINE#         68
  C:A86EH         LINE#         69
  -------         ENDPROC       SETDATA
  -------         PROC          MAIN
  -------         DO            
  X:062BH         SYMBOL        buf
  X:065DH         SYMBOL        slen
  X:065EH         SYMBOL        i
  X:065FH         SYMBOL        j
  X:0660H         SYMBOL        localtime
  -------         ENDDO         
  C:63A1H         LINE#         74
  C:63A1H         LINE#         79
  C:63A4H         LINE#         80
  C:63A7H         LINE#         81
BL51 BANKED LINKER/LOCATER V6.22.2.0                                                  01/08/2021  13:03:49  PAGE 13


  C:63AAH         LINE#         82
  C:63ACH         LINE#         84
  C:63AFH         LINE#         85
  C:63B2H         LINE#         86
  C:63B5H         LINE#         87
  C:63BCH         LINE#         89
  C:63C5H         LINE#         90
  C:63E2H         LINE#         92
  C:63E5H         LINE#         93
  C:6412H         LINE#         94
  C:643AH         LINE#         95
  C:6455H         LINE#         96
  C:6476H         LINE#         97
  C:6490H         LINE#         98
  C:64B0H         LINE#         99
  C:64D5H         LINE#         100
  C:64E8H         LINE#         101
  C:650EH         LINE#         102
  C:6539H         LINE#         103
  C:6541H         LINE#         105
  C:6541H         LINE#         106
  C:6547H         LINE#         107
  C:655BH         LINE#         108
  C:6561H         LINE#         109
  C:6561H         LINE#         110
  C:6567H         LINE#         111
  C:6569H         LINE#         112
  C:656CH         LINE#         121
  C:656CH         LINE#         122
  C:656CH         LINE#         123
  C:6592H         LINE#         124
  C:65BBH         LINE#         125
  C:65E1H         LINE#         126
  C:660AH         LINE#         127
  C:661FH         LINE#         128
  C:6633H         LINE#         129
  C:666EH         LINE#         130
  C:667CH         LINE#         131
  C:66C4H         LINE#         132
  C:671AH         LINE#         133
  C:6723H         LINE#         134
  -------         ENDPROC       MAIN
  -------         PROC          TIMER0_INTERRUPT
  -------         DO            
  X:0000H         SYMBOL        cnt
  -------         ENDDO         
  C:A86FH         LINE#         138
  C:A88CH         LINE#         140
  C:A8B0H         LINE#         141
  C:A8C4H         LINE#         142
  C:A8C7H         LINE#         143
  C:A8C7H         LINE#         144
  -------         ENDPROC       TIMER0_INTERRUPT
  -------         PROC          TIMER4_INTERRUPT
  C:B17BH         LINE#         146
  C:B198H         LINE#         147
  C:B19BH         LINE#         148
BL51 BANKED LINKER/LOCATER V6.22.2.0                                                  01/08/2021  13:03:49  PAGE 14


  C:B1A1H         LINE#         149
  -------         ENDPROC       TIMER4_INTERRUPT
  -------         ENDMOD        MAIN

  -------         MODULE        GAME_2048
  C:0000H         SYMBOL        _ICE_DUMMY_
  -------         ENDMOD        GAME_2048

  -------         MODULE        DELAY
  C:0000H         SYMBOL        _ICE_DUMMY_
  D:0080H         PUBLIC        P0
  D:0090H         PUBLIC        P1
  D:00A0H         PUBLIC        P2
  D:00B0H         PUBLIC        P3
  D:00C0H         PUBLIC        P4
  D:00C8H         PUBLIC        P5
  D:00E8H         PUBLIC        P6
  D:00F8H         PUBLIC        P7
  C:BABFH         PUBLIC        delay100us
  D:00A8H         PUBLIC        IE
  C:B9ADH         PUBLIC        _delay
  D:00B8H         PUBLIC        IP
  D:00D8H         PUBLIC        CCON
  C:BAC9H         PUBLIC        delay1ms
  C:BB33H         PUBLIC        delay1us
  C:BB38H         PUBLIC        delay5us
  D:0098H         PUBLIC        SCON
  D:0088H         PUBLIC        TCON
  C:BB3DH         PUBLIC        delay10us
  C:BB42H         PUBLIC        delay50us
  D:00D0H         PUBLIC        PSW
  -------         PROC          DELAY1US
  -------         DO            
  D:0007H         SYMBOL        i
  -------         ENDDO         
  C:BB33H         LINE#         15
  C:BB33H         LINE#         16
  C:BB33H         LINE#         19
  C:BB35H         LINE#         20
  C:BB37H         LINE#         21
  -------         ENDPROC       DELAY1US
  -------         PROC          DELAY5US
  -------         DO            
  D:0007H         SYMBOL        i
  -------         ENDDO         
  C:BB38H         LINE#         27
  C:BB38H         LINE#         28
  C:BB38H         LINE#         31
  C:BB3AH         LINE#         32
  C:BB3CH         LINE#         33
  -------         ENDPROC       DELAY5US
  -------         PROC          DELAY10US
  -------         DO            
  D:0007H         SYMBOL        i
  -------         ENDDO         
  C:BB3DH         LINE#         40
  C:BB3DH         LINE#         41
BL51 BANKED LINKER/LOCATER V6.22.2.0                                                  01/08/2021  13:03:49  PAGE 15


  C:BB3DH         LINE#         44
  C:BB3FH         LINE#         45
  C:BB41H         LINE#         46
  -------         ENDPROC       DELAY10US
  -------         PROC          DELAY50US
  -------         DO            
  D:0007H         SYMBOL        i
  -------         ENDDO         
  C:BB42H         LINE#         53
  C:BB42H         LINE#         54
  C:BB42H         LINE#         57
  C:BB44H         LINE#         58
  C:BB46H         LINE#         59
  -------         ENDPROC       DELAY50US
  -------         PROC          DELAY100US
  -------         DO            
  D:0007H         SYMBOL        i
  D:0006H         SYMBOL        j
  -------         ENDDO         
  C:BABFH         LINE#         66
  C:BABFH         LINE#         67
  C:BABFH         LINE#         70
  C:BAC0H         LINE#         71
  C:BAC2H         LINE#         72
  C:BAC4H         LINE#         74
  C:BAC4H         LINE#         75
  C:BAC6H         LINE#         76
  C:BAC8H         LINE#         77
  -------         ENDPROC       DELAY100US
  -------         PROC          DELAY1MS
  -------         DO            
  D:0007H         SYMBOL        i
  D:0006H         SYMBOL        j
  -------         ENDDO         
  C:BAC9H         LINE#         84
  C:BAC9H         LINE#         85
  C:BAC9H         LINE#         87
  C:BACAH         LINE#         88
  C:BACCH         LINE#         89
  C:BACEH         LINE#         90
  C:BAD2H         LINE#         91
  -------         ENDPROC       DELAY1MS
  -------         PROC          _DELAY
  D:0004H         SYMBOL        time
  C:B9ADH         LINE#         98
  C:B9B1H         LINE#         99
  C:B9B1H         LINE#         100
  C:B9BDH         LINE#         101
  -------         ENDPROC       _DELAY
  -------         ENDMOD        DELAY

  -------         MODULE        SYS
  C:0000H         SYMBOL        _ICE_DUMMY_
  D:0092H         PUBLIC        P1M0
  D:0093H         PUBLIC        P0M1
  D:0096H         PUBLIC        P2M0
  D:0091H         PUBLIC        P1M1
BL51 BANKED LINKER/LOCATER V6.22.2.0                                                  01/08/2021  13:03:49  PAGE 16


  D:0080H         PUBLIC        P0
  D:00B2H         PUBLIC        P3M0
  D:0095H         PUBLIC        P2M1
  D:0090H         PUBLIC        P1
  D:00B4H         PUBLIC        P4M0
  D:00B1H         PUBLIC        P3M1
  D:00A0H         PUBLIC        P2
  D:00CAH         PUBLIC        P5M0
  D:00B3H         PUBLIC        P4M1
  D:00B0H         PUBLIC        P3
  D:00CCH         PUBLIC        P6M0
  D:00C9H         PUBLIC        P5M1
  D:00C0H         PUBLIC        P4
  D:00E2H         PUBLIC        P7M0
  D:00CBH         PUBLIC        P6M1
  D:00C8H         PUBLIC        P5
  D:00E1H         PUBLIC        P7M1
  D:00E8H         PUBLIC        P6
  D:00F8H         PUBLIC        P7
  D:00A8H         PUBLIC        IE
  D:00B8H         PUBLIC        IP
  D:00D8H         PUBLIC        CCON
  D:0098H         PUBLIC        SCON
  D:0088H         PUBLIC        TCON
  B:00C0H.1       PUBLIC        P41
  D:00D0H         PUBLIC        PSW
  C:B54FH         PUBLIC        InitMCU
  X:0948H         PUBLIC        sys_clk
  D:0094H         PUBLIC        P0M0
  -------         PROC          INITMCU
  C:B54FH         LINE#         7
  C:B54FH         LINE#         8
  C:B554H         LINE#         9
  C:B558H         LINE#         10
  C:B55CH         LINE#         11
  C:B560H         LINE#         12
  C:B564H         LINE#         13
  C:B568H         LINE#         14
  C:B56CH         LINE#         15
  C:B570H         LINE#         17
  C:B573H         LINE#         18
  C:B576H         LINE#         19
  C:B579H         LINE#         21
  C:B57BH         LINE#         22
  -------         ENDPROC       INITMCU
  -------         ENDMOD        SYS

  -------         MODULE        TIMER
  C:0000H         SYMBOL        _ICE_DUMMY_
  D:0080H         PUBLIC        P0
  D:0090H         PUBLIC        P1
  D:00A0H         PUBLIC        P2
  D:00B0H         PUBLIC        P3
  D:00C0H         PUBLIC        P4
  D:00C8H         PUBLIC        P5
  D:00E8H         PUBLIC        P6
  D:00F8H         PUBLIC        P7
BL51 BANKED LINKER/LOCATER V6.22.2.0                                                  01/08/2021  13:03:49  PAGE 17


  D:00A8H         PUBLIC        IE
  D:008FH         PUBLIC        INTCLKO
  D:00B8H         PUBLIC        IP
  D:00D8H         PUBLIC        CCON
  D:0098H         PUBLIC        SCON
  D:0089H         PUBLIC        TMOD
  D:0088H         PUBLIC        TCON
  D:00AFH         PUBLIC        IE2
  D:008EH         PUBLIC        AUXR
  B:00A8H.1       PUBLIC        ET0
  B:00A8H.3       PUBLIC        ET1
  C:B814H         PUBLIC        Timer0_init
  C:B82DH         PUBLIC        Timer1_init
  D:008CH         PUBLIC        TH0
  C:B8C0H         PUBLIC        Timer2_init
  D:008DH         PUBLIC        TH1
  C:B93FH         PUBLIC        Timer3_init
  D:00D6H         PUBLIC        T2H
  C:B952H         PUBLIC        Timer4_init
  D:00D4H         PUBLIC        T3H
  D:00D2H         PUBLIC        T4H
  D:008AH         PUBLIC        TL0
  D:008BH         PUBLIC        TL1
  D:00D7H         PUBLIC        T2L
  D:00D5H         PUBLIC        T3L
  D:00D3H         PUBLIC        T4L
  B:0088H.4       PUBLIC        TR0
  B:0088H.6       PUBLIC        TR1
  D:00D1H         PUBLIC        T4T3M
  D:00D0H         PUBLIC        PSW
  -------         PROC          TIMER0_INIT
  C:B814H         LINE#         10
  C:B814H         LINE#         11
  C:B814H         LINE#         12
  C:B816H         LINE#         18
  C:B818H         LINE#         20
  C:B81BH         LINE#         21
  C:B81BH         LINE#         23
  C:B81EH         LINE#         25
  C:B821H         LINE#         28
  C:B824H         LINE#         29
  C:B827H         LINE#         30
  C:B82AH         LINE#         37
  C:B82CH         LINE#         42
  -------         ENDPROC       TIMER0_INIT
  -------         PROC          TIMER1_INIT
  C:B82DH         LINE#         51
  C:B82DH         LINE#         52
  C:B82DH         LINE#         53
  C:B82FH         LINE#         59
  C:B831H         LINE#         61
  C:B834H         LINE#         62
  C:B834H         LINE#         64
  C:B837H         LINE#         66
  C:B83AH         LINE#         69
  C:B83DH         LINE#         70
  C:B840H         LINE#         71
BL51 BANKED LINKER/LOCATER V6.22.2.0                                                  01/08/2021  13:03:49  PAGE 18


  C:B843H         LINE#         78
  C:B845H         LINE#         83
  -------         ENDPROC       TIMER1_INIT
  -------         PROC          TIMER2_INIT
  C:B8C0H         LINE#         92
  C:B8C0H         LINE#         93
  C:B8C0H         LINE#         94
  C:B8C3H         LINE#         101
  C:B8C6H         LINE#         103
  C:B8C9H         LINE#         106
  C:B8CCH         LINE#         107
  C:B8CFH         LINE#         108
  C:B8D2H         LINE#         114
  C:B8D5H         LINE#         119
  -------         ENDPROC       TIMER2_INIT
  -------         PROC          TIMER3_INIT
  C:B93FH         LINE#         128
  C:B93FH         LINE#         129
  C:B93FH         LINE#         130
  C:B942H         LINE#         137
  C:B945H         LINE#         142
  C:B948H         LINE#         143
  C:B94BH         LINE#         144
  C:B94EH         LINE#         150
  C:B951H         LINE#         155
  -------         ENDPROC       TIMER3_INIT
  -------         PROC          TIMER4_INIT
  C:B952H         LINE#         164
  C:B952H         LINE#         165
  C:B952H         LINE#         166
  C:B955H         LINE#         173
  C:B958H         LINE#         178
  C:B95BH         LINE#         179
  C:B95EH         LINE#         180
  C:B961H         LINE#         186
  C:B964H         LINE#         191
  -------         ENDPROC       TIMER4_INIT
  -------         ENDMOD        TIMER

  -------         MODULE        HC595
  C:0000H         SYMBOL        _ICE_DUMMY_
  D:0080H         PUBLIC        P0
  D:0090H         PUBLIC        P1
  D:00B4H         PUBLIC        P4M0
  D:00A0H         PUBLIC        P2
  D:00B3H         PUBLIC        P4M1
  D:00B0H         PUBLIC        P3
  D:00C0H         PUBLIC        P4
  D:00C8H         PUBLIC        P5
  D:00E8H         PUBLIC        P6
  C:B846H         PUBLIC        hc595_init
  D:00F8H         PUBLIC        P7
  D:00A8H         PUBLIC        IE
  C:B1BCH         PUBLIC        _hc595_send_byte
  D:00B8H         PUBLIC        IP
  C:AE4CH         PUBLIC        _hc595_send_multi_byte
  D:00D8H         PUBLIC        CCON
BL51 BANKED LINKER/LOCATER V6.22.2.0                                                  01/08/2021  13:03:49  PAGE 19


  C:B6CBH         PUBLIC        hc595_disable
  D:0098H         PUBLIC        SCON
  C:B70BH         PUBLIC        hc595_enable_matrix
  D:0088H         PUBLIC        TCON
  B:00C0H.2       PUBLIC        P42
  B:00C0H.3       PUBLIC        P43
  B:00C0H.4       PUBLIC        P44
  C:B96DH         SYMBOL        _?ix1000
  C:B96FH         SYMBOL        _?ix1001
  C:B971H         SYMBOL        _?ix1002
  C:B973H         SYMBOL        _?ix1003
  C:B975H         SYMBOL        _?ix1004
  C:B72BH         PUBLIC        hc595_bit_disable
  C:B965H         PUBLIC        _595_bdata
  C:B6EBH         PUBLIC        hc595_enable_nix
  C:BA5FH         PUBLIC        hc595_out_enable
  C:AF3AH         PUBLIC        _hc595_bit_select
  D:00D0H         PUBLIC        PSW
  -------         PROC          HC595_INIT
  C:B846H         LINE#         12
  C:B846H         LINE#         13
  C:B846H         LINE#         14
  C:B84CH         LINE#         15
  C:B852H         LINE#         16
  C:B858H         LINE#         18
  C:B85AH         LINE#         19
  C:B85CH         LINE#         20
  C:B85EH         LINE#         21
  -------         ENDPROC       HC595_INIT
  -------         PROC          HC595_OUT_ENABLE
  C:BA5FH         LINE#         28
  C:BA5FH         LINE#         29
  C:BA5FH         LINE#         30
  C:BA61H         LINE#         31
  C:BA64H         LINE#         32
  C:BA66H         LINE#         33
  C:BA69H         LINE#         34
  C:BA6BH         LINE#         35
  -------         ENDPROC       HC595_OUT_ENABLE
  -------         PROC          _HC595_SEND_BYTE
  X:0671H         SYMBOL        outdata
  -------         DO            
  X:0672H         SYMBOL        i
  -------         ENDDO         
  C:B1BCH         LINE#         42
  C:B1C1H         LINE#         43
  C:B1C1H         LINE#         45
  C:B1D1H         LINE#         46
  C:B1D1H         LINE#         47
  C:B1DBH         LINE#         48
  C:B1DBH         LINE#         49
  C:B1DDH         LINE#         50
  C:B1DFH         LINE#         52
  C:B1DFH         LINE#         53
  C:B1E1H         LINE#         54
  C:B1E1H         LINE#         55
  C:B1E4H         LINE#         56
BL51 BANKED LINKER/LOCATER V6.22.2.0                                                  01/08/2021  13:03:49  PAGE 20


  C:B1E6H         LINE#         57
  C:B1E9H         LINE#         58
  C:B1EBH         LINE#         59
  C:B1EEH         LINE#         60
  C:B1F5H         LINE#         61
  C:B1FBH         LINE#         62
  -------         ENDPROC       _HC595_SEND_BYTE
  -------         PROC          _HC595_SEND_MULTI_BYTE
  X:066AH         SYMBOL        ddata
  X:066DH         SYMBOL        len
  -------         DO            
  X:066FH         SYMBOL        i
  -------         ENDDO         
  C:AE4CH         LINE#         69
  C:AE5DH         LINE#         70
  C:AE5DH         LINE#         72
  C:AE76H         LINE#         73
  C:AE76H         LINE#         74
  C:AE8CH         LINE#         75
  C:AE9CH         LINE#         76
  -------         ENDPROC       _HC595_SEND_MULTI_BYTE
  -------         PROC          HC595_DISABLE
  -------         DO            
  X:0668H         SYMBOL        buf
  -------         ENDDO         
  C:B6CBH         LINE#         84
  C:B6CBH         LINE#         85
  C:B6CBH         LINE#         86
  C:B6DEH         LINE#         87
  -------         ENDPROC       HC595_DISABLE
  -------         PROC          HC595_ENABLE_NIX
  -------         DO            
  X:097AH         SYMBOL        buf
  -------         ENDDO         
  C:B6EBH         LINE#         95
  C:B6EBH         LINE#         96
  C:B6EBH         LINE#         97
  C:B6FEH         LINE#         98
  -------         ENDPROC       HC595_ENABLE_NIX
  -------         PROC          HC595_ENABLE_MATRIX
  -------         DO            
  X:097CH         SYMBOL        buf
  -------         ENDDO         
  C:B70BH         LINE#         106
  C:B70BH         LINE#         107
  C:B70BH         LINE#         108
  C:B71EH         LINE#         109
  -------         ENDPROC       HC595_ENABLE_MATRIX
  -------         PROC          _HC595_BIT_SELECT
  X:0974H         SYMBOL        index
  -------         DO            
  X:0975H         SYMBOL        buf
  -------         ENDDO         
  C:AF3AH         LINE#         117
  C:AF3FH         LINE#         118
  C:AF3FH         LINE#         120
  C:AF52H         LINE#         121
BL51 BANKED LINKER/LOCATER V6.22.2.0                                                  01/08/2021  13:03:49  PAGE 21


  C:AF60H         LINE#         122
  C:AF60H         LINE#         123
  C:AF69H         LINE#         124
  C:AF6BH         LINE#         126
  C:AF6BH         LINE#         127
  C:AF77H         LINE#         128
  C:AF77H         LINE#         130
  -------         ENDPROC       _HC595_BIT_SELECT
  -------         PROC          HC595_BIT_DISABLE
  -------         DO            
  X:097EH         SYMBOL        buf
  -------         ENDDO         
  C:B72BH         LINE#         138
  C:B72BH         LINE#         139
  C:B72BH         LINE#         141
  C:B73EH         LINE#         142
  -------         ENDPROC       HC595_BIT_DISABLE
  -------         ENDMOD        HC595

  -------         MODULE        LED8
  C:0000H         SYMBOL        _ICE_DUMMY_
  D:0080H         PUBLIC        P0
  D:0090H         PUBLIC        P1
  D:00B4H         PUBLIC        P4M0
  D:00A0H         PUBLIC        P2
  D:00B3H         PUBLIC        P4M1
  D:00B0H         PUBLIC        P3
  D:00C0H         PUBLIC        P4
  D:00C8H         PUBLIC        P5
  D:00E8H         PUBLIC        P6
  D:00F8H         PUBLIC        P7
  D:00A8H         PUBLIC        IE
  D:00B8H         PUBLIC        IP
  D:00D8H         PUBLIC        CCON
  C:AD49H         PUBLIC        led8_run
  C:BB04H         PUBLIC        led8_disable
  D:0098H         PUBLIC        SCON
  B:00C0H.0       PUBLIC        P40
  D:0088H         PUBLIC        TCON
  C:BAFBH         PUBLIC        led8_enable
  D:00D0H         PUBLIC        PSW
  -------         PROC          LED8_ENABLE
  C:BAFBH         LINE#         9
  C:BAFBH         LINE#         10
  C:BAFBH         LINE#         11
  C:BB01H         LINE#         12
  C:BB03H         LINE#         13
  -------         ENDPROC       LED8_ENABLE
  -------         PROC          LED8_DISABLE
  C:BB04H         LINE#         20
  C:BB04H         LINE#         21
  C:BB04H         LINE#         22
  C:BB0AH         LINE#         23
  C:BB0CH         LINE#         24
  -------         ENDPROC       LED8_DISABLE
  -------         PROC          LED8_RUN
  -------         DO            
BL51 BANKED LINKER/LOCATER V6.22.2.0                                                  01/08/2021  13:03:49  PAGE 22


  X:0980H         SYMBOL        led_b
  X:0981H         SYMBOL        flag
  -------         ENDDO         
  C:AD49H         LINE#         26
  C:AD49H         LINE#         29
  C:AD54H         LINE#         30
  C:AD63H         LINE#         31
  C:AD71H         LINE#         32
  C:AD7EH         LINE#         33
  C:AD7EH         LINE#         34
  C:AD85H         LINE#         35
  C:AD9FH         LINE#         36
  -------         ENDPROC       LED8_RUN
  -------         ENDMOD        LED8

  -------         MODULE        MATRIX
  C:0000H         SYMBOL        _ICE_DUMMY_
  D:0080H         PUBLIC        P0
  D:0090H         PUBLIC        P1
  D:00A0H         PUBLIC        P2
  D:00B0H         PUBLIC        P3
  D:00C0H         PUBLIC        P4
  D:00C8H         PUBLIC        P5
  D:00E8H         PUBLIC        P6
  D:00F8H         PUBLIC        P7
  D:00A8H         PUBLIC        IE
  D:00B8H         PUBLIC        IP
  D:00D8H         PUBLIC        CCON
  C:00A0H         PUBLIC        matrix_init
  D:0098H         PUBLIC        SCON
  D:0088H         PUBLIC        TCON
  C:A8E2H         PUBLIC        _matrix_run
  C:A316H         PUBLIC        _matrix_display
  D:00D0H         PUBLIC        PSW
  -------         PROC          MATRIX_INIT
  C:00A0H         LINE#         5
  C:00A0H         LINE#         6
  -------         ENDPROC       MATRIX_INIT
  -------         PROC          _MATRIX_DISPLAY
  X:08E4H         SYMBOL        index
  X:08E5H         SYMBOL        Str_begin
  X:08E8H         SYMBOL        Str_end
  -------         DO            
  X:08EBH         SYMBOL        n
  -------         ENDDO         
  C:A316H         LINE#         10
  C:A324H         LINE#         11
  C:A32CH         LINE#         12
  C:A357H         LINE#         13
  C:A380H         LINE#         14
  C:A388H         LINE#         15
  C:A398H         LINE#         16
  C:A39BH         LINE#         17
  C:A39EH         LINE#         18
  C:A3A4H         LINE#         19
  C:A3AEH         LINE#         20
  C:A3B0H         LINE#         21
BL51 BANKED LINKER/LOCATER V6.22.2.0                                                  01/08/2021  13:03:49  PAGE 23


  C:A3B0H         LINE#         22
  -------         ENDPROC       _MATRIX_DISPLAY
  -------         PROC          _MATRIX_RUN
  X:08FCH         SYMBOL        Str
  X:08FFH         SYMBOL        size_n
  X:0900H         SYMBOL        begin
  -------         DO            
  X:0901H         SYMBOL        n
  X:0902H         SYMBOL        t
  -------         ENDDO         
  C:A8E2H         LINE#         25
  C:A8F0H         LINE#         27
  C:A904H         LINE#         28
  C:A907H         LINE#         29
  C:A92DH         LINE#         30
  C:A946H         LINE#         31
  C:A949H         LINE#         32
  C:A94CH         LINE#         33
  C:A954H         LINE#         34
  -------         ENDPROC       _MATRIX_RUN
  -------         ENDMOD        MATRIX

  -------         MODULE        NIXIETUBE
  C:0000H         SYMBOL        _ICE_DUMMY_
  D:0093H         PUBLIC        P0M1
  D:0096H         PUBLIC        P2M0
  D:0080H         PUBLIC        P0
  D:0095H         PUBLIC        P2M1
  D:0090H         PUBLIC        P1
  D:00A0H         PUBLIC        P2
  D:00B0H         PUBLIC        P3
  D:00CCH         PUBLIC        P6M0
  D:00C0H         PUBLIC        P4
  D:00CBH         PUBLIC        P6M1
  D:00C8H         PUBLIC        P5
  D:00E8H         PUBLIC        P6
  D:00F8H         PUBLIC        P7
  D:00A8H         PUBLIC        IE
  D:00B8H         PUBLIC        IP
  D:00D8H         PUBLIC        CCON
  B:00A0H.1       PUBLIC        P21
  D:0098H         PUBLIC        SCON
  D:0088H         PUBLIC        TCON
  B:0080H.7       PUBLIC        P07
  C:AA36H         PUBLIC        _nix_display_buf
  C:86ACH         PUBLIC        _nix_display_num
  C:B789H         PUBLIC        nix_init
  X:07A4H         PUBLIC        nix_seg
  D:00D0H         PUBLIC        PSW
  D:0094H         PUBLIC        P0M0
  -------         PROC          NIX_INIT
  C:B789H         LINE#         15
  C:B789H         LINE#         16
  C:B78CH         LINE#         17
  C:B792H         LINE#         18
  C:B795H         LINE#         21
  C:B79BH         LINE#         22
BL51 BANKED LINKER/LOCATER V6.22.2.0                                                  01/08/2021  13:03:49  PAGE 24


  C:B79DH         LINE#         25
  C:B7A3H         LINE#         26
  C:B7A5H         LINE#         27
  -------         ENDPROC       NIX_INIT
  -------         PROC          _NIX_DISPLAY_NUM
  X:0868H         SYMBOL        num
  -------         DO            
  X:086CH         SYMBOL        n
  X:086DH         SYMBOL        buf
  -------         ENDDO         
  C:86ACH         LINE#         29
  C:86B2H         LINE#         30
  C:86B8H         LINE#         32
  C:86C4H         LINE#         33
  C:86C7H         LINE#         34
  C:86C9H         LINE#         35
  C:86CCH         LINE#         36
  C:86E3H         LINE#         37
  C:86E3H         LINE#         38
  C:86FFH         LINE#         39
  C:8724H         LINE#         40
  C:8749H         LINE#         41
  C:876FH         LINE#         42
  C:8795H         LINE#         43
  C:87BCH         LINE#         44
  C:87E3H         LINE#         45
  C:87F9H         LINE#         46
  C:8813H         LINE#         47
  C:882BH         LINE#         48
  C:8840H         LINE#         49
  C:8843H         LINE#         50
  C:8863H         LINE#         51
  C:886AH         LINE#         52
  C:886DH         LINE#         53
  C:8875H         LINE#         54
  -------         ENDPROC       _NIX_DISPLAY_NUM
  -------         PROC          _NIX_DISPLAY_BUF
  D:0007H         SYMBOL        begin
  X:0919H         SYMBOL        buf
  X:091CH         SYMBOL        n
  -------         DO            
  X:091DH         SYMBOL        i
  -------         ENDDO         
  C:AA36H         LINE#         56
  C:AA41H         LINE#         58
  C:AA57H         LINE#         59
  C:AA5FH         LINE#         60
  C:AA69H         LINE#         61
  C:AA6FH         LINE#         62
  C:AA90H         LINE#         63
  C:AA97H         LINE#         64
  C:AA9AH         LINE#         65
  C:AAA0H         LINE#         66
  C:AAA2H         LINE#         67
  C:AAA2H         LINE#         68
  -------         ENDPROC       _NIX_DISPLAY_BUF
  -------         ENDMOD        NIXIETUBE
BL51 BANKED LINKER/LOCATER V6.22.2.0                                                  01/08/2021  13:03:49  PAGE 25



  -------         MODULE        KEYBOARD
  C:0000H         SYMBOL        _ICE_DUMMY_
  D:0080H         PUBLIC        P0
  D:0090H         PUBLIC        P1
  D:00A0H         PUBLIC        P2
  D:00B0H         PUBLIC        P3
  D:00C0H         PUBLIC        P4
  D:00C8H         PUBLIC        P5
  D:00E8H         PUBLIC        P6
  D:00F8H         PUBLIC        P7
  D:00A8H         PUBLIC        IE
  D:00B8H         PUBLIC        IP
  D:00D8H         PUBLIC        CCON
  X:0754H         PUBLIC        IO_KeyState
  X:0755H         PUBLIC        KeyCode
  X:0756H         PUBLIC        KEY_MAP
  C:000EH         PUBLIC        IO_KeyScan
  D:0098H         PUBLIC        SCON
  D:0088H         PUBLIC        TCON
  C:B9BEH         PUBLIC        T_KeyTable
  X:0767H         PUBLIC        IO_KeyHoldCnt
  X:0768H         PUBLIC        IO_KeyState1
  B:00D0H.5       PUBLIC        F0
  D:00D0H         PUBLIC        PSW
  -------         PROC          IO_KEYSCAN
  -------         DO            
  D:0006H         SYMBOL        i
  D:0004H         SYMBOL        j
  -------         ENDDO         
  C:000EH         LINE#         24
  C:000EH         LINE#         27
  C:0013H         LINE#         29
  C:0016H         LINE#         30
  C:0018H         LINE#         31
  C:001AH         LINE#         32
  C:0022H         LINE#         34
  C:0025H         LINE#         35
  C:0027H         LINE#         36
  C:0029H         LINE#         37
  C:0036H         LINE#         39
  C:0039H         LINE#         41
  C:003CH         LINE#         42
  C:0041H         LINE#         43
  C:0049H         LINE#         44
  C:004BH         LINE#         45
  C:004DH         LINE#         46
  C:0054H         LINE#         47
  C:005BH         LINE#         48
  C:006AH         LINE#         49
  C:006DH         LINE#         50
  C:006FH         LINE#         51
  C:006FH         LINE#         52
  C:006FH         LINE#         53
  C:0072H         LINE#         54
  C:007FH         LINE#         55
  C:0088H         LINE#         56
BL51 BANKED LINKER/LOCATER V6.22.2.0                                                  01/08/2021  13:03:49  PAGE 26


  C:0095H         LINE#         57
  C:0095H         LINE#         58
  C:009CH         LINE#         59
  C:009CH         LINE#         60
  C:009FH         LINE#         61
  -------         ENDPROC       IO_KEYSCAN
  -------         ENDMOD        KEYBOARD

  -------         MODULE        LCD1602
  C:0000H         SYMBOL        _ICE_DUMMY_
  D:0092H         PUBLIC        P1M0
  D:0091H         PUBLIC        P1M1
  D:0080H         PUBLIC        P0
  D:0090H         PUBLIC        P1
  D:00A0H         PUBLIC        P2
  D:00B0H         PUBLIC        P3
  D:00CCH         PUBLIC        P6M0
  D:00C0H         PUBLIC        P4
  D:00CBH         PUBLIC        P6M1
  D:00C8H         PUBLIC        P5
  D:00E8H         PUBLIC        P6
  C:B8D6H         PUBLIC        lcd1602_read_status
  D:00F8H         PUBLIC        P7
  C:B2B9H         PUBLIC        _lcd1602_write_data
  D:00A8H         PUBLIC        IE
  C:AC92H         PUBLIC        lcd1602_init
  D:00B8H         PUBLIC        IP
  C:AB0EH         PUBLIC        _lcd1602_show_string
  C:B6A8H         PUBLIC        _lcd1602_show_char
  D:00D8H         PUBLIC        CCON
  B:0090H.0       PUBLIC        P10
  B:0090H.1       PUBLIC        P11
  D:0098H         PUBLIC        SCON
  B:0090H.3       PUBLIC        P13
  D:0088H         PUBLIC        TCON
  C:B2F4H         PUBLIC        _lcd1602_write_command
  C:AF84H         PUBLIC        _lcd1602_show_num
  C:BA86H         PUBLIC        lcd1602_clear
  C:BA6CH         PUBLIC        lcd1602_read_data
  D:00D0H         PUBLIC        PSW
  -------         PROC          LCD1602_READ_STATUS
  C:B8D6H         LINE#         8
  C:B8D6H         LINE#         9
  C:B8D6H         LINE#         10
  C:B8D9H         LINE#         11
  C:B8DBH         LINE#         12
  C:B8DDH         LINE#         13
  C:B8DFH         LINE#         14
  C:B8E1H         LINE#         15
  C:B8E3H         LINE#         16
  C:B8E8H         LINE#         17
  C:B8EAH         LINE#         18
  -------         ENDPROC       LCD1602_READ_STATUS
  -------         PROC          _LCD1602_WRITE_DATA
  X:0990H         SYMBOL        dat
  C:B2B9H         LINE#         25
  C:B2BEH         LINE#         26
BL51 BANKED LINKER/LOCATER V6.22.2.0                                                  01/08/2021  13:03:49  PAGE 27


  C:B2BEH         LINE#         27
  C:B2C0H         LINE#         28
  C:B2C2H         LINE#         29
  C:B2C4H         LINE#         31
  C:B2C6H         LINE#         32
  C:B2CDH         LINE#         34
  C:B2CFH         LINE#         35
  C:B2D6H         LINE#         36
  C:B2D8H         LINE#         38
  C:B2E1H         LINE#         39
  C:B2E8H         LINE#         41
  C:B2EAH         LINE#         42
  C:B2F1H         LINE#         43
  C:B2F3H         LINE#         44
  -------         ENDPROC       _LCD1602_WRITE_DATA
  -------         PROC          _LCD1602_WRITE_COMMAND
  X:0991H         SYMBOL        com
  C:B2F4H         LINE#         51
  C:B2F9H         LINE#         52
  C:B2F9H         LINE#         53
  C:B2FBH         LINE#         54
  C:B2FDH         LINE#         55
  C:B2FFH         LINE#         57
  C:B301H         LINE#         58
  C:B308H         LINE#         60
  C:B30AH         LINE#         61
  C:B311H         LINE#         62
  C:B313H         LINE#         64
  C:B31CH         LINE#         65
  C:B323H         LINE#         67
  C:B325H         LINE#         68
  C:B32CH         LINE#         69
  C:B32EH         LINE#         70
  -------         ENDPROC       _LCD1602_WRITE_COMMAND
  -------         PROC          LCD1602_READ_DATA
  C:BA6CH         LINE#         77
  C:BA6CH         LINE#         78
  C:BA6CH         LINE#         79
  C:BA6EH         LINE#         80
  C:BA70H         LINE#         81
  C:BA72H         LINE#         82
  C:BA74H         LINE#         83
  C:BA76H         LINE#         84
  C:BA78H         LINE#         85
  -------         ENDPROC       LCD1602_READ_DATA
  -------         PROC          LCD1602_INIT
  C:AC92H         LINE#         92
  C:AC92H         LINE#         93
  C:AC92H         LINE#         94
  C:AC95H         LINE#         96
  C:AC9BH         LINE#         97
  C:ACA1H         LINE#         98
  C:ACA7H         LINE#         99
  C:ACACH         LINE#         101
  C:ACB1H         LINE#         102
  C:ACB8H         LINE#         103
  C:ACBDH         LINE#         104
BL51 BANKED LINKER/LOCATER V6.22.2.0                                                  01/08/2021  13:03:49  PAGE 28


  C:ACC4H         LINE#         105
  C:ACC9H         LINE#         106
  C:ACD0H         LINE#         108
  C:ACD5H         LINE#         109
  C:ACDAH         LINE#         110
  C:ACDFH         LINE#         111
  C:ACE4H         LINE#         112
  C:ACE9H         LINE#         113
  -------         ENDPROC       LCD1602_INIT
  -------         PROC          LCD1602_CLEAR
  C:BA86H         LINE#         121
  C:BA86H         LINE#         122
  C:BA86H         LINE#         123
  C:BA8BH         LINE#         124
  -------         ENDPROC       LCD1602_CLEAR
  -------         PROC          _LCD1602_SHOW_CHAR
  D:0007H         SYMBOL        x
  D:0005H         SYMBOL        y
  X:0992H         SYMBOL        c
  C:B6A8H         LINE#         132
  C:B6ADH         LINE#         133
  C:B6ADH         LINE#         134
  C:B6B1H         LINE#         135
  C:B6B5H         LINE#         136
  C:B6BCH         LINE#         137
  C:B6C0H         LINE#         138
  C:B6C3H         LINE#         139
  -------         ENDPROC       _LCD1602_SHOW_CHAR
  -------         PROC          _LCD1602_SHOW_STRING
  X:0903H         SYMBOL        x
  X:0904H         SYMBOL        y
  X:0905H         SYMBOL        str
  -------         DO            
  X:0908H         SYMBOL        len
  X:0909H         SYMBOL        i
  -------         ENDDO         
  C:AB0EH         LINE#         147
  C:AB1FH         LINE#         148
  C:AB1FH         LINE#         151
  C:AB27H         LINE#         152
  C:AB2EH         LINE#         153
  C:AB35H         LINE#         155
  C:AB46H         LINE#         156
  C:AB46H         LINE#         157
  C:AB63H         LINE#         158
  C:AB69H         LINE#         159
  C:AB71H         LINE#         160
  -------         ENDPROC       _LCD1602_SHOW_STRING
  -------         PROC          _LCD1602_SHOW_NUM
  X:0769H         SYMBOL        x
  X:076AH         SYMBOL        y
  D:0006H         SYMBOL        num
  -------         DO            
  X:076BH         SYMBOL        men
  X:077AH         SYMBOL        str
  -------         ENDDO         
  C:AF84H         LINE#         167
BL51 BANKED LINKER/LOCATER V6.22.2.0                                                  01/08/2021  13:03:49  PAGE 29


  C:AF90H         LINE#         168
  C:AF90H         LINE#         170
  C:AFA1H         LINE#         171
  C:AFB8H         LINE#         172
  -------         ENDPROC       _LCD1602_SHOW_NUM
  -------         ENDMOD        LCD1602

  -------         MODULE        HARDIIC
  C:0000H         SYMBOL        _ICE_DUMMY_
  D:0092H         PUBLIC        P1M0
  D:0091H         PUBLIC        P1M1
  D:0080H         PUBLIC        P0
  D:0090H         PUBLIC        P1
  C:B692H         PUBLIC        hardiic_wait_ack
  C:BB16H         PUBLIC        hardiic_stop
  D:00A0H         PUBLIC        P2
  D:00B0H         PUBLIC        P3
  D:00C0H         PUBLIC        P4
  D:00C8H         PUBLIC        P5
  D:00E8H         PUBLIC        P6
  D:00F8H         PUBLIC        P7
  D:00BAH         PUBLIC        P_SW2
  D:00A8H         PUBLIC        IE
  D:00B8H         PUBLIC        IP
  D:00D8H         PUBLIC        CCON
  D:0098H         PUBLIC        SCON
  D:0088H         PUBLIC        TCON
  C:B9CEH         PUBLIC        hardiic_nack
  C:B3DDH         PUBLIC        _hardiic_read_nbyte
  C:BA19H         PUBLIC        hardiic_ack
  C:BB0DH         PUBLIC        hardiic_start
  C:B485H         PUBLIC        _hardiic_write_nbyte
  C:B9DDH         PUBLIC        hardiic_read_byte
  C:B7DEH         PUBLIC        hardiic_init
  C:BA92H         PUBLIC        hardiic_wait
  D:00D0H         PUBLIC        PSW
  C:BA27H         PUBLIC        _hardiic_send_byte
  -------         PROC          HARDIIC_WAIT
  C:BA92H         LINE#         8
  C:BA92H         LINE#         9
  C:BA92H         LINE#         10
  C:BA99H         LINE#         11
  C:BA9DH         LINE#         12
  -------         ENDPROC       HARDIIC_WAIT
  -------         PROC          HARDIIC_INIT
  C:B7DEH         LINE#         19
  C:B7DEH         LINE#         20
  C:B7DEH         LINE#         21
  C:B7E4H         LINE#         22
  C:B7EAH         LINE#         23
  C:B7EDH         LINE#         24
  C:B7F3H         LINE#         25
  C:B7F8H         LINE#         26
  -------         ENDPROC       HARDIIC_INIT
  -------         PROC          HARDIIC_START
  C:BB0DH         LINE#         33
  C:BB0DH         LINE#         34
BL51 BANKED LINKER/LOCATER V6.22.2.0                                                  01/08/2021  13:03:49  PAGE 30


  C:BB0DH         LINE#         35
  C:BB13H         LINE#         36
  -------         ENDPROC       HARDIIC_START
  -------         PROC          HARDIIC_STOP
  C:BB16H         LINE#         44
  C:BB16H         LINE#         45
  C:BB16H         LINE#         46
  C:BB1CH         LINE#         47
  -------         ENDPROC       HARDIIC_STOP
  -------         PROC          L?0022
  -------         ENDPROC       L?0022
  -------         PROC          HARDIIC_WAIT_ACK
  C:B692H         LINE#         55
  C:B692H         LINE#         56
  C:B692H         LINE#         57
  C:B698H         LINE#         58
  C:B69BH         LINE#         59
  C:B6A2H         LINE#         60
  C:B6A5H         LINE#         61
  C:B6A5H         LINE#         62
  C:B6A7H         LINE#         63
  -------         ENDPROC       HARDIIC_WAIT_ACK
  -------         PROC          HARDIIC_ACK
  C:BA19H         LINE#         70
  C:BA19H         LINE#         71
  C:BA19H         LINE#         72
  C:BA1EH         LINE#         73
  C:BA24H         LINE#         74
  -------         ENDPROC       HARDIIC_ACK
  -------         PROC          HARDIIC_NACK
  C:B9CEH         LINE#         82
  C:B9CEH         LINE#         83
  C:B9CEH         LINE#         84
  C:B9D4H         LINE#         85
  C:B9DAH         LINE#         86
  -------         ENDPROC       HARDIIC_NACK
  -------         PROC          _HARDIIC_SEND_BYTE
  D:0007H         SYMBOL        iic_data
  C:BA27H         LINE#         94
  C:BA27H         LINE#         95
  C:BA27H         LINE#         96
  C:BA2CH         LINE#         97
  C:BA32H         LINE#         98
  -------         ENDPROC       _HARDIIC_SEND_BYTE
  -------         PROC          HARDIIC_READ_BYTE
  C:B9DDH         LINE#         106
  C:B9DDH         LINE#         107
  C:B9DDH         LINE#         108
  C:B9E3H         LINE#         109
  C:B9E6H         LINE#         110
  C:B9EBH         LINE#         111
  -------         ENDPROC       HARDIIC_READ_BYTE
  -------         PROC          _HARDIIC_READ_NBYTE
  D:0006H         SYMBOL        device_addr
  D:0005H         SYMBOL        reg_addr
  D:0001H         SYMBOL        p
  X:0923H         SYMBOL        number
BL51 BANKED LINKER/LOCATER V6.22.2.0                                                  01/08/2021  13:03:49  PAGE 31


  C:B3DDH         LINE#         118
  C:B3DFH         LINE#         119
[...]
  -------         DO            
  D:0005H         SYMBOL        i
  -------         ENDDO         
  C:BA0AH         LINE#         12
  C:BA0AH         LINE#         13
  C:BA0AH         LINE#         15
  C:BA0AH         LINE#         16
  C:BA0CH         LINE#         17
BL51 BANKED LINKER/LOCATER V6.22.2.0                                                  01/08/2021  13:03:49  PAGE 96


  C:BA0EH         LINE#         18
  C:BA18H         LINE#         19
  -------         ENDPROC       _IR_DELAYUS
  -------         PROC          _ENABLE_IR_OUT
  D:0007H         SYMBOL        fre
  C:B65FH         LINE#         26
  C:B65FH         LINE#         27
  C:B65FH         LINE#         28
  C:B665H         LINE#         29
  -------         ENDPROC       _ENABLE_IR_OUT
  -------         PROC          DISABLE_IR_OUT
  C:0003H         LINE#         37
  C:0003H         LINE#         38
  C:0003H         LINE#         39
  C:0009H         LINE#         40
  -------         ENDPROC       DISABLE_IR_OUT
  -------         PROC          _IR_TX_MARK
  X:066DH         SYMBOL        time
  C:B7A6H         LINE#         47
  C:B7AEH         LINE#         48
  C:B7AEH         LINE#         50
  C:B7B7H         LINE#         51
  -------         ENDPROC       _IR_TX_MARK
  -------         PROC          _IR_TX_SPACE
  X:066DH         SYMBOL        time
  C:B7C2H         LINE#         59
  C:B7CAH         LINE#         60
  C:B7CAH         LINE#         61
  C:B7D3H         LINE#         62
  -------         ENDPROC       _IR_TX_SPACE
  -------         PROC          _IR_SEND_NEC
  X:0668H         SYMBOL        address
  X:0669H         SYMBOL        command
  -------         DO            
  X:066AH         SYMBOL        i
  X:066BH         SYMBOL        inverse_address
  X:066CH         SYMBOL        inverse_command
  -------         ENDDO         
  C:9229H         LINE#         70
  C:9231H         LINE#         71
  C:9231H         LINE#         73
  C:9237H         LINE#         74
  C:923BH         LINE#         77
  C:9240H         LINE#         79
  C:9247H         LINE#         80
  C:924EH         LINE#         82
  C:9260H         LINE#         83
  C:9260H         LINE#         84
  C:926BH         LINE#         85
  C:926BH         LINE#         86
  C:926EH         LINE#         87
  C:9272H         LINE#         88
  C:9274H         LINE#         90
  C:9274H         LINE#         91
  C:9277H         LINE#         92
  C:927EH         LINE#         93
  C:927EH         LINE#         94
BL51 BANKED LINKER/LOCATER V6.22.2.0                                                  01/08/2021  13:03:49  PAGE 97


  C:9285H         LINE#         95
  C:928DH         LINE#         98
  C:929FH         LINE#         99
  C:929FH         LINE#         100
  C:92A8H         LINE#         101
  C:92A8H         LINE#         102
  C:92ABH         LINE#         103
  C:92AFH         LINE#         104
  C:92B1H         LINE#         106
  C:92B1H         LINE#         107
  C:92B4H         LINE#         108
  C:92BBH         LINE#         109
  C:92BBH         LINE#         110
  C:92C2H         LINE#         111
  C:92CAH         LINE#         114
  C:92DCH         LINE#         115
  C:92DCH         LINE#         116
  C:92E7H         LINE#         117
  C:92E7H         LINE#         118
  C:92EAH         LINE#         119
  C:92EEH         LINE#         120
  C:92F0H         LINE#         122
  C:92F0H         LINE#         123
  C:92F3H         LINE#         124
  C:92FAH         LINE#         125
  C:92FAH         LINE#         126
  C:9301H         LINE#         127
  C:9307H         LINE#         130
  C:9319H         LINE#         131
  C:9319H         LINE#         132
  C:9324H         LINE#         133
  C:9324H         LINE#         134
  C:9327H         LINE#         135
  C:932BH         LINE#         136
  C:932DH         LINE#         138
  C:932DH         LINE#         139
  C:9330H         LINE#         140
  C:9337H         LINE#         141
  C:9337H         LINE#         142
  C:933EH         LINE#         143
  C:9346H         LINE#         144
  C:934DH         LINE#         145
  C:9354H         LINE#         146
  -------         ENDPROC       _IR_SEND_NEC
  -------         PROC          IR_REC_CALLBACK
  -------         DO            
  X:08DBH         SYMBOL        IR_SampleCnt
  X:08DCH         SYMBOL        IR_BitCnt
  X:08DDH         SYMBOL        IR_UserH
  X:08DEH         SYMBOL        IR_UserL
  X:08DFH         SYMBOL        IR_data
  X:08E0H         SYMBOL        IR_DataShift
  B:0021H.1       SYMBOL        P_IR_RX_temp
  B:0021H.2       SYMBOL        B_IR_Sync
  X:0629H         SYMBOL        SampleTime
  X:062AH         SYMBOL        IR_TemShit
  -------         ENDDO         
BL51 BANKED LINKER/LOCATER V6.22.2.0                                                  01/08/2021  13:03:49  PAGE 98


  C:98CEH         LINE#         154
  C:98CEH         LINE#         155
  C:98CEH         LINE#         169
  C:98D4H         LINE#         171
  C:98D8H         LINE#         172
  C:98DCH         LINE#         173
  C:98E8H         LINE#         174
  C:98E8H         LINE#         175
  C:98EEH         LINE#         176
  C:98F3H         LINE#         178
  C:9904H         LINE#         179
  C:9918H         LINE#         180
  C:9918H         LINE#         181
  C:992CH         LINE#         182
  C:992CH         LINE#         183
  C:992EH         LINE#         184
  C:9934H         LINE#         185
  C:9934H         LINE#         186
  C:9935H         LINE#         187
  C:993BH         LINE#         188
  C:993BH         LINE#         189
  C:9952H         LINE#         191
  C:9952H         LINE#         192
  C:9959H         LINE#         193
  C:9974H         LINE#         194
  C:997CH         LINE#         195
  C:997CH         LINE#         196
  C:997EH         LINE#         199
  C:9987H         LINE#         200
  C:9987H         LINE#         201
  C:9987H         LINE#         202
  C:999CH         LINE#         203
  C:99A4H         LINE#         204
  C:99A6H         LINE#         205
  C:99A6H         LINE#         206
  C:99A7H         LINE#         207
  C:99AFH         LINE#         208
  C:99AFH         LINE#         209
  C:99B3H         LINE#         210
  C:99B9H         LINE#         211
  C:99C1H         LINE#         212
  C:99C1H         LINE#         213
  C:99C1H         LINE#         214
  C:99C1H         LINE#         215
  C:99C1H         LINE#         216
  -------         ENDPROC       IR_REC_CALLBACK
  -------         PROC          IR_RX_INIT
  C:BB1FH         LINE#         223
  C:BB1FH         LINE#         224
  C:BB1FH         LINE#         225
  C:BB25H         LINE#         226
  -------         ENDPROC       IR_RX_INIT
  -------         PROC          IR_RX_AVAILABLE
  C:BAB4H         LINE#         233
  C:BAB4H         LINE#         234
  C:BAB4H         LINE#         235
  C:BAB7H         LINE#         236
BL51 BANKED LINKER/LOCATER V6.22.2.0                                                  01/08/2021  13:03:49  PAGE 99


  C:BAB7H         LINE#         237
  C:BAB9H         LINE#         238
  C:BABCH         LINE#         239
  C:BABCH         LINE#         240
  C:BABEH         LINE#         241
  -------         ENDPROC       IR_RX_AVAILABLE
  -------         PROC          IR_RX_USER_CODE
  C:BB26H         LINE#         248
  C:BB26H         LINE#         249
  C:BB26H         LINE#         250
  C:BB2CH         LINE#         251
  -------         ENDPROC       IR_RX_USER_CODE
  -------         PROC          IR_RX_IRCODE
  C:BB2DH         LINE#         258
  C:BB2DH         LINE#         259
  C:BB2DH         LINE#         260
  C:BB32H         LINE#         261
  -------         ENDPROC       IR_RX_IRCODE
  -------         ENDMOD        IR

  -------         MODULE        PCF8563
  C:0000H         SYMBOL        _ICE_DUMMY_
  D:0080H         PUBLIC        P0
  D:0090H         PUBLIC        P1
  D:00A0H         PUBLIC        P2
  D:00B0H         PUBLIC        P3
  D:00C0H         PUBLIC        P4
  D:00C8H         PUBLIC        P5
  D:00E8H         PUBLIC        P6
  D:00F8H         PUBLIC        P7
  D:00A8H         PUBLIC        IE
  C:9AAEH         PUBLIC        _get_weekday
  C:AB72H         PUBLIC        _pcf8563_read_nbyte
  D:00B8H         PUBLIC        IP
  D:00D8H         PUBLIC        CCON
  C:B062H         PUBLIC        _pcf8563_write_nbyte
  C:B878H         PUBLIC        pcf8563_init
  D:0098H         PUBLIC        SCON
  D:0088H         PUBLIC        TCON
  C:9E39H         PUBLIC        _pcf8563_read_rtc
  C:97D6H         PUBLIC        _pcf8563_write_rtc
  D:00D0H         PUBLIC        PSW
  -------         PROC          _PCF8563_WRITE_NBYTE
  X:0669H         SYMBOL        addr
  X:066AH         SYMBOL        p
  X:066DH         SYMBOL        number
  C:B062H         LINE#         8
  C:B070H         LINE#         9
  C:B070H         LINE#         10
  C:B073H         LINE#         11
  C:B078H         LINE#         12
  C:B07BH         LINE#         13
  C:B083H         LINE#         14
  C:B086H         LINE#         16
  C:B086H         LINE#         17
  C:B09DH         LINE#         18
  C:B0A0H         LINE#         19
BL51 BANKED LINKER/LOCATER V6.22.2.0                                                  01/08/2021  13:03:49  PAGE 100


  C:B0A8H         LINE#         20
  -------         ENDPROC       _PCF8563_WRITE_NBYTE
  -------         PROC          _PCF8563_READ_NBYTE
  X:0672H         SYMBOL        addr
  X:0673H         SYMBOL        p
  X:0676H         SYMBOL        number
  C:AB72H         LINE#         28
  C:AB80H         LINE#         29
  C:AB80H         LINE#         30
  C:AB83H         LINE#         31
  C:AB88H         LINE#         32
  C:AB8BH         LINE#         33
  C:AB93H         LINE#         34
  C:AB96H         LINE#         36
  C:AB99H         LINE#         37
  C:AB9EH         LINE#         38
  C:ABA1H         LINE#         40
  C:ABA1H         LINE#         41
  C:ABB3H         LINE#         42
  C:ABBDH         LINE#         43
  C:ABC8H         LINE#         45
  C:ABD0H         LINE#         46
  C:ABD3H         LINE#         47
  -------         ENDPROC       _PCF8563_READ_NBYTE
  -------         PROC          PCF8563_INIT
  -------         DO            
  X:0668H         SYMBOL        vlaue
  -------         ENDDO         
  C:B878H         LINE#         55
  C:B878H         LINE#         56
  C:B878H         LINE#         57
  C:B87DH         LINE#         58
  C:B880H         LINE#         59
  -------         ENDPROC       PCF8563_INIT
  -------         PROC          _GET_WEEKDAY
  X:0911H         SYMBOL        year
  D:0005H         SYMBOL        month
  D:0003H         SYMBOL        day
  -------         DO            
  D:0002H         SYMBOL        c
  D:0082H         SYMBOL        y
  D:0002H         SYMBOL        w
  X:0913H         SYMBOL        dow
  X:0914H         SYMBOL        m
  X:0916H         SYMBOL        d
  -------         ENDDO         
  C:9AAEH         LINE#         67
  C:9AB6H         LINE#         68
  C:9AB6H         LINE#         71
  C:9AC2H         LINE#         72
  C:9ACAH         LINE#         73
  C:9AD4H         LINE#         74
  C:9AD4H         LINE#         75
  C:9AE2H         LINE#         76
  C:9AF0H         LINE#         77
  C:9AF0H         LINE#         78
  C:9B03H         LINE#         79
BL51 BANKED LINKER/LOCATER V6.22.2.0                                                  01/08/2021  13:03:49  PAGE 101


  C:9B16H         LINE#         80
  C:9B7DH         LINE#         81
  C:9B8CH         LINE#         82
  C:9B8FH         LINE#         83
  C:9B91H         LINE#         84
  C:9B93H         LINE#         85
  C:9B93H         LINE#         86
  C:9B98H         LINE#         87
  -------         ENDPROC       _GET_WEEKDAY
  -------         PROC          _PCF8563_READ_RTC
  X:0668H         SYMBOL        tim
  -------         DO            
  X:066BH         SYMBOL        tmp
  -------         ENDDO         
  C:9E39H         LINE#         94
  C:9E44H         LINE#         95
  C:9E44H         LINE#         98
  C:9E55H         LINE#         100
  C:9E79H         LINE#         101
  C:9E90H         LINE#         102
  C:9EA7H         LINE#         104
  C:9EBEH         LINE#         105
  C:9EC9H         LINE#         106
  C:9EE0H         LINE#         107
  -------         ENDPROC       _PCF8563_READ_RTC
  -------         PROC          _PCF8563_WRITE_RTC
  X:08B6H         SYMBOL        tim
  -------         DO            
  X:08B9H         SYMBOL        tmp
  -------         ENDDO         
  C:97D6H         LINE#         115
  C:97E1H         LINE#         116
  C:97E1H         LINE#         118
  C:97F4H         LINE#         120
  C:981AH         LINE#         121
  C:9835H         LINE#         122
  C:9850H         LINE#         124
  C:986BH         LINE#         125
  C:9876H         LINE#         126
  C:9891H         LINE#         127
  C:98BDH         LINE#         129
  -------         ENDPROC       _PCF8563_WRITE_RTC
  -------         ENDMOD        PCF8563

  -------         MODULE        ?C?FPADD
  C:1A6BH         PUBLIC        ?C?FPADD
  C:1A67H         PUBLIC        ?C?FPSUB
  -------         ENDMOD        ?C?FPADD

  -------         MODULE        ?C?FPMUL
  C:1B5CH         PUBLIC        ?C?FPMUL
  -------         ENDMOD        ?C?FPMUL

  -------         MODULE        ?C?FPDIV
  C:1C65H         PUBLIC        ?C?FPDIV
  -------         ENDMOD        ?C?FPDIV

BL51 BANKED LINKER/LOCATER V6.22.2.0                                                  01/08/2021  13:03:49  PAGE 102


  -------         MODULE        ?C?FPCMP
  C:1D04H         PUBLIC        ?C?FPCMP
  C:1D02H         PUBLIC        ?C?FPCMP3
  -------         ENDMOD        ?C?FPCMP

  -------         MODULE        ?C?FCAST
  C:1D85H         PUBLIC        ?C?FCASTC
  C:1D80H         PUBLIC        ?C?FCASTI
  C:1D7BH         PUBLIC        ?C?FCASTL
  -------         ENDMOD        ?C?FCAST

  -------         MODULE        ?C?CASTF
  C:1DB9H         PUBLIC        ?C?CASTF
  -------         ENDMOD        ?C?CASTF

  -------         MODULE        PRINTF
  X:0668H         PUBLIC        ?_PRINTF?BYTE
  X:0668H         PUBLIC        ?_SPRINTF?BYTE
  C:5034H         PUBLIC        _PRINTF
  C:502EH         PUBLIC        _SPRINTF
  -------         ENDMOD        PRINTF

  -------         MODULE        FABS
  C:BA79H         PUBLIC        _FABS
  -------         ENDMOD        FABS

  -------         MODULE        SQRT
  C:A120H         PUBLIC        _SQRT
  -------         ENDMOD        SQRT

  -------         MODULE        SIN
  C:8A4FH         PUBLIC        _COS
  C:8A65H         PUBLIC        _SIN
  C:8AA1H         PUBLIC        _TAN
  -------         ENDMOD        SIN

  -------         MODULE        ?C?FPROUND
  C:1E3AH         PUBLIC        ?C?FPROUND
  -------         ENDMOD        ?C?FPROUND

  -------         MODULE        ?C?FPCONVERT
  C:1E77H         PUBLIC        ?C?FPCONVERT
  -------         ENDMOD        ?C?FPCONVERT

  -------         MODULE        ?C?FTNPWR
  C:1FF9H         PUBLIC        ?C?FTNPWR
  -------         ENDMOD        ?C?FTNPWR

  -------         MODULE        ?C?COPY
  C:2109H         PUBLIC        ?C?COPY
  -------         ENDMOD        ?C?COPY

  -------         MODULE        ?C?CLDPTR
  C:212FH         PUBLIC        ?C?CLDPTR
  -------         ENDMOD        ?C?CLDPTR

  -------         MODULE        ?C?CLDOPTR
BL51 BANKED LINKER/LOCATER V6.22.2.0                                                  01/08/2021  13:03:49  PAGE 103


  C:2148H         PUBLIC        ?C?CLDOPTR
  -------         ENDMOD        ?C?CLDOPTR

  -------         MODULE        ?C?CSTPTR
  C:2175H         PUBLIC        ?C?CSTPTR
  -------         ENDMOD        ?C?CSTPTR

  -------         MODULE        ?C?CSTOPTR
  C:2187H         PUBLIC        ?C?CSTOPTR
  -------         ENDMOD        ?C?CSTOPTR

  -------         MODULE        ?C?IMUL
  C:21A9H         PUBLIC        ?C?IMUL
  -------         ENDMOD        ?C?IMUL

  -------         MODULE        ?C?UIDIV
  C:21BBH         PUBLIC        ?C?UIDIV
  -------         ENDMOD        ?C?UIDIV

  -------         MODULE        ?C?SIDIV
  C:2210H         PUBLIC        ?C?SIDIV
  -------         ENDMOD        ?C?SIDIV

  -------         MODULE        ?C?IILDX
  C:2246H         PUBLIC        ?C?IILDX
  -------         ENDMOD        ?C?IILDX

  -------         MODULE        ?C?ILDIX
  C:225CH         PUBLIC        ?C?ILDIX
  -------         ENDMOD        ?C?ILDIX

  -------         MODULE        ?C?ILDPTR
  C:2272H         PUBLIC        ?C?ILDPTR
  -------         ENDMOD        ?C?ILDPTR

  -------         MODULE        ?C?IILDPTR
  C:229DH         PUBLIC        ?C?IILDPTR
  -------         ENDMOD        ?C?IILDPTR

  -------         MODULE        ?C?ISTPTR
  C:22D5H         PUBLIC        ?C?ISTPTR
  -------         ENDMOD        ?C?ISTPTR

  -------         MODULE        ?C?ISTOPTR
  C:22F4H         PUBLIC        ?C?ISTOPTR
  -------         ENDMOD        ?C?ISTOPTR

  -------         MODULE        ?C?LMUL
  C:2321H         PUBLIC        ?C?LMUL
  -------         ENDMOD        ?C?LMUL

  -------         MODULE        ?C?ULDIV
  C:23ACH         PUBLIC        ?C?ULDIV
  -------         ENDMOD        ?C?ULDIV

  -------         MODULE        ?C?SLDIV
  C:B137H         PUBLIC        ?C?SLDIV
BL51 BANKED LINKER/LOCATER V6.22.2.0                                                  01/08/2021  13:03:49  PAGE 104


  -------         ENDMOD        ?C?SLDIV

  -------         MODULE        ?C?LNEG
  C:243EH         PUBLIC        ?C?LNEG
  -------         ENDMOD        ?C?LNEG

  -------         MODULE        ?C?ULCMP
  C:244CH         PUBLIC        ?C?ULCMP
  -------         ENDMOD        ?C?ULCMP

  -------         MODULE        ?C?ULSHR
  C:245DH         PUBLIC        ?C?ULSHR
  -------         ENDMOD        ?C?ULSHR

  -------         MODULE        ?C?LLDXDATA
  C:2470H         PUBLIC        ?C?LLDXDATA
  -------         ENDMOD        ?C?LLDXDATA

  -------         MODULE        ?C?LLDCODE
  C:247CH         PUBLIC        ?C?LLDCODE
  -------         ENDMOD        ?C?LLDCODE

  -------         MODULE        ?C?LLDXDATA0
  C:248CH         PUBLIC        ?C?LLDXDATA0
  -------         ENDMOD        ?C?LLDXDATA0

  -------         MODULE        ?C?LLDCODE0
  C:2498H         PUBLIC        ?C?LLDCODE0
  -------         ENDMOD        ?C?LLDCODE0

  -------         MODULE        ?C?LSTXDATA
  C:24A8H         PUBLIC        ?C?LSTXDATA
  -------         ENDMOD        ?C?LSTXDATA

  -------         MODULE        ?C?LSTKXDATA
  C:24B4H         PUBLIC        ?C?LSTKXDATA
  -------         ENDMOD        ?C?LSTKXDATA

  -------         MODULE        ?C?OFFXADD
  C:24E5H         PUBLIC        ?C?OFFXADD
  -------         ENDMOD        ?C?OFFXADD

  -------         MODULE        ?C?PLDIXDATA
  C:24F1H         PUBLIC        ?C?PLDIXDATA
  -------         ENDMOD        ?C?PLDIXDATA

  -------         MODULE        ?C?PSTXDATA
  C:2508H         PUBLIC        ?C?PSTXDATA
  -------         ENDMOD        ?C?PSTXDATA

  -------         MODULE        ?C?CCASE
  C:2511H         PUBLIC        ?C?CCASE
  -------         ENDMOD        ?C?CCASE

  -------         MODULE        PUTCHAR
  C:B57CH         PUBLIC        _PUTCHAR
  -------         ENDMOD        PUTCHAR
BL51 BANKED LINKER/LOCATER V6.22.2.0                                                  01/08/2021  13:03:49  PAGE 105



  -------         MODULE        RAND
  X:0970H         PUBLIC        ?SRAND?BYTE
  C:AEEDH         PUBLIC        RAND
  C:AF2BH         PUBLIC        _SRAND
  -------         ENDMOD        RAND

  -------         MODULE        STRLEN
  C:B92AH         PUBLIC        _STRLEN
  -------         ENDMOD        STRLEN

Program Size: data=15.5 xdata=2458 code=47950
LINK/LOCATE RUN COMPLETE.  0 WARNING(S),  0 ERROR(S)
